Component: ARM Compiler 5.06 update 7 (build 960) Tool: armlink [4d3601]

==============================================================================

Section Cross References

    main.o(.text) refers to rtx_kernel.o(.text) for osKernelGetState
    main.o(.text) refers to stm32f4xx_hal_rcc.o(.text) for HAL_RCC_OscConfig
    main.o(.text) refers to stm32f4xx_hal.o(.text) for HAL_GetREVID
    main.o(.text) refers to system_stm32f4xx.o(.text) for SystemCoreClockUpdate
    main.o(.text) refers to rtc.o(.text) for Init_ThRTC
    main.o(.text) refers to system_stm32f4xx.o(.data) for SystemCoreClock
    main.o(.text) refers to main.o(.data) for ticks
    http_server.o(.text) refers to adc.o(.text) for ADC_Init_Single_Conversion
    http_server.o(.text) refers to buttons_nucleo_f429zi.o(.text) for Buttons_GetState
    http_server.o(.text) refers to rtx_thread.o(.text) for osThreadFlagsSet
    http_server.o(.text) refers to lcd.o(.text) for startLCD
    http_server.o(.text) refers to leds.o(.text) for LED_SetOut
    http_server.o(.text) refers to rtx_delay.o(.text) for osDelay
    http_server.o(.text) refers to net_sys.o(i.netInitialize) for netInitialize
    http_server.o(.text) refers to http_server.o(.bss) for adchandle
    http_server.o(.text) refers to http_server.o(.data) for TID_Display
    http_server.o(.constdata) refers to http_server.o(.bss) for app_main_stk
    http_server_cgi.o(.text) refers to net_http_server.o(i.netCGI_GetEnvVar) for netCGI_GetEnvVar
    http_server_cgi.o(.text) refers to net_addr.o(i.netIP_aton) for netIP_aton
    http_server_cgi.o(.text) refers to net_sys.o(i.netIF_SetOption) for netIF_SetOption
    http_server_cgi.o(.text) refers to leds.o(.text) for LED_SetOut
    http_server_cgi.o(.text) refers to strcmp.o(.text) for strcmp
    http_server_cgi.o(.text) refers to strncmp.o(.text) for strncmp
    http_server_cgi.o(.text) refers to net_http_server.o(i.netHTTPs_LoginActive) for netHTTPs_LoginActive
    http_server_cgi.o(.text) refers to strcpy.o(.text) for strcpy
    http_server_cgi.o(.text) refers to net_http_server.o(i.netHTTPs_SetPassword) for netHTTPs_SetPassword
    http_server_cgi.o(.text) refers to rtx_thread.o(.text) for osThreadFlagsSet
    http_server_cgi.o(.text) refers to net_sys.o(i.netIF_GetOption) for netIF_GetOption
    http_server_cgi.o(.text) refers to net_addr.o(i.netIP_ntoa) for netIP_ntoa
    http_server_cgi.o(.text) refers to printfa.o(i.__0sprintf) for __2sprintf
    http_server_cgi.o(.text) refers to net_tcp.o(i.netTCP_GetState) for netTCP_GetState
    http_server_cgi.o(.text) refers to net_tcp.o(i.netTCP_GetLocalPort) for netTCP_GetLocalPort
    http_server_cgi.o(.text) refers to net_tcp.o(i.netTCP_GetPeer) for netTCP_GetPeer
    http_server_cgi.o(.text) refers to net_tcp.o(i.netTCP_GetTimer) for netTCP_GetTimer
    http_server_cgi.o(.text) refers to http_server_cgi.o(.bss) for ip_addr
    http_server_cgi.o(.text) refers to http_server_cgi.o(.data) for P2
    http_server_cgi.o(.text) refers to http_server.o(.data) for LEDrun
    http_server_cgi.o(.text) refers to http_server_cgi.o(.conststring) for .conststring
    http_server_cgi.o(.text) refers to net_http_server.o(i.netHTTPs_GetPassword) for netHTTPs_GetPassword
    http_server_cgi.o(.text) refers to net_http_server.o(i.netHTTPs_GetLanguage) for netHTTPs_GetLanguage
    http_server_cgi.o(.text) refers to http_server.o(.text) for AD_in
    http_server_cgi.o(.text) refers to ffltui.o(.text) for __aeabi_ui2f
    http_server_cgi.o(.text) refers to fmul.o(.text) for __aeabi_fmul
    http_server_cgi.o(.text) refers to f2d.o(.text) for __aeabi_f2d
    http_server_cgi.o(.text) refers to ddiv.o(.text) for __aeabi_ddiv
    web.o(.text) refers to web.o(.constdata) for imageFileTable
    leds.o(.text) refers to stm32f4xx_hal_gpio.o(.text) for HAL_GPIO_Init
    leds.o(.text) refers to stm32f4xx_hal.o(.text) for HAL_Delay
    lcd.o(.text) refers to stm32f4xx_hal_gpio.o(.text) for HAL_GPIO_WritePin
    lcd.o(.text) refers to stm32f4xx_hal_tim.o(.text) for HAL_TIM_Base_Init
    lcd.o(.text) refers to lcd.o(.bss) for buffer
    lcd.o(.text) refers to lcd.o(.data) for positionL1
    lcd.o(.text) refers to lcd.o(.constdata) for Arial12x12
    lcd.o(.text) refers to strlen.o(.text) for strlen
    lcd.o(.data) refers to spi_stm32f4xx.o(.constdata) for Driver_SPI1
    adc.o(.text) refers to memseta.o(.text) for __aeabi_memclr4
    adc.o(.text) refers to stm32f4xx_hal_gpio.o(.text) for HAL_GPIO_Init
    adc.o(.text) refers to stm32f4xx_hal_adc.o(.text) for HAL_ADC_Init
    rtc.o(.text) refers to lcd.o(.text) for cleanBuffer
    rtc.o(.text) refers to stm32f4xx_hal_rtc.o(.text) for HAL_RTC_GetTime
    rtc.o(.text) refers to printfa.o(i.__0sprintf) for __2sprintf
    rtc.o(.text) refers to stm32f4xx_hal_cortex.o(.text) for HAL_NVIC_SetPriority
    rtc.o(.text) refers to stm32f4xx_hal_rtc_ex.o(.text) for HAL_RTCEx_BKUPWrite
    rtc.o(.text) refers to leds.o(.text) for Parpadeo_5s
[...]
    EvrRtxKernelGetInfo                      0x080013d9   Thumb Code    28  rtx_evr.o(.text)
    EvrRtxKernelInfoRetrieved                0x080013f5   Thumb Code    36  rtx_evr.o(.text)
    EvrRtxKernelStart                        0x08001419   Thumb Code    16  rtx_evr.o(.text)
    EvrRtxKernelStarted                      0x08001429   Thumb Code    16  rtx_evr.o(.text)
    EvrRtxKernelLock                         0x08001439   Thumb Code    16  rtx_evr.o(.text)
    EvrRtxKernelLocked                       0x08001449   Thumb Code    18  rtx_evr.o(.text)
    EvrRtxKernelUnlock                       0x0800145b   Thumb Code    16  rtx_evr.o(.text)
    EvrRtxKernelUnlocked                     0x0800146b   Thumb Code    18  rtx_evr.o(.text)
    EvrRtxKernelRestoreLock                  0x0800147d   Thumb Code    18  rtx_evr.o(.text)
    EvrRtxKernelLockRestored                 0x0800148f   Thumb Code    18  rtx_evr.o(.text)
    EvrRtxKernelSuspend                      0x080014a1   Thumb Code    16  rtx_evr.o(.text)
    EvrRtxKernelSuspended                    0x080014b1   Thumb Code    18  rtx_evr.o(.text)
    EvrRtxKernelResume                       0x080014c3   Thumb Code    18  rtx_evr.o(.text)
    EvrRtxKernelResumed                      0x080014d5   Thumb Code    16  rtx_evr.o(.text)
    EvrRtxKernelGetTickCount                 0x080014e5   Thumb Code    18  rtx_evr.o(.text)
    EvrRtxKernelGetTickFreq                  0x080014f7   Thumb Code    18  rtx_evr.o(.text)
    EvrRtxKernelGetSysTimerCount             0x08001509   Thumb Code    18  rtx_evr.o(.text)
    EvrRtxKernelGetSysTimerFreq              0x0800151b   Thumb Code    18  rtx_evr.o(.text)
    EvrRtxKernelErrorNotify                  0x0800152d   Thumb Code    20  rtx_evr.o(.text)
    EvrRtxThreadError                        0x08001541   Thumb Code    20  rtx_evr.o(.text)
    EvrRtxThreadNew                          0x08001555   Thumb Code    26  rtx_evr.o(.text)
    EvrRtxThreadCreated                      0x0800156f   Thumb Code    36  rtx_evr.o(.text)
    EvrRtxThreadGetName                      0x08001593   Thumb Code    20  rtx_evr.o(.text)
    EvrRtxThreadGetId                        0x080015a7   Thumb Code    18  rtx_evr.o(.text)
    EvrRtxThreadGetState                     0x080015b9   Thumb Code    20  rtx_evr.o(.text)
    EvrRtxThreadGetStackSize                 0x080015cd   Thumb Code    20  rtx_evr.o(.text)
    EvrRtxThreadGetStackSpace                0x080015e1   Thumb Code    20  rtx_evr.o(.text)
    EvrRtxThreadSetPriority                  0x080015f5   Thumb Code    20  rtx_evr.o(.text)
    EvrRtxThreadPriorityUpdated              0x08001609   Thumb Code    20  rtx_evr.o(.text)
    EvrRtxThreadGetPriority                  0x0800161d   Thumb Code    20  rtx_evr.o(.text)
    EvrRtxThreadYield                        0x08001631   Thumb Code    16  rtx_evr.o(.text)
    EvrRtxThreadSuspend                      0x08001641   Thumb Code    18  rtx_evr.o(.text)
    EvrRtxThreadSuspended                    0x08001653   Thumb Code    18  rtx_evr.o(.text)
    EvrRtxThreadResume                       0x08001665   Thumb Code    18  rtx_evr.o(.text)
    EvrRtxThreadResumed                      0x08001677   Thumb Code    18  rtx_evr.o(.text)
    EvrRtxThreadDetach                       0x08001689   Thumb Code    18  rtx_evr.o(.text)
    EvrRtxThreadDetached                     0x0800169b   Thumb Code    18  rtx_evr.o(.text)
    EvrRtxThreadJoin                         0x080016ad   Thumb Code    18  rtx_evr.o(.text)
    EvrRtxThreadJoinPending                  0x080016bf   Thumb Code    18  rtx_evr.o(.text)
    EvrRtxThreadJoined                       0x080016d1   Thumb Code    18  rtx_evr.o(.text)
    EvrRtxThreadBlocked                      0x080016e3   Thumb Code    18  rtx_evr.o(.text)
    EvrRtxThreadUnblocked                    0x080016f5   Thumb Code    20  rtx_evr.o(.text)
    EvrRtxThreadPreempted                    0x08001709   Thumb Code    48  rtx_evr.o(.text)
    EvrRtxThreadSwitched                     0x08001739   Thumb Code    16  rtx_evr.o(.text)
    EvrRtxThreadExit                         0x08001749   Thumb Code    14  rtx_evr.o(.text)
    EvrRtxThreadTerminate                    0x08001757   Thumb Code    18  rtx_evr.o(.text)
    EvrRtxThreadDestroyed                    0x08001769   Thumb Code    18  rtx_evr.o(.text)
    EvrRtxThreadGetCount                     0x0800177b   Thumb Code    18  rtx_evr.o(.text)
    EvrRtxThreadEnumerate                    0x0800178d   Thumb Code    28  rtx_evr.o(.text)
    EvrRtxThreadFlagsError                   0x080017a9   Thumb Code    20  rtx_evr.o(.text)
    EvrRtxThreadFlagsSet                     0x080017bd   Thumb Code    18  rtx_evr.o(.text)
    EvrRtxThreadFlagsSetDone                 0x080017cf   Thumb Code    18  rtx_evr.o(.text)
    EvrRtxThreadFlagsClear                   0x080017e1   Thumb Code    18  rtx_evr.o(.text)
    EvrRtxThreadFlagsClearDone               0x080017f3   Thumb Code    18  rtx_evr.o(.text)
    EvrRtxThreadFlagsGet                     0x08001805   Thumb Code    18  rtx_evr.o(.text)
    EvrRtxThreadFlagsWait                    0x08001817   Thumb Code    28  rtx_evr.o(.text)
    EvrRtxThreadFlagsWaitPending             0x08001833   Thumb Code    28  rtx_evr.o(.text)
    EvrRtxThreadFlagsWaitTimeout             0x0800184f   Thumb Code    18  rtx_evr.o(.text)
    EvrRtxThreadFlagsWaitCompleted           0x08001861   Thumb Code    28  rtx_evr.o(.text)
    EvrRtxThreadFlagsWaitNotCompleted        0x0800187d   Thumb Code    20  rtx_evr.o(.text)
    EvrRtxDelayError                         0x08001891   Thumb Code    18  rtx_evr.o(.text)
    EvrRtxDelay                              0x080018a3   Thumb Code    18  rtx_evr.o(.text)
    EvrRtxDelayUntil                         0x080018b5   Thumb Code    18  rtx_evr.o(.text)
    EvrRtxDelayStarted                       0x080018c7   Thumb Code    18  rtx_evr.o(.text)
    EvrRtxDelayUntilStarted                  0x080018d9   Thumb Code    18  rtx_evr.o(.text)
    EvrRtxDelayCompleted                     0x080018eb   Thumb Code    18  rtx_evr.o(.text)
    EvrRtxTimerError                         0x080018fd   Thumb Code    20  rtx_evr.o(.text)
    EvrRtxTimerCallback                      0x08001911   Thumb Code    18  rtx_evr.o(.text)
    EvrRtxTimerNew                           0x08001923   Thumb Code    26  rtx_evr.o(.text)
    EvrRtxTimerCreated                       0x0800193d   Thumb Code    20  rtx_evr.o(.text)
    EvrRtxTimerGetName                       0x08001951   Thumb Code    20  rtx_evr.o(.text)
    EvrRtxTimerStart                         0x08001965   Thumb Code    20  rtx_evr.o(.text)
    EvrRtxTimerStarted                       0x08001979   Thumb Code    18  rtx_evr.o(.text)
    EvrRtxTimerStop                          0x0800198b   Thumb Code    18  rtx_evr.o(.text)
    EvrRtxTimerStopped                       0x0800199d   Thumb Code    18  rtx_evr.o(.text)
    EvrRtxTimerIsRunning                     0x080019af   Thumb Code    20  rtx_evr.o(.text)
    EvrRtxTimerDelete                        0x080019c3   Thumb Code    18  rtx_evr.o(.text)
    EvrRtxTimerDestroyed                     0x080019d5   Thumb Code    18  rtx_evr.o(.text)
    EvrRtxEventFlagsError                    0x080019e7   Thumb Code    20  rtx_evr.o(.text)
    EvrRtxEventFlagsNew                      0x080019fb   Thumb Code    16  rtx_evr.o(.text)
    EvrRtxEventFlagsCreated                  0x08001a0b   Thumb Code    20  rtx_evr.o(.text)
    EvrRtxEventFlagsGetName                  0x08001a1f   Thumb Code    20  rtx_evr.o(.text)
    EvrRtxEventFlagsSet                      0x08001a33   Thumb Code    20  rtx_evr.o(.text)
    EvrRtxEventFlagsSetDone                  0x08001a47   Thumb Code    20  rtx_evr.o(.text)
    EvrRtxEventFlagsClear                    0x08001a5b   Thumb Code    20  rtx_evr.o(.text)
    EvrRtxEventFlagsClearDone                0x08001a6f   Thumb Code    20  rtx_evr.o(.text)
    EvrRtxEventFlagsGet                      0x08001a83   Thumb Code    20  rtx_evr.o(.text)
    EvrRtxEventFlagsWait                     0x08001a97   Thumb Code    28  rtx_evr.o(.text)
    EvrRtxEventFlagsWaitPending              0x08001ab3   Thumb Code    28  rtx_evr.o(.text)
    EvrRtxEventFlagsWaitTimeout              0x08001acf   Thumb Code    18  rtx_evr.o(.text)
    EvrRtxEventFlagsWaitCompleted            0x08001ae1   Thumb Code    28  rtx_evr.o(.text)
    EvrRtxEventFlagsWaitNotCompleted         0x08001afd   Thumb Code    28  rtx_evr.o(.text)
    EvrRtxEventFlagsDelete                   0x08001b19   Thumb Code    48  rtx_evr.o(.text)
    EvrRtxEventFlagsDestroyed                0x08001b49   Thumb Code    16  rtx_evr.o(.text)
    EvrRtxMutexError                         0x08001b59   Thumb Code    20  rtx_evr.o(.text)
    EvrRtxMutexNew                           0x08001b6d   Thumb Code    16  rtx_evr.o(.text)
    EvrRtxMutexCreated                       0x08001b7d   Thumb Code    18  rtx_evr.o(.text)
    EvrRtxMutexGetName                       0x08001b8f   Thumb Code    20  rtx_evr.o(.text)
    EvrRtxMutexAcquire                       0x08001ba3   Thumb Code    20  rtx_evr.o(.text)
    EvrRtxMutexAcquirePending                0x08001bb7   Thumb Code    20  rtx_evr.o(.text)
    EvrRtxMutexAcquireTimeout                0x08001bcb   Thumb Code    18  rtx_evr.o(.text)
    EvrRtxMutexAcquired                      0x08001bdd   Thumb Code    20  rtx_evr.o(.text)
    EvrRtxMutexNotAcquired                   0x08001bf1   Thumb Code    18  rtx_evr.o(.text)
    EvrRtxMutexRelease                       0x08001c03   Thumb Code    18  rtx_evr.o(.text)
    EvrRtxMutexReleased                      0x08001c15   Thumb Code    20  rtx_evr.o(.text)
    EvrRtxMutexGetOwner                      0x08001c29   Thumb Code    20  rtx_evr.o(.text)
    EvrRtxMutexDelete                        0x08001c3d   Thumb Code    18  rtx_evr.o(.text)
    EvrRtxMutexDestroyed                     0x08001c4f   Thumb Code    18  rtx_evr.o(.text)
    EvrRtxSemaphoreError                     0x08001c61   Thumb Code    20  rtx_evr.o(.text)
    EvrRtxSemaphoreNew                       0x08001c75   Thumb Code    26  rtx_evr.o(.text)
    EvrRtxSemaphoreCreated                   0x08001c8f   Thumb Code    18  rtx_evr.o(.text)
    EvrRtxSemaphoreGetName                   0x08001ca1   Thumb Code    20  rtx_evr.o(.text)
    EvrRtxSemaphoreAcquire                   0x08001cb5   Thumb Code    20  rtx_evr.o(.text)
    EvrRtxSemaphoreAcquirePending            0x08001cc9   Thumb Code    20  rtx_evr.o(.text)
    EvrRtxSemaphoreAcquireTimeout            0x08001cdd   Thumb Code    18  rtx_evr.o(.text)
    EvrRtxSemaphoreAcquired                  0x08001cef   Thumb Code    20  rtx_evr.o(.text)
    EvrRtxSemaphoreNotAcquired               0x08001d03   Thumb Code    18  rtx_evr.o(.text)
    EvrRtxSemaphoreRelease                   0x08001d15   Thumb Code    18  rtx_evr.o(.text)
    EvrRtxSemaphoreReleased                  0x08001d27   Thumb Code    20  rtx_evr.o(.text)
    EvrRtxSemaphoreGetCount                  0x08001d3b   Thumb Code    20  rtx_evr.o(.text)
    EvrRtxSemaphoreDelete                    0x08001d4f   Thumb Code    18  rtx_evr.o(.text)
    EvrRtxSemaphoreDestroyed                 0x08001d61   Thumb Code    18  rtx_evr.o(.text)
    EvrRtxMemoryPoolError                    0x08001d73   Thumb Code    20  rtx_evr.o(.text)
    EvrRtxMemoryPoolNew                      0x08001d87   Thumb Code    26  rtx_evr.o(.text)
    EvrRtxMemoryPoolCreated                  0x08001da1   Thumb Code    18  rtx_evr.o(.text)
    EvrRtxMemoryPoolGetName                  0x08001db3   Thumb Code    20  rtx_evr.o(.text)
    EvrRtxMemoryPoolAlloc                    0x08001dc7   Thumb Code    20  rtx_evr.o(.text)
    EvrRtxMemoryPoolAllocPending             0x08001ddb   Thumb Code    20  rtx_evr.o(.text)
    EvrRtxMemoryPoolAllocTimeout             0x08001def   Thumb Code    18  rtx_evr.o(.text)
    EvrRtxMemoryPoolAllocated                0x08001e01   Thumb Code    20  rtx_evr.o(.text)
    EvrRtxMemoryPoolAllocFailed              0x08001e15   Thumb Code    18  rtx_evr.o(.text)
    EvrRtxMemoryPoolFree                     0x08001e27   Thumb Code    20  rtx_evr.o(.text)
    EvrRtxMemoryPoolDeallocated              0x08001e3b   Thumb Code    20  rtx_evr.o(.text)
    EvrRtxMemoryPoolFreeFailed               0x08001e4f   Thumb Code    20  rtx_evr.o(.text)
    EvrRtxMemoryPoolGetCapacity              0x08001e63   Thumb Code    20  rtx_evr.o(.text)
    EvrRtxMemoryPoolGetBlockSize             0x08001e77   Thumb Code    20  rtx_evr.o(.text)
    EvrRtxMemoryPoolGetCount                 0x08001e8b   Thumb Code    20  rtx_evr.o(.text)
    EvrRtxMemoryPoolGetSpace                 0x08001e9f   Thumb Code    20  rtx_evr.o(.text)
    EvrRtxMemoryPoolDelete                   0x08001eb3   Thumb Code    18  rtx_evr.o(.text)
    EvrRtxMemoryPoolDestroyed                0x08001ec5   Thumb Code    18  rtx_evr.o(.text)
    EvrRtxMessageQueueError                  0x08001ed7   Thumb Code    20  rtx_evr.o(.text)
    EvrRtxMessageQueueNew                    0x08001eeb   Thumb Code    26  rtx_evr.o(.text)
    EvrRtxMessageQueueCreated                0x08001f05   Thumb Code    18  rtx_evr.o(.text)
    EvrRtxMessageQueueGetName                0x08001f17   Thumb Code    20  rtx_evr.o(.text)
    EvrRtxMessageQueuePut                    0x08001f2b   Thumb Code    66  rtx_evr.o(.text)
    EvrRtxMessageQueuePutPending             0x08001f6d   Thumb Code    26  rtx_evr.o(.text)
    EvrRtxMessageQueuePutTimeout             0x08001f87   Thumb Code    18  rtx_evr.o(.text)
    EvrRtxMessageQueueInsertPending          0x08001f99   Thumb Code    20  rtx_evr.o(.text)
    EvrRtxMessageQueueInserted               0x08001fad   Thumb Code    20  rtx_evr.o(.text)
    EvrRtxMessageQueueNotInserted            0x08001fc1   Thumb Code    20  rtx_evr.o(.text)
    EvrRtxMessageQueueGet                    0x08001fd5   Thumb Code    26  rtx_evr.o(.text)
    EvrRtxMessageQueueGetPending             0x08001fef   Thumb Code    28  rtx_evr.o(.text)
    EvrRtxMessageQueueGetTimeout             0x0800200b   Thumb Code    18  rtx_evr.o(.text)
    EvrRtxMessageQueueRetrieved              0x0800201d   Thumb Code    20  rtx_evr.o(.text)
    EvrRtxMessageQueueNotRetrieved           0x08002031   Thumb Code    20  rtx_evr.o(.text)
    EvrRtxMessageQueueGetCapacity            0x08002045   Thumb Code    20  rtx_evr.o(.text)
    EvrRtxMessageQueueGetMsgSize             0x08002059   Thumb Code    20  rtx_evr.o(.text)
    EvrRtxMessageQueueGetCount               0x0800206d   Thumb Code    20  rtx_evr.o(.text)
    EvrRtxMessageQueueGetSpace               0x08002081   Thumb Code    20  rtx_evr.o(.text)
    EvrRtxMessageQueueReset                  0x08002095   Thumb Code    18  rtx_evr.o(.text)
    EvrRtxMessageQueueResetDone              0x080020a7   Thumb Code    18  rtx_evr.o(.text)
    EvrRtxMessageQueueDelete                 0x080020b9   Thumb Code    18  rtx_evr.o(.text)
    EvrRtxMessageQueueDestroyed              0x080020cb   Thumb Code    18  rtx_evr.o(.text)
    osRtxKernelErrorNotify                   0x080026ad   Thumb Code    24  rtx_kernel.o(.text)
    osKernelInitialize                       0x080026c5   Thumb Code    52  rtx_kernel.o(.text)
    osKernelGetInfo                          0x080026f9   Thumb Code    76  rtx_kernel.o(.text)
    osKernelGetState                         0x08002745   Thumb Code    44  rtx_kernel.o(.text)
    osKernelStart                            0x08002771   Thumb Code    48  rtx_kernel.o(.text)
    osKernelLock                             0x080027a1   Thumb Code    48  rtx_kernel.o(.text)
    osKernelUnlock                           0x080027d1   Thumb Code    48  rtx_kernel.o(.text)
    osKernelRestoreLock                      0x08002801   Thumb Code    54  rtx_kernel.o(.text)
    osKernelSuspend                          0x08002837   Thumb Code    46  rtx_kernel.o(.text)
    osKernelResume                           0x08002865   Thumb Code    48  rtx_kernel.o(.text)
    osKernelGetTickCount                     0x08002895   Thumb Code    38  rtx_kernel.o(.text)
    osKernelGetTickFreq                      0x080028bb   Thumb Code    38  rtx_kernel.o(.text)
    osKernelGetSysTimerCount                 0x080028e1   Thumb Code    92  rtx_kernel.o(.text)
    osKernelGetSysTimerFreq                  0x0800293d   Thumb Code    38  rtx_kernel.o(.text)
    osRtxKernelPreInit                       0x08002995   Thumb Code    24  rtx_lib.o(.text)
    osRtxMemoryInit                          0x080029ad   Thumb Code   106  rtx_memory.o(.text)
    osRtxMemoryAlloc                         0x08002a17   Thumb Code   238  rtx_memory.o(.text)
    osRtxMemoryFree                          0x08002b05   Thumb Code   124  rtx_memory.o(.text)
    osRtxMemoryPoolInit                      0x08002ba5   Thumb Code    88  rtx_mempool.o(.text)
    osRtxMemoryPoolAlloc                     0x08002bfd   Thumb Code    48  rtx_mempool.o(.text)
    osRtxMemoryPoolFree                      0x08002c2d   Thumb Code    68  rtx_mempool.o(.text)
    osMemoryPoolNew                          0x08003085   Thumb Code    70  rtx_mempool.o(.text)
    osMemoryPoolGetName                      0x080030cb   Thumb Code    46  rtx_mempool.o(.text)
    osMemoryPoolAlloc                        0x080030f9   Thumb Code   144  rtx_mempool.o(.text)
    osMemoryPoolFree                         0x08003189   Thumb Code    58  rtx_mempool.o(.text)
    osMemoryPoolGetCapacity                  0x080031c3   Thumb Code    44  rtx_mempool.o(.text)
    osMemoryPoolGetBlockSize                 0x080031ef   Thumb Code    44  rtx_mempool.o(.text)
    osMemoryPoolGetCount                     0x0800321b   Thumb Code    44  rtx_mempool.o(.text)
    osMemoryPoolGetSpace                     0x08003247   Thumb Code    44  rtx_mempool.o(.text)
    osMemoryPoolDelete                       0x08003273   Thumb Code    56  rtx_mempool.o(.text)
    osRtxMessageQueueTimerSetup              0x08003b1b   Thumb Code    36  rtx_msgqueue.o(.text)
    osMessageQueueNew                        0x08003b3f   Thumb Code    70  rtx_msgqueue.o(.text)
    osMessageQueueGetName                    0x08003b85   Thumb Code    46  rtx_msgqueue.o(.text)
    osMessageQueuePut                        0x08003bb3   Thumb Code    78  rtx_msgqueue.o(.text)
    osMessageQueueGet                        0x08003c01   Thumb Code    78  rtx_msgqueue.o(.text)
    osMessageQueueGetCapacity                0x08003c4f   Thumb Code    44  rtx_msgqueue.o(.text)
    osMessageQueueGetMsgSize                 0x08003c7b   Thumb Code    44  rtx_msgqueue.o(.text)
    osMessageQueueGetCount                   0x08003ca7   Thumb Code    44  rtx_msgqueue.o(.text)
    osMessageQueueGetSpace                   0x08003cd3   Thumb Code    44  rtx_msgqueue.o(.text)
    osMessageQueueReset                      0x08003cff   Thumb Code    56  rtx_msgqueue.o(.text)
    osMessageQueueDelete                     0x08003d37   Thumb Code    56  rtx_msgqueue.o(.text)
    osRtxMutexOwnerRelease                   0x08003ed1   Thumb Code   102  rtx_mutex.o(.text)
    osRtxMutexOwnerRestore                   0x08003f37   Thumb Code    88  rtx_mutex.o(.text)
    osMutexNew                               0x0800438f   Thumb Code    62  rtx_mutex.o(.text)
    osMutexGetName                           0x080043cd   Thumb Code    46  rtx_mutex.o(.text)
    osMutexAcquire                           0x080043fb   Thumb Code    62  rtx_mutex.o(.text)
    osMutexRelease                           0x08004439   Thumb Code    56  rtx_mutex.o(.text)
    osMutexGetOwner                          0x08004471   Thumb Code    46  rtx_mutex.o(.text)
    osMutexDelete                            0x0800449f   Thumb Code    56  rtx_mutex.o(.text)
    osRtxTick_Handler                        0x08004563   Thumb Code   152  rtx_system.o(.text)
    osRtxPendSV_Handler                      0x080045fb   Thumb Code   130  rtx_system.o(.text)
    osRtxPostProcess                         0x0800467d   Thumb Code    50  rtx_system.o(.text)
    osRtxThreadListPut                       0x08004753   Thumb Code    44  rtx_thread.o(.text)
    osRtxThreadListGet                       0x0800477f   Thumb Code    26  rtx_thread.o(.text)
    osRtxThreadListRemove                    0x080047a9   Thumb Code    26  rtx_thread.o(.text)
    osRtxThreadListSort                      0x080047c3   Thumb Code    42  rtx_thread.o(.text)
    osRtxThreadReadyPut                      0x0800480d   Thumb Code    18  rtx_thread.o(.text)
    osRtxThreadRegPtr                        0x080048e7   Thumb Code    14  rtx_thread.o(.text)
    osRtxThreadDelayTick                     0x080048f5   Thumb Code   302  rtx_thread.o(.text)
    osRtxThreadSwitch                        0x08004a5d   Thumb Code    22  rtx_thread.o(.text)
    osRtxThreadDispatch                      0x08004a73   Thumb Code   104  rtx_thread.o(.text)
    osRtxThreadWaitExit                      0x08004adb   Thumb Code    54  rtx_thread.o(.text)
    osRtxThreadWaitEnter                     0x08004b11   Thumb Code    72  rtx_thread.o(.text)
    osRtxThreadStackCheck                    0x08004b59   Thumb Code    28  rtx_thread.o(.text)
    osThreadExit                             0x08004cd9   Thumb Code    28  rtx_thread.o(.text)
    osRtxThreadStartup                       0x080056cb   Thumb Code    82  rtx_thread.o(.text)
    osThreadNew                              0x0800571d   Thumb Code    70  rtx_thread.o(.text)
    osThreadGetName                          0x08005763   Thumb Code    46  rtx_thread.o(.text)
    osThreadGetId                            0x08005791   Thumb Code    38  rtx_thread.o(.text)
    osThreadGetState                         0x080057b7   Thumb Code    50  rtx_thread.o(.text)
    osThreadGetStackSize                     0x080057e9   Thumb Code    46  rtx_thread.o(.text)
    osThreadGetStackSpace                    0x08005817   Thumb Code    80  rtx_thread.o(.text)
    osThreadSetPriority                      0x08005867   Thumb Code    62  rtx_thread.o(.text)
    osThreadGetPriority                      0x080058a5   Thumb Code    50  rtx_thread.o(.text)
    osThreadYield                            0x080058d7   Thumb Code    50  rtx_thread.o(.text)
    osThreadSuspend                          0x08005909   Thumb Code    56  rtx_thread.o(.text)
    osThreadResume                           0x08005941   Thumb Code    56  rtx_thread.o(.text)
    osThreadDetach                           0x08005979   Thumb Code    56  rtx_thread.o(.text)
    osThreadJoin                             0x080059b1   Thumb Code    56  rtx_thread.o(.text)
    osThreadTerminate                        0x080059e9   Thumb Code    56  rtx_thread.o(.text)
    osThreadGetCount                         0x08005a21   Thumb Code    40  rtx_thread.o(.text)
    osThreadEnumerate                        0x08005a49   Thumb Code    52  rtx_thread.o(.text)
    osThreadFlagsSet                         0x08005a7d   Thumb Code    58  rtx_thread.o(.text)
    osThreadFlagsClear                       0x08005ab7   Thumb Code    56  rtx_thread.o(.text)
    osThreadFlagsGet                         0x08005aef   Thumb Code    40  rtx_thread.o(.text)
    osThreadFlagsWait                        0x08005b17   Thumb Code    72  rtx_thread.o(.text)
    osRtxTimerSetup                          0x08005d3d   Thumb Code    24  rtx_timer.o(.text)
    osRtxTimerThread                         0x08005d55   Thumb Code    44  rtx_timer.o(.text)
    osTimerNew                               0x08005fcd   Thumb Code    76  rtx_timer.o(.text)
    osTimerGetName                           0x08006019   Thumb Code    58  rtx_timer.o(.text)
    osTimerStart                             0x08006053   Thumb Code    62  rtx_timer.o(.text)
    osTimerStop                              0x08006091   Thumb Code    56  rtx_timer.o(.text)
    osTimerIsRunning                         0x080060c9   Thumb Code    46  rtx_timer.o(.text)
    osTimerDelete                            0x080060f7   Thumb Code    56  rtx_timer.o(.text)
    OS_Tick_Setup                            0x0800615d   Thumb Code    66  os_systick.o(.text)
    OS_Tick_Enable                           0x0800619f   Thumb Code    40  os_systick.o(.text)
    OS_Tick_Disable                          0x080061c7   Thumb Code    46  os_systick.o(.text)
    OS_Tick_AcknowledgeIRQ                   0x080061f5   Thumb Code     8  os_systick.o(.text)
    OS_Tick_GetIRQn                          0x080061fd   Thumb Code     6  os_systick.o(.text)
    OS_Tick_GetClock                         0x08006203   Thumb Code     6  os_systick.o(.text)
    OS_Tick_GetInterval                      0x08006209   Thumb Code    10  os_systick.o(.text)
    OS_Tick_GetCount                         0x08006213   Thumb Code    12  os_systick.o(.text)
    OS_Tick_GetOverflow                      0x0800621f   Thumb Code    12  os_systick.o(.text)
    osRtxIdleThread                          0x08006239   Thumb Code     4  rtx_config.o(.text)
    osRtxErrorNotify                         0x0800623d   Thumb Code    32  rtx_config.o(.text)
    ETH_IRQHandler                           0x08006f11   Thumb Code    72  emac_stm32f4xx.o(.text)
    SPI1_IRQHandler                          0x08007f6f   Thumb Code    10  spi_stm32f4xx.o(.text)
    EventRecorderTimerGetCount               0x0800804b   Thumb Code     6  eventrecorder.o(.text)
    EventRecorderTimerSetup                  0x08008109   Thumb Code    28  eventrecorder.o(.text)
    EventRecorderTimerGetFreq                0x08008125   Thumb Code     6  eventrecorder.o(.text)
    EventRecorderStart                       0x0800812b   Thumb Code    44  eventrecorder.o(.text)
    EventRecorderEnable                      0x08008157   Thumb Code    88  eventrecorder.o(.text)
    EventRecorderInitialize                  0x080081af   Thumb Code   304  eventrecorder.o(.text)
    EventRecorderDisable                     0x080082df   Thumb Code    88  eventrecorder.o(.text)
    EventRecorderStop                        0x08008337   Thumb Code    46  eventrecorder.o(.text)
    EventRecorderClockUpdate                 0x08008365   Thumb Code    80  eventrecorder.o(.text)
    EventRecordData                          0x080083b5   Thumb Code   278  eventrecorder.o(.text)
    EventRecord2                             0x080084cb   Thumb Code    70  eventrecorder.o(.text)
    EventRecord4                             0x08008511   Thumb Code   118  eventrecorder.o(.text)
    HAL_MspInit                              0x08008595   Thumb Code     2  stm32f4xx_hal.o(.text)
    HAL_InitTick                             0x08008597   Thumb Code    64  stm32f4xx_hal.o(.text)
    HAL_Init                                 0x080085d7   Thumb Code    44  stm32f4xx_hal.o(.text)
    HAL_MspDeInit                            0x08008603   Thumb Code     2  stm32f4xx_hal.o(.text)
    HAL_DeInit                               0x08008605   Thumb Code    64  stm32f4xx_hal.o(.text)
    HAL_IncTick                              0x08008645   Thumb Code    16  stm32f4xx_hal.o(.text)
    HAL_GetTickPrio                          0x0800865b   Thumb Code     6  stm32f4xx_hal.o(.text)
    HAL_SetTickFreq                          0x08008661   Thumb Code    40  stm32f4xx_hal.o(.text)
    HAL_GetTickFreq                          0x08008689   Thumb Code     6  stm32f4xx_hal.o(.text)
    HAL_Delay                                0x0800868f   Thumb Code    36  stm32f4xx_hal.o(.text)
    HAL_SuspendTick                          0x080086b3   Thumb Code    18  stm32f4xx_hal.o(.text)
    HAL_ResumeTick                           0x080086c5   Thumb Code    18  stm32f4xx_hal.o(.text)
    HAL_GetHalVersion                        0x080086d7   Thumb Code     4  stm32f4xx_hal.o(.text)
    HAL_GetREVID                             0x080086db   Thumb Code     8  stm32f4xx_hal.o(.text)
    HAL_GetDEVID                             0x080086e3   Thumb Code    10  stm32f4xx_hal.o(.text)
    HAL_DBGMCU_EnableDBGSleepMode            0x080086ed   Thumb Code    14  stm32f4xx_hal.o(.text)
    HAL_DBGMCU_DisableDBGSleepMode           0x080086fb   Thumb Code    14  stm32f4xx_hal.o(.text)
    HAL_DBGMCU_EnableDBGStopMode             0x08008709   Thumb Code    14  stm32f4xx_hal.o(.text)
    HAL_DBGMCU_DisableDBGStopMode            0x08008717   Thumb Code    14  stm32f4xx_hal.o(.text)
    HAL_DBGMCU_EnableDBGStandbyMode          0x08008725   Thumb Code    14  stm32f4xx_hal.o(.text)
    HAL_DBGMCU_DisableDBGStandbyMode         0x08008733   Thumb Code    14  stm32f4xx_hal.o(.text)
    HAL_EnableCompensationCell               0x08008741   Thumb Code     8  stm32f4xx_hal.o(.text)
    HAL_DisableCompensationCell              0x08008749   Thumb Code     8  stm32f4xx_hal.o(.text)
    HAL_GetUIDw0                             0x08008751   Thumb Code     6  stm32f4xx_hal.o(.text)
    HAL_GetUIDw1                             0x08008757   Thumb Code     8  stm32f4xx_hal.o(.text)
    HAL_GetUIDw2                             0x0800875f   Thumb Code     8  stm32f4xx_hal.o(.text)
    HAL_EnableMemorySwappingBank             0x08008767   Thumb Code     8  stm32f4xx_hal.o(.text)
    HAL_DisableMemorySwappingBank            0x0800876f   Thumb Code     8  stm32f4xx_hal.o(.text)
    HAL_NVIC_SetPriorityGrouping             0x080087c5   Thumb Code    36  stm32f4xx_hal_cortex.o(.text)
    HAL_NVIC_SetPriority                     0x080087e9   Thumb Code   124  stm32f4xx_hal_cortex.o(.text)
    HAL_NVIC_EnableIRQ                       0x08008865   Thumb Code    40  stm32f4xx_hal_cortex.o(.text)
    HAL_NVIC_DisableIRQ                      0x0800888d   Thumb Code    38  stm32f4xx_hal_cortex.o(.text)
    HAL_NVIC_SystemReset                     0x080088b3   Thumb Code    40  stm32f4xx_hal_cortex.o(.text)
    HAL_SYSTICK_Config                       0x080088db   Thumb Code    52  stm32f4xx_hal_cortex.o(.text)
    HAL_MPU_Disable                          0x0800890f   Thumb Code    30  stm32f4xx_hal_cortex.o(.text)
    HAL_MPU_Enable                           0x0800892d   Thumb Code    36  stm32f4xx_hal_cortex.o(.text)
    HAL_MPU_ConfigRegion                     0x08008951   Thumb Code    90  stm32f4xx_hal_cortex.o(.text)
    HAL_NVIC_GetPriorityGrouping             0x080089ab   Thumb Code     8  stm32f4xx_hal_cortex.o(.text)
    HAL_NVIC_GetPriority                     0x080089b3   Thumb Code   138  stm32f4xx_hal_cortex.o(.text)
    HAL_NVIC_SetPendingIRQ                   0x08008a3d   Thumb Code    32  stm32f4xx_hal_cortex.o(.text)
    HAL_NVIC_GetPendingIRQ                   0x08008a5d   Thumb Code    46  stm32f4xx_hal_cortex.o(.text)
    HAL_NVIC_ClearPendingIRQ                 0x08008a8b   Thumb Code    30  stm32f4xx_hal_cortex.o(.text)
    HAL_NVIC_GetActive                       0x08008aa9   Thumb Code    46  stm32f4xx_hal_cortex.o(.text)
    HAL_SYSTICK_CLKSourceConfig              0x08008ad7   Thumb Code    40  stm32f4xx_hal_cortex.o(.text)
    HAL_SYSTICK_Callback                     0x08008aff   Thumb Code     2  stm32f4xx_hal_cortex.o(.text)
    HAL_SYSTICK_IRQHandler                   0x08008b01   Thumb Code     8  stm32f4xx_hal_cortex.o(.text)
    HAL_DMA_Init                             0x08008c01   Thumb Code   232  stm32f4xx_hal_dma.o(.text)
    HAL_DMA_DeInit                           0x08008ce9   Thumb Code   112  stm32f4xx_hal_dma.o(.text)
    HAL_DMA_Start                            0x08008d85   Thumb Code   102  stm32f4xx_hal_dma.o(.text)
    HAL_DMA_Start_IT                         0x08008deb   Thumb Code   146  stm32f4xx_hal_dma.o(.text)
    HAL_DMA_Abort                            0x08008e7d   Thumb Code   180  stm32f4xx_hal_dma.o(.text)
    HAL_DMA_Abort_IT                         0x08008f31   Thumb Code    40  stm32f4xx_hal_dma.o(.text)
    HAL_DMA_PollForTransfer                  0x08008f59   Thumb Code   346  stm32f4xx_hal_dma.o(.text)
    HAL_DMA_IRQHandler                       0x080090b3   Thumb Code   570  stm32f4xx_hal_dma.o(.text)
    HAL_DMA_RegisterCallback                 0x080092ed   Thumb Code    94  stm32f4xx_hal_dma.o(.text)
    HAL_DMA_UnRegisterCallback               0x0800934b   Thumb Code   124  stm32f4xx_hal_dma.o(.text)
    HAL_DMA_GetState                         0x080093c7   Thumb Code     8  stm32f4xx_hal_dma.o(.text)
    HAL_DMA_GetError                         0x080093cf   Thumb Code     6  stm32f4xx_hal_dma.o(.text)
    HAL_GPIO_Init                            0x080093d9   Thumb Code   486  stm32f4xx_hal_gpio.o(.text)
    HAL_GPIO_DeInit                          0x080095bf   Thumb Code   336  stm32f4xx_hal_gpio.o(.text)
    HAL_GPIO_ReadPin                         0x0800970f   Thumb Code    16  stm32f4xx_hal_gpio.o(.text)
    HAL_GPIO_WritePin                        0x0800971f   Thumb Code    12  stm32f4xx_hal_gpio.o(.text)
    HAL_GPIO_TogglePin                       0x0800972b   Thumb Code    18  stm32f4xx_hal_gpio.o(.text)
    HAL_GPIO_LockPin                         0x0800973d   Thumb Code    46  stm32f4xx_hal_gpio.o(.text)
    HAL_GPIO_EXTI_Callback                   0x0800976b   Thumb Code     2  stm32f4xx_hal_gpio.o(.text)
    HAL_GPIO_EXTI_IRQHandler                 0x0800976d   Thumb Code    28  stm32f4xx_hal_gpio.o(.text)
    HAL_PWR_DeInit                           0x080097bd   Thumb Code    24  stm32f4xx_hal_pwr.o(.text)
    HAL_PWR_EnableBkUpAccess                 0x080097d5   Thumb Code     8  stm32f4xx_hal_pwr.o(.text)
    HAL_PWR_DisableBkUpAccess                0x080097dd   Thumb Code     8  stm32f4xx_hal_pwr.o(.text)
    HAL_PWR_ConfigPVD                        0x080097e5   Thumb Code   172  stm32f4xx_hal_pwr.o(.text)
    HAL_PWR_EnablePVD                        0x08009891   Thumb Code     8  stm32f4xx_hal_pwr.o(.text)
    HAL_PWR_DisablePVD                       0x08009899   Thumb Code     8  stm32f4xx_hal_pwr.o(.text)
    HAL_PWR_EnableWakeUpPin                  0x080098a1   Thumb Code    12  stm32f4xx_hal_pwr.o(.text)
    HAL_PWR_DisableWakeUpPin                 0x080098ad   Thumb Code    12  stm32f4xx_hal_pwr.o(.text)
    HAL_PWR_EnterSLEEPMode                   0x080098b9   Thumb Code    28  stm32f4xx_hal_pwr.o(.text)
    HAL_PWR_EnterSTOPMode                    0x080098d5   Thumb Code    54  stm32f4xx_hal_pwr.o(.text)
    HAL_PWR_EnterSTANDBYMode                 0x0800990b   Thumb Code    32  stm32f4xx_hal_pwr.o(.text)
    HAL_PWR_PVDCallback                      0x0800992b   Thumb Code     2  stm32f4xx_hal_pwr.o(.text)
    HAL_PWR_PVD_IRQHandler                   0x0800992d   Thumb Code    30  stm32f4xx_hal_pwr.o(.text)
    HAL_PWR_EnableSleepOnExit                0x0800994b   Thumb Code    14  stm32f4xx_hal_pwr.o(.text)
    HAL_PWR_DisableSleepOnExit               0x08009959   Thumb Code    14  stm32f4xx_hal_pwr.o(.text)
    HAL_PWR_EnableSEVOnPend                  0x08009967   Thumb Code    14  stm32f4xx_hal_pwr.o(.text)
    HAL_PWR_DisableSEVOnPend                 0x08009975   Thumb Code    14  stm32f4xx_hal_pwr.o(.text)
    HAL_RCC_OscConfig                        0x0800999d   Thumb Code  1152  stm32f4xx_hal_rcc.o(.text)
    HAL_RCC_GetSysClockFreq                  0x08009e1d   Thumb Code   164  stm32f4xx_hal_rcc.o(.text)
    HAL_RCC_ClockConfig                      0x08009ec1   Thumb Code   390  stm32f4xx_hal_rcc.o(.text)
    HAL_RCC_MCOConfig                        0x0800a047   Thumb Code   186  stm32f4xx_hal_rcc.o(.text)
    HAL_RCC_EnableCSS                        0x0800a101   Thumb Code     8  stm32f4xx_hal_rcc.o(.text)
    HAL_RCC_DisableCSS                       0x0800a109   Thumb Code     8  stm32f4xx_hal_rcc.o(.text)
    HAL_RCC_GetHCLKFreq                      0x0800a111   Thumb Code     6  stm32f4xx_hal_rcc.o(.text)
    HAL_RCC_GetPCLK1Freq                     0x0800a117   Thumb Code    24  stm32f4xx_hal_rcc.o(.text)
    HAL_RCC_GetPCLK2Freq                     0x0800a12f   Thumb Code    24  stm32f4xx_hal_rcc.o(.text)
    HAL_RCC_GetOscConfig                     0x0800a147   Thumb Code   284  stm32f4xx_hal_rcc.o(.text)
    HAL_RCC_GetClockConfig                   0x0800a263   Thumb Code    66  stm32f4xx_hal_rcc.o(.text)
    HAL_RCC_CSSCallback                      0x0800a2a5   Thumb Code     2  stm32f4xx_hal_rcc.o(.text)
    HAL_RCC_NMI_IRQHandler                   0x0800a2a7   Thumb Code    30  stm32f4xx_hal_rcc.o(.text)
    HAL_RCCEx_PeriphCLKConfig                0x0800a2cd   Thumb Code   746  stm32f4xx_hal_rcc_ex.o(.text)
    HAL_RCCEx_GetPeriphCLKConfig             0x0800a5b7   Thumb Code   164  stm32f4xx_hal_rcc_ex.o(.text)
    HAL_RCCEx_GetPeriphCLKFreq               0x0800a65b   Thumb Code   166  stm32f4xx_hal_rcc_ex.o(.text)
    HAL_RCCEx_EnablePLLI2S                   0x0800a701   Thumb Code   110  stm32f4xx_hal_rcc_ex.o(.text)
    HAL_RCCEx_DisablePLLI2S                  0x0800a76f   Thumb Code    46  stm32f4xx_hal_rcc_ex.o(.text)
    HAL_RCCEx_EnablePLLSAI                   0x0800a79d   Thumb Code   110  stm32f4xx_hal_rcc_ex.o(.text)
    HAL_RCCEx_DisablePLLSAI                  0x0800a80b   Thumb Code    46  stm32f4xx_hal_rcc_ex.o(.text)
    HAL_RCC_DeInit                           0x0800a839   Thumb Code   428  stm32f4xx_hal_rcc_ex.o(.text)
    HAL_RTC_WaitForSynchro                   0x0800aa01   Thumb Code    58  stm32f4xx_hal_rtc.o(.text)
    RTC_EnterInitMode                        0x0800aa3b   Thumb Code    62  stm32f4xx_hal_rtc.o(.text)
    HAL_RTC_Init                             0x0800aa7b   Thumb Code   212  stm32f4xx_hal_rtc.o(.text)
    HAL_RTC_DeInit                           0x0800ab51   Thumb Code   254  stm32f4xx_hal_rtc.o(.text)
    RTC_ByteToBcd2                           0x0800ac4f   Thumb Code    26  stm32f4xx_hal_rtc.o(.text)
    HAL_RTC_SetTime                          0x0800ac69   Thumb Code   296  stm32f4xx_hal_rtc.o(.text)
    RTC_Bcd2ToByte                           0x0800ad91   Thumb Code    22  stm32f4xx_hal_rtc.o(.text)
    HAL_RTC_GetTime                          0x0800ada7   Thumb Code    92  stm32f4xx_hal_rtc.o(.text)
    HAL_RTC_SetDate                          0x0800ae03   Thumb Code   268  stm32f4xx_hal_rtc.o(.text)
    HAL_RTC_GetDate                          0x0800af0f   Thumb Code    72  stm32f4xx_hal_rtc.o(.text)
    HAL_RTC_SetAlarm                         0x0800af57   Thumb Code   460  stm32f4xx_hal_rtc.o(.text)
    HAL_RTC_SetAlarm_IT                      0x0800b123   Thumb Code   522  stm32f4xx_hal_rtc.o(.text)
    HAL_RTC_DeactivateAlarm                  0x0800b32d   Thumb Code   244  stm32f4xx_hal_rtc.o(.text)
    HAL_RTC_GetAlarm                         0x0800b421   Thumb Code   154  stm32f4xx_hal_rtc.o(.text)
    HAL_RTC_AlarmIRQHandler                  0x0800b4bd   Thumb Code   104  stm32f4xx_hal_rtc.o(.text)
    HAL_RTC_PollForAlarmAEvent               0x0800b525   Thumb Code    74  stm32f4xx_hal_rtc.o(.text)
    HAL_RTC_GetState                         0x0800b56f   Thumb Code     6  stm32f4xx_hal_rtc.o(.text)
    HAL_RTCEx_SetTimeStamp                   0x0800b579   Thumb Code   122  stm32f4xx_hal_rtc_ex.o(.text)
    HAL_RTCEx_SetTimeStamp_IT                0x0800b5f3   Thumb Code   178  stm32f4xx_hal_rtc_ex.o(.text)
    HAL_RTCEx_DeactivateTimeStamp            0x0800b6a5   Thumb Code    96  stm32f4xx_hal_rtc_ex.o(.text)
    HAL_RTCEx_GetTimeStamp                   0x0800b705   Thumb Code   166  stm32f4xx_hal_rtc_ex.o(.text)
    HAL_RTCEx_SetTamper                      0x0800b7ab   Thumb Code   124  stm32f4xx_hal_rtc_ex.o(.text)
    HAL_RTCEx_SetTamper_IT                   0x0800b827   Thumb Code   200  stm32f4xx_hal_rtc_ex.o(.text)
    HAL_RTCEx_DeactivateTamper               0x0800b8ef   Thumb Code    50  stm32f4xx_hal_rtc_ex.o(.text)
    HAL_RTCEx_Tamper2EventCallback           0x0800b921   Thumb Code     2  stm32f4xx_hal_rtc_ex.o(.text)
    HAL_RTCEx_Tamper1EventCallback           0x0800b923   Thumb Code     2  stm32f4xx_hal_rtc_ex.o(.text)
    HAL_RTCEx_TimeStampEventCallback         0x0800b925   Thumb Code     2  stm32f4xx_hal_rtc_ex.o(.text)
    HAL_RTCEx_TamperTimeStampIRQHandler      0x0800b927   Thumb Code   146  stm32f4xx_hal_rtc_ex.o(.text)
    HAL_RTCEx_PollForTimeStampEvent          0x0800b9b9   Thumb Code    92  stm32f4xx_hal_rtc_ex.o(.text)
    HAL_RTCEx_PollForTamper1Event            0x0800ba15   Thumb Code    88  stm32f4xx_hal_rtc_ex.o(.text)
    HAL_RTCEx_PollForTamper2Event            0x0800ba6d   Thumb Code    74  stm32f4xx_hal_rtc_ex.o(.text)
    HAL_RTCEx_SetWakeUpTimer                 0x0800bab7   Thumb Code   254  stm32f4xx_hal_rtc_ex.o(.text)
    HAL_RTCEx_SetWakeUpTimer_IT              0x0800bbb5   Thumb Code   316  stm32f4xx_hal_rtc_ex.o(.text)
    HAL_RTCEx_DeactivateWakeUpTimer          0x0800bcf1   Thumb Code   152  stm32f4xx_hal_rtc_ex.o(.text)
    HAL_RTCEx_GetWakeUpTimer                 0x0800bd89   Thumb Code    10  stm32f4xx_hal_rtc_ex.o(.text)
    HAL_RTCEx_WakeUpTimerEventCallback       0x0800bd93   Thumb Code     2  stm32f4xx_hal_rtc_ex.o(.text)
    HAL_RTCEx_WakeUpTimerIRQHandler          0x0800bd95   Thumb Code    52  stm32f4xx_hal_rtc_ex.o(.text)
    HAL_RTCEx_PollForWakeUpTimerEvent        0x0800bdc9   Thumb Code    74  stm32f4xx_hal_rtc_ex.o(.text)
    HAL_RTCEx_BKUPWrite                      0x0800be13   Thumb Code    18  stm32f4xx_hal_rtc_ex.o(.text)
    HAL_RTCEx_BKUPRead                       0x0800be25   Thumb Code    18  stm32f4xx_hal_rtc_ex.o(.text)
    HAL_RTCEx_SetCoarseCalib                 0x0800be37   Thumb Code   138  stm32f4xx_hal_rtc_ex.o(.text)
    HAL_RTCEx_DeactivateCoarseCalib          0x0800bec1   Thumb Code   126  stm32f4xx_hal_rtc_ex.o(.text)
    HAL_RTCEx_SetSmoothCalib                 0x0800bf3f   Thumb Code   170  stm32f4xx_hal_rtc_ex.o(.text)
    HAL_RTCEx_SetSynchroShift                0x0800bfe9   Thumb Code   224  stm32f4xx_hal_rtc_ex.o(.text)
    HAL_RTCEx_SetCalibrationOutPut           0x0800c0c9   Thumb Code   100  stm32f4xx_hal_rtc_ex.o(.text)
    HAL_RTCEx_DeactivateCalibrationOutPut    0x0800c12d   Thumb Code    78  stm32f4xx_hal_rtc_ex.o(.text)
    HAL_RTCEx_SetRefClock                    0x0800c17b   Thumb Code   126  stm32f4xx_hal_rtc_ex.o(.text)
    HAL_RTCEx_DeactivateRefClock             0x0800c1f9   Thumb Code   126  stm32f4xx_hal_rtc_ex.o(.text)
    HAL_RTCEx_EnableBypassShadow             0x0800c277   Thumb Code    78  stm32f4xx_hal_rtc_ex.o(.text)
    HAL_RTCEx_DisableBypassShadow            0x0800c2c5   Thumb Code    78  stm32f4xx_hal_rtc_ex.o(.text)
    HAL_RTCEx_AlarmBEventCallback            0x0800c313   Thumb Code     2  stm32f4xx_hal_rtc_ex.o(.text)
    HAL_RTCEx_PollForAlarmBEvent             0x0800c315   Thumb Code    74  stm32f4xx_hal_rtc_ex.o(.text)
    TIM_Base_SetConfig                       0x0800c361   Thumb Code   170  stm32f4xx_hal_tim.o(.text)
    HAL_TIM_Base_MspInit                     0x0800c40b   Thumb Code     2  stm32f4xx_hal_tim.o(.text)
    HAL_TIM_Base_Init                        0x0800c40d   Thumb Code    52  stm32f4xx_hal_tim.o(.text)
    HAL_TIM_Base_MspDeInit                   0x0800c441   Thumb Code     2  stm32f4xx_hal_tim.o(.text)
    HAL_TIM_Base_DeInit                      0x0800c443   Thumb Code    70  stm32f4xx_hal_tim.o(.text)
    HAL_TIM_Base_Start                       0x0800c489   Thumb Code    42  stm32f4xx_hal_tim.o(.text)
    HAL_TIM_Base_Stop                        0x0800c4b3   Thumb Code    56  stm32f4xx_hal_tim.o(.text)
    HAL_TIM_Base_Start_IT                    0x0800c4eb   Thumb Code    42  stm32f4xx_hal_tim.o(.text)
    HAL_TIM_Base_Stop_IT                     0x0800c515   Thumb Code    56  stm32f4xx_hal_tim.o(.text)
    HAL_TIM_ErrorCallback                    0x0800c54d   Thumb Code     2  stm32f4xx_hal_tim.o(.text)
    TIM_DMAError                             0x0800c54f   Thumb Code    20  stm32f4xx_hal_tim.o(.text)
    HAL_TIM_PeriodElapsedHalfCpltCallback    0x0800c563   Thumb Code     2  stm32f4xx_hal_tim.o(.text)
    HAL_TIM_PeriodElapsedCallback            0x0800c579   Thumb Code     2  stm32f4xx_hal_tim.o(.text)
    HAL_TIM_Base_Start_DMA                   0x0800c58f   Thumb Code   124  stm32f4xx_hal_tim.o(.text)
    HAL_TIM_Base_Stop_DMA                    0x0800c60b   Thumb Code    70  stm32f4xx_hal_tim.o(.text)
    HAL_TIM_OC_MspInit                       0x0800c651   Thumb Code     2  stm32f4xx_hal_tim.o(.text)
    HAL_TIM_OC_Init                          0x0800c653   Thumb Code    52  stm32f4xx_hal_tim.o(.text)
    HAL_TIM_OC_MspDeInit                     0x0800c687   Thumb Code     2  stm32f4xx_hal_tim.o(.text)
    HAL_TIM_OC_DeInit                        0x0800c689   Thumb Code    70  stm32f4xx_hal_tim.o(.text)
    TIM_CCxChannelCmd                        0x0800c6cf   Thumb Code    34  stm32f4xx_hal_tim.o(.text)
    HAL_TIM_OC_Start                         0x0800c6f1   Thumb Code   132  stm32f4xx_hal_tim.o(.text)
    HAL_TIM_OC_Stop                          0x0800c775   Thumb Code   120  stm32f4xx_hal_tim.o(.text)
    HAL_TIM_OC_Start_IT                      0x0800c7ed   Thumb Code   156  stm32f4xx_hal_tim.o(.text)
    HAL_TIM_OC_Stop_IT                       0x0800c889   Thumb Code   196  stm32f4xx_hal_tim.o(.text)
    HAL_TIM_PWM_PulseFinishedHalfCpltCallback 0x0800c94d   Thumb Code     2  stm32f4xx_hal_tim.o(.text)
    TIM_DMADelayPulseHalfCplt                0x0800c94f   Thumb Code    70  stm32f4xx_hal_tim.o(.text)
    HAL_TIM_PWM_PulseFinishedCallback        0x0800c995   Thumb Code     2  stm32f4xx_hal_tim.o(.text)
    TIM_DMADelayPulseCplt                    0x0800c997   Thumb Code    70  stm32f4xx_hal_tim.o(.text)
    HAL_TIM_OC_Start_DMA                     0x0800c9dd   Thumb Code   382  stm32f4xx_hal_tim.o(.text)
    HAL_TIM_OC_Stop_DMA                      0x0800cb5b   Thumb Code   234  stm32f4xx_hal_tim.o(.text)
    HAL_TIM_PWM_MspInit                      0x0800cc45   Thumb Code     2  stm32f4xx_hal_tim.o(.text)
    HAL_TIM_PWM_Init                         0x0800cc47   Thumb Code    52  stm32f4xx_hal_tim.o(.text)
    HAL_TIM_PWM_MspDeInit                    0x0800cc7b   Thumb Code     2  stm32f4xx_hal_tim.o(.text)
    HAL_TIM_PWM_DeInit                       0x0800cc7d   Thumb Code    70  stm32f4xx_hal_tim.o(.text)
    HAL_TIM_PWM_Start                        0x0800ccc3   Thumb Code    80  stm32f4xx_hal_tim.o(.text)
    HAL_TIM_PWM_Stop                         0x0800cd13   Thumb Code   126  stm32f4xx_hal_tim.o(.text)
    HAL_TIM_PWM_Start_IT                     0x0800cd91   Thumb Code   156  stm32f4xx_hal_tim.o(.text)
    HAL_TIM_PWM_Stop_IT                      0x0800ce2d   Thumb Code   196  stm32f4xx_hal_tim.o(.text)
    HAL_TIM_PWM_Start_DMA                    0x0800cef1   Thumb Code   392  stm32f4xx_hal_tim.o(.text)
    HAL_TIM_PWM_Stop_DMA                     0x0800d079   Thumb Code   226  stm32f4xx_hal_tim.o(.text)
    HAL_TIM_IC_MspInit                       0x0800d15b   Thumb Code     2  stm32f4xx_hal_tim.o(.text)
    HAL_TIM_IC_Init                          0x0800d15d   Thumb Code    52  stm32f4xx_hal_tim.o(.text)
    HAL_TIM_IC_MspDeInit                     0x0800d191   Thumb Code     2  stm32f4xx_hal_tim.o(.text)
    HAL_TIM_IC_DeInit                        0x0800d193   Thumb Code    70  stm32f4xx_hal_tim.o(.text)
    HAL_TIM_IC_Start                         0x0800d1d9   Thumb Code    44  stm32f4xx_hal_tim.o(.text)
    HAL_TIM_IC_Stop                          0x0800d205   Thumb Code    58  stm32f4xx_hal_tim.o(.text)
    HAL_TIM_IC_Start_IT                      0x0800d23f   Thumb Code   120  stm32f4xx_hal_tim.o(.text)
    HAL_TIM_IC_Stop_IT                       0x0800d2b7   Thumb Code   134  stm32f4xx_hal_tim.o(.text)
    HAL_TIM_IC_CaptureHalfCpltCallback       0x0800d33d   Thumb Code     2  stm32f4xx_hal_tim.o(.text)
    TIM_DMACaptureHalfCplt                   0x0800d33f   Thumb Code    70  stm32f4xx_hal_tim.o(.text)
    HAL_TIM_IC_CaptureCallback               0x0800d385   Thumb Code     2  stm32f4xx_hal_tim.o(.text)
    TIM_DMACaptureCplt                       0x0800d387   Thumb Code    70  stm32f4xx_hal_tim.o(.text)
    HAL_TIM_IC_Start_DMA                     0x0800d3cd   Thumb Code   358  stm32f4xx_hal_tim.o(.text)
    HAL_TIM_IC_Stop_DMA                      0x0800d533   Thumb Code   164  stm32f4xx_hal_tim.o(.text)
    HAL_TIM_OnePulse_MspInit                 0x0800d5d7   Thumb Code     2  stm32f4xx_hal_tim.o(.text)
    HAL_TIM_OnePulse_Init                    0x0800d5d9   Thumb Code    76  stm32f4xx_hal_tim.o(.text)
    HAL_TIM_OnePulse_MspDeInit               0x0800d625   Thumb Code     2  stm32f4xx_hal_tim.o(.text)
    HAL_TIM_OnePulse_DeInit                  0x0800d627   Thumb Code    70  stm32f4xx_hal_tim.o(.text)
    HAL_TIM_OnePulse_Start                   0x0800d66d   Thumb Code    66  stm32f4xx_hal_tim.o(.text)
    HAL_TIM_OnePulse_Stop                    0x0800d6af   Thumb Code   130  stm32f4xx_hal_tim.o(.text)
    HAL_TIM_OnePulse_Start_IT                0x0800d731   Thumb Code    90  stm32f4xx_hal_tim.o(.text)
    HAL_TIM_OnePulse_Stop_IT                 0x0800d78b   Thumb Code   154  stm32f4xx_hal_tim.o(.text)
    HAL_TIM_Encoder_MspInit                  0x0800d825   Thumb Code     2  stm32f4xx_hal_tim.o(.text)
    HAL_TIM_Encoder_Init                     0x0800d827   Thumb Code   174  stm32f4xx_hal_tim.o(.text)
    HAL_TIM_Encoder_MspDeInit                0x0800d8d5   Thumb Code     2  stm32f4xx_hal_tim.o(.text)
    HAL_TIM_Encoder_DeInit                   0x0800d8d7   Thumb Code    70  stm32f4xx_hal_tim.o(.text)
    HAL_TIM_Encoder_Start                    0x0800d91d   Thumb Code    78  stm32f4xx_hal_tim.o(.text)
    HAL_TIM_Encoder_Stop                     0x0800d96b   Thumb Code   104  stm32f4xx_hal_tim.o(.text)
    HAL_TIM_Encoder_Start_IT                 0x0800d9d3   Thumb Code   126  stm32f4xx_hal_tim.o(.text)
    HAL_TIM_Encoder_Stop_IT                  0x0800da51   Thumb Code   160  stm32f4xx_hal_tim.o(.text)
    HAL_TIM_Encoder_Start_DMA                0x0800daf1   Thumb Code   384  stm32f4xx_hal_tim.o(.text)
    HAL_TIM_Encoder_Stop_DMA                 0x0800dc71   Thumb Code   176  stm32f4xx_hal_tim.o(.text)
    HAL_TIM_TriggerCallback                  0x0800dd21   Thumb Code     2  stm32f4xx_hal_tim.o(.text)
    HAL_TIM_OC_DelayElapsedCallback          0x0800dd23   Thumb Code     2  stm32f4xx_hal_tim.o(.text)
    HAL_TIM_IRQHandler                       0x0800dd25   Thumb Code   406  stm32f4xx_hal_tim.o(.text)
    TIM_OC2_SetConfig                        0x0800df83   Thumb Code   114  stm32f4xx_hal_tim.o(.text)
    HAL_TIM_OC_ConfigChannel                 0x0800e05d   Thumb Code   116  stm32f4xx_hal_tim.o(.text)
    TIM_TI1_SetConfig                        0x0800e17f   Thumb Code   114  stm32f4xx_hal_tim.o(.text)
    HAL_TIM_IC_ConfigChannel                 0x0800e1f1   Thumb Code   224  stm32f4xx_hal_tim.o(.text)
    HAL_TIM_PWM_ConfigChannel                0x0800e2d1   Thumb Code   294  stm32f4xx_hal_tim.o(.text)
    HAL_TIM_OnePulse_ConfigChannel           0x0800e3f7   Thumb Code   286  stm32f4xx_hal_tim.o(.text)
    HAL_TIM_TriggerHalfCpltCallback          0x0800e515   Thumb Code     2  stm32f4xx_hal_tim.o(.text)
    HAL_TIM_DMABurst_WriteStart              0x0800e53f   Thumb Code   452  stm32f4xx_hal_tim.o(.text)
    HAL_TIM_DMABurst_WriteStop               0x0800e703   Thumb Code   146  stm32f4xx_hal_tim.o(.text)
    HAL_TIM_DMABurst_ReadStart               0x0800e795   Thumb Code   452  stm32f4xx_hal_tim.o(.text)
    HAL_TIM_DMABurst_ReadStop                0x0800e959   Thumb Code   190  stm32f4xx_hal_tim.o(.text)
    HAL_TIM_GenerateEvent                    0x0800ea17   Thumb Code    54  stm32f4xx_hal_tim.o(.text)
    TIM_ETR_SetConfig                        0x0800ea4d   Thumb Code    22  stm32f4xx_hal_tim.o(.text)
    HAL_TIM_ConfigOCrefClear                 0x0800ea63   Thumb Code   270  stm32f4xx_hal_tim.o(.text)
    HAL_TIM_ConfigClockSource                0x0800ebd1   Thumb Code   264  stm32f4xx_hal_tim.o(.text)
    HAL_TIM_ConfigTI1Input                   0x0800ecd9   Thumb Code    22  stm32f4xx_hal_tim.o(.text)
    HAL_TIM_SlaveConfigSynchro               0x0800ed99   Thumb Code   108  stm32f4xx_hal_tim.o(.text)
    HAL_TIM_SlaveConfigSynchro_IT            0x0800ee05   Thumb Code   108  stm32f4xx_hal_tim.o(.text)
    HAL_TIM_ReadCapturedValue                0x0800ee71   Thumb Code    50  stm32f4xx_hal_tim.o(.text)
    HAL_TIM_Base_GetState                    0x0800eea3   Thumb Code     8  stm32f4xx_hal_tim.o(.text)
    HAL_TIM_OC_GetState                      0x0800eeab   Thumb Code     8  stm32f4xx_hal_tim.o(.text)
    HAL_TIM_PWM_GetState                     0x0800eeb3   Thumb Code     8  stm32f4xx_hal_tim.o(.text)
    HAL_TIM_IC_GetState                      0x0800eebb   Thumb Code     8  stm32f4xx_hal_tim.o(.text)
    HAL_TIM_OnePulse_GetState                0x0800eec3   Thumb Code     8  stm32f4xx_hal_tim.o(.text)
    HAL_TIM_Encoder_GetState                 0x0800eecb   Thumb Code     8  stm32f4xx_hal_tim.o(.text)
    HAL_TIMEx_HallSensor_MspInit             0x0800eed5   Thumb Code     2  stm32f4xx_hal_tim_ex.o(.text)
    HAL_TIMEx_HallSensor_Init                0x0800eed7   Thumb Code   208  stm32f4xx_hal_tim_ex.o(.text)
    HAL_TIMEx_HallSensor_MspDeInit           0x0800efa7   Thumb Code     2  stm32f4xx_hal_tim_ex.o(.text)
    HAL_TIMEx_HallSensor_DeInit              0x0800efa9   Thumb Code    70  stm32f4xx_hal_tim_ex.o(.text)
    HAL_TIMEx_HallSensor_Start               0x0800efef   Thumb Code    42  stm32f4xx_hal_tim_ex.o(.text)
    HAL_TIMEx_HallSensor_Stop                0x0800f019   Thumb Code    56  stm32f4xx_hal_tim_ex.o(.text)
    HAL_TIMEx_HallSensor_Start_IT            0x0800f051   Thumb Code    54  stm32f4xx_hal_tim_ex.o(.text)
    HAL_TIMEx_HallSensor_Stop_IT             0x0800f087   Thumb Code    68  stm32f4xx_hal_tim_ex.o(.text)
    HAL_TIMEx_HallSensor_Start_DMA           0x0800f0cb   Thumb Code   132  stm32f4xx_hal_tim_ex.o(.text)
    HAL_TIMEx_HallSensor_Stop_DMA            0x0800f14f   Thumb Code    74  stm32f4xx_hal_tim_ex.o(.text)
    HAL_TIMEx_OCN_Start                      0x0800f1bb   Thumb Code    56  stm32f4xx_hal_tim_ex.o(.text)
    HAL_TIMEx_OCN_Stop                       0x0800f1f3   Thumb Code    96  stm32f4xx_hal_tim_ex.o(.text)
    HAL_TIMEx_OCN_Start_IT                   0x0800f253   Thumb Code   126  stm32f4xx_hal_tim_ex.o(.text)
    HAL_TIMEx_OCN_Stop_IT                    0x0800f2d1   Thumb Code   178  stm32f4xx_hal_tim_ex.o(.text)
    HAL_TIMEx_OCN_Start_DMA                  0x0800f383   Thumb Code   274  stm32f4xx_hal_tim_ex.o(.text)
    HAL_TIMEx_OCN_Stop_DMA                   0x0800f495   Thumb Code   200  stm32f4xx_hal_tim_ex.o(.text)
    HAL_TIMEx_PWMN_Start                     0x0800f55d   Thumb Code    56  stm32f4xx_hal_tim_ex.o(.text)
    HAL_TIMEx_PWMN_Stop                      0x0800f595   Thumb Code    96  stm32f4xx_hal_tim_ex.o(.text)
    HAL_TIMEx_PWMN_Start_IT                  0x0800f5f5   Thumb Code   126  stm32f4xx_hal_tim_ex.o(.text)
    HAL_TIMEx_PWMN_Stop_IT                   0x0800f673   Thumb Code   178  stm32f4xx_hal_tim_ex.o(.text)
    HAL_TIMEx_PWMN_Start_DMA                 0x0800f725   Thumb Code   274  stm32f4xx_hal_tim_ex.o(.text)
    HAL_TIMEx_PWMN_Stop_DMA                  0x0800f837   Thumb Code   178  stm32f4xx_hal_tim_ex.o(.text)
    HAL_TIMEx_OnePulseN_Start                0x0800f8e9   Thumb Code    32  stm32f4xx_hal_tim_ex.o(.text)
    HAL_TIMEx_OnePulseN_Stop                 0x0800f909   Thumb Code    96  stm32f4xx_hal_tim_ex.o(.text)
    HAL_TIMEx_OnePulseN_Start_IT             0x0800f969   Thumb Code    56  stm32f4xx_hal_tim_ex.o(.text)
    HAL_TIMEx_OnePulseN_Stop_IT              0x0800f9a1   Thumb Code   120  stm32f4xx_hal_tim_ex.o(.text)
    HAL_TIMEx_ConfigCommutEvent              0x0800fa19   Thumb Code   134  stm32f4xx_hal_tim_ex.o(.text)
    HAL_TIMEx_ConfigCommutEvent_IT           0x0800fa9f   Thumb Code   134  stm32f4xx_hal_tim_ex.o(.text)
    HAL_TIMEx_CommutHalfCpltCallback         0x0800fb25   Thumb Code     2  stm32f4xx_hal_tim_ex.o(.text)
    TIMEx_DMACommutationHalfCplt             0x0800fb27   Thumb Code    34  stm32f4xx_hal_tim_ex.o(.text)
    HAL_TIMEx_CommutCallback                 0x0800fb49   Thumb Code     2  stm32f4xx_hal_tim_ex.o(.text)
    TIMEx_DMACommutationCplt                 0x0800fb4b   Thumb Code    20  stm32f4xx_hal_tim_ex.o(.text)
    HAL_TIMEx_ConfigCommutEvent_DMA          0x0800fb5f   Thumb Code   156  stm32f4xx_hal_tim_ex.o(.text)
    HAL_TIMEx_MasterConfigSynchronization    0x0800fbfb   Thumb Code   150  stm32f4xx_hal_tim_ex.o(.text)
    HAL_TIMEx_ConfigBreakDeadTime            0x0800fc91   Thumb Code   116  stm32f4xx_hal_tim_ex.o(.text)
    HAL_TIMEx_RemapConfig                    0x0800fd05   Thumb Code    42  stm32f4xx_hal_tim_ex.o(.text)
    HAL_TIMEx_BreakCallback                  0x0800fd2f   Thumb Code     2  stm32f4xx_hal_tim_ex.o(.text)
    HAL_TIMEx_HallSensor_GetState            0x0800fd31   Thumb Code     8  stm32f4xx_hal_tim_ex.o(.text)
    Reset_Handler                            0x0800fd59   Thumb Code     8  startup_stm32f429xx.o(.text)
    NMI_Handler                              0x0800fd61   Thumb Code     2  startup_stm32f429xx.o(.text)
    HardFault_Handler                        0x0800fd63   Thumb Code     2  startup_stm32f429xx.o(.text)
    MemManage_Handler                        0x0800fd65   Thumb Code     2  startup_stm32f429xx.o(.text)
    BusFault_Handler                         0x0800fd67   Thumb Code     2  startup_stm32f429xx.o(.text)
    UsageFault_Handler                       0x0800fd69   Thumb Code     2  startup_stm32f429xx.o(.text)
    DebugMon_Handler                         0x0800fd6d   Thumb Code     2  startup_stm32f429xx.o(.text)
    ADC_IRQHandler                           0x0800fd73   Thumb Code     0  startup_stm32f429xx.o(.text)
    CAN1_RX0_IRQHandler                      0x0800fd73   Thumb Code     0  startup_stm32f429xx.o(.text)
    CAN1_RX1_IRQHandler                      0x0800fd73   Thumb Code     0  startup_stm32f429xx.o(.text)
    CAN1_SCE_IRQHandler                      0x0800fd73   Thumb Code     0  startup_stm32f429xx.o(.text)
    CAN1_TX_IRQHandler                       0x0800fd73   Thumb Code     0  startup_stm32f429xx.o(.text)
    CAN2_RX0_IRQHandler                      0x0800fd73   Thumb Code     0  startup_stm32f429xx.o(.text)
    CAN2_RX1_IRQHandler                      0x0800fd73   Thumb Code     0  startup_stm32f429xx.o(.text)
    CAN2_SCE_IRQHandler                      0x0800fd73   Thumb Code     0  startup_stm32f429xx.o(.text)
    CAN2_TX_IRQHandler                       0x0800fd73   Thumb Code     0  startup_stm32f429xx.o(.text)
    DCMI_IRQHandler                          0x0800fd73   Thumb Code     0  startup_stm32f429xx.o(.text)
    DMA1_Stream0_IRQHandler                  0x0800fd73   Thumb Code     0  startup_stm32f429xx.o(.text)
    DMA1_Stream1_IRQHandler                  0x0800fd73   Thumb Code     0  startup_stm32f429xx.o(.text)
    DMA1_Stream2_IRQHandler                  0x0800fd73   Thumb Code     0  startup_stm32f429xx.o(.text)
    DMA1_Stream3_IRQHandler                  0x0800fd73   Thumb Code     0  startup_stm32f429xx.o(.text)
    DMA1_Stream4_IRQHandler                  0x0800fd73   Thumb Code     0  startup_stm32f429xx.o(.text)
    DMA1_Stream5_IRQHandler                  0x0800fd73   Thumb Code     0  startup_stm32f429xx.o(.text)
    DMA1_Stream6_IRQHandler                  0x0800fd73   Thumb Code     0  startup_stm32f429xx.o(.text)
    DMA1_Stream7_IRQHandler                  0x0800fd73   Thumb Code     0  startup_stm32f429xx.o(.text)
    DMA2D_IRQHandler                         0x0800fd73   Thumb Code     0  startup_stm32f429xx.o(.text)
    DMA2_Stream0_IRQHandler                  0x0800fd73   Thumb Code     0  startup_stm32f429xx.o(.text)
    DMA2_Stream1_IRQHandler                  0x0800fd73   Thumb Code     0  startup_stm32f429xx.o(.text)
    DMA2_Stream2_IRQHandler                  0x0800fd73   Thumb Code     0  startup_stm32f429xx.o(.text)
    DMA2_Stream3_IRQHandler                  0x0800fd73   Thumb Code     0  startup_stm32f429xx.o(.text)
    DMA2_Stream4_IRQHandler                  0x0800fd73   Thumb Code     0  startup_stm32f429xx.o(.text)
    DMA2_Stream5_IRQHandler                  0x0800fd73   Thumb Code     0  startup_stm32f429xx.o(.text)
    DMA2_Stream6_IRQHandler                  0x0800fd73   Thumb Code     0  startup_stm32f429xx.o(.text)
    DMA2_Stream7_IRQHandler                  0x0800fd73   Thumb Code     0  startup_stm32f429xx.o(.text)
    ETH_WKUP_IRQHandler                      0x0800fd73   Thumb Code     0  startup_stm32f429xx.o(.text)
    EXTI0_IRQHandler                         0x0800fd73   Thumb Code     0  startup_stm32f429xx.o(.text)
    EXTI15_10_IRQHandler                     0x0800fd73   Thumb Code     0  startup_stm32f429xx.o(.text)
    EXTI1_IRQHandler                         0x0800fd73   Thumb Code     0  startup_stm32f429xx.o(.text)
    EXTI2_IRQHandler                         0x0800fd73   Thumb Code     0  startup_stm32f429xx.o(.text)
    EXTI3_IRQHandler                         0x0800fd73   Thumb Code     0  startup_stm32f429xx.o(.text)
    EXTI4_IRQHandler                         0x0800fd73   Thumb Code     0  startup_stm32f429xx.o(.text)
    EXTI9_5_IRQHandler                       0x0800fd73   Thumb Code     0  startup_stm32f429xx.o(.text)
    FLASH_IRQHandler                         0x0800fd73   Thumb Code     0  startup_stm32f429xx.o(.text)
    FMC_IRQHandler                           0x0800fd73   Thumb Code     0  startup_stm32f429xx.o(.text)
    FPU_IRQHandler                           0x0800fd73   Thumb Code     0  startup_stm32f429xx.o(.text)
    HASH_RNG_IRQHandler                      0x0800fd73   Thumb Code     0  startup_stm32f429xx.o(.text)
    I2C1_ER_IRQHandler                       0x0800fd73   Thumb Code     0  startup_stm32f429xx.o(.text)
    I2C1_EV_IRQHandler                       0x0800fd73   Thumb Code     0  startup_stm32f429xx.o(.text)
    I2C2_ER_IRQHandler                       0x0800fd73   Thumb Code     0  startup_stm32f429xx.o(.text)
    I2C2_EV_IRQHandler                       0x0800fd73   Thumb Code     0  startup_stm32f429xx.o(.text)
    I2C3_ER_IRQHandler                       0x0800fd73   Thumb Code     0  startup_stm32f429xx.o(.text)
    I2C3_EV_IRQHandler                       0x0800fd73   Thumb Code     0  startup_stm32f429xx.o(.text)
    LTDC_ER_IRQHandler                       0x0800fd73   Thumb Code     0  startup_stm32f429xx.o(.text)
    LTDC_IRQHandler                          0x0800fd73   Thumb Code     0  startup_stm32f429xx.o(.text)
    OTG_FS_IRQHandler                        0x0800fd73   Thumb Code     0  startup_stm32f429xx.o(.text)
    OTG_FS_WKUP_IRQHandler                   0x0800fd73   Thumb Code     0  startup_stm32f429xx.o(.text)
    OTG_HS_EP1_IN_IRQHandler                 0x0800fd73   Thumb Code     0  startup_stm32f429xx.o(.text)
    OTG_HS_EP1_OUT_IRQHandler                0x0800fd73   Thumb Code     0  startup_stm32f429xx.o(.text)
    OTG_HS_IRQHandler                        0x0800fd73   Thumb Code     0  startup_stm32f429xx.o(.text)
    OTG_HS_WKUP_IRQHandler                   0x0800fd73   Thumb Code     0  startup_stm32f429xx.o(.text)
    PVD_IRQHandler                           0x0800fd73   Thumb Code     0  startup_stm32f429xx.o(.text)
    RCC_IRQHandler                           0x0800fd73   Thumb Code     0  startup_stm32f429xx.o(.text)
    RTC_WKUP_IRQHandler                      0x0800fd73   Thumb Code     0  startup_stm32f429xx.o(.text)
    SAI1_IRQHandler                          0x0800fd73   Thumb Code     0  startup_stm32f429xx.o(.text)
    SDIO_IRQHandler                          0x0800fd73   Thumb Code     0  startup_stm32f429xx.o(.text)
    SPI2_IRQHandler                          0x0800fd73   Thumb Code     0  startup_stm32f429xx.o(.text)
    SPI3_IRQHandler                          0x0800fd73   Thumb Code     0  startup_stm32f429xx.o(.text)
    SPI4_IRQHandler                          0x0800fd73   Thumb Code     0  startup_stm32f429xx.o(.text)
    SPI5_IRQHandler                          0x0800fd73   Thumb Code     0  startup_stm32f429xx.o(.text)
    SPI6_IRQHandler                          0x0800fd73   Thumb Code     0  startup_stm32f429xx.o(.text)
    TAMP_STAMP_IRQHandler                    0x0800fd73   Thumb Code     0  startup_stm32f429xx.o(.text)
    TIM1_BRK_TIM9_IRQHandler                 0x0800fd73   Thumb Code     0  startup_stm32f429xx.o(.text)
    TIM1_CC_IRQHandler                       0x0800fd73   Thumb Code     0  startup_stm32f429xx.o(.text)
    TIM1_TRG_COM_TIM11_IRQHandler            0x0800fd73   Thumb Code     0  startup_stm32f429xx.o(.text)
    TIM1_UP_TIM10_IRQHandler                 0x0800fd73   Thumb Code     0  startup_stm32f429xx.o(.text)
    TIM2_IRQHandler                          0x0800fd73   Thumb Code     0  startup_stm32f429xx.o(.text)
    TIM3_IRQHandler                          0x0800fd73   Thumb Code     0  startup_stm32f429xx.o(.text)
    TIM4_IRQHandler                          0x0800fd73   Thumb Code     0  startup_stm32f429xx.o(.text)
    TIM5_IRQHandler                          0x0800fd73   Thumb Code     0  startup_stm32f429xx.o(.text)
    TIM6_DAC_IRQHandler                      0x0800fd73   Thumb Code     0  startup_stm32f429xx.o(.text)
    TIM7_IRQHandler                          0x0800fd73   Thumb Code     0  startup_stm32f429xx.o(.text)
    TIM8_BRK_TIM12_IRQHandler                0x0800fd73   Thumb Code     0  startup_stm32f429xx.o(.text)
    TIM8_CC_IRQHandler                       0x0800fd73   Thumb Code     0  startup_stm32f429xx.o(.text)
    TIM8_TRG_COM_TIM14_IRQHandler            0x0800fd73   Thumb Code     0  startup_stm32f429xx.o(.text)
    TIM8_UP_TIM13_IRQHandler                 0x0800fd73   Thumb Code     0  startup_stm32f429xx.o(.text)
    UART4_IRQHandler                         0x0800fd73   Thumb Code     0  startup_stm32f429xx.o(.text)
    UART5_IRQHandler                         0x0800fd73   Thumb Code     0  startup_stm32f429xx.o(.text)
    UART7_IRQHandler                         0x0800fd73   Thumb Code     0  startup_stm32f429xx.o(.text)
    UART8_IRQHandler                         0x0800fd73   Thumb Code     0  startup_stm32f429xx.o(.text)
    USART1_IRQHandler                        0x0800fd73   Thumb Code     0  startup_stm32f429xx.o(.text)
    USART2_IRQHandler                        0x0800fd73   Thumb Code     0  startup_stm32f429xx.o(.text)
    USART3_IRQHandler                        0x0800fd73   Thumb Code     0  startup_stm32f429xx.o(.text)
    USART6_IRQHandler                        0x0800fd73   Thumb Code     0  startup_stm32f429xx.o(.text)
    WWDG_IRQHandler                          0x0800fd73   Thumb Code     0  startup_stm32f429xx.o(.text)
    SystemInit                               0x0800fd7d   Thumb Code    10  system_stm32f4xx.o(.text)
    SystemCoreClockUpdate                    0x0800fd87   Thumb Code   170  system_stm32f4xx.o(.text)
    __aeabi_uldivmod                         0x0800fe49   Thumb Code    98  uldiv.o(.text)
    __aeabi_memcpy                           0x0800feab   Thumb Code    36  memcpya.o(.text)
    __aeabi_memcpy4                          0x0800feab   Thumb Code     0  memcpya.o(.text)
    __aeabi_memcpy8                          0x0800feab   Thumb Code     0  memcpya.o(.text)
    __aeabi_memset                           0x0800fecf   Thumb Code    14  memseta.o(.text)
    __aeabi_memset4                          0x0800fecf   Thumb Code     0  memseta.o(.text)
    __aeabi_memset8                          0x0800fecf   Thumb Code     0  memseta.o(.text)
    __aeabi_memclr                           0x0800fedd   Thumb Code     4  memseta.o(.text)
    __aeabi_memclr4                          0x0800fedd   Thumb Code     0  memseta.o(.text)
    __aeabi_memclr8                          0x0800fedd   Thumb Code     0  memseta.o(.text)
    _memset$wrapper                          0x0800fee1   Thumb Code    18  memseta.o(.text)
    strlen                                   0x0800fef3   Thumb Code    14  strlen.o(.text)
    __aeabi_ddiv                             0x0800ff01   Thumb Code   222  ddiv.o(.text)
    __aeabi_uidiv                            0x0800ffdf   Thumb Code     0  uidiv.o(.text)
    __aeabi_uidivmod                         0x0800ffdf   Thumb Code    44  uidiv.o(.text)
    __aeabi_llsl                             0x0801000b   Thumb Code    30  llshl.o(.text)
    _ll_shift_l                              0x0801000b   Thumb Code     0  llshl.o(.text)
    __aeabi_llsr                             0x08010029   Thumb Code    32  llushr.o(.text)
    _ll_ushift_r                             0x08010029   Thumb Code     0  llushr.o(.text)
    __I$use$fp                               0x08010049   Thumb Code     0  iusefp.o(.text)
    _double_round                            0x08010049   Thumb Code    30  depilogue.o(.text)
    _double_epilogue                         0x08010067   Thumb Code   156  depilogue.o(.text)
    __aeabi_dadd                             0x08010103   Thumb Code   322  dadd.o(.text)
    __aeabi_dsub                             0x08010245   Thumb Code     6  dadd.o(.text)
    __aeabi_drsub                            0x0801024b   Thumb Code     6  dadd.o(.text)
    __aeabi_dmul                             0x08010251   Thumb Code   228  dmul.o(.text)
    __aeabi_d2ulz                            0x08010335   Thumb Code    48  dfixul.o(.text)
    __aeabi_cdrcmple                         0x08010365   Thumb Code    48  cdrcmple.o(.text)
    __scatterload                            0x08010395   Thumb Code    28  init.o(.text)
    __scatterload_rt2                        0x08010395   Thumb Code     0  init.o(.text)
    __aeabi_lasr                             0x080103b9   Thumb Code    36  llsshr.o(.text)
    _ll_sshift_r                             0x080103b9   Thumb Code     0  llsshr.o(.text)
    __decompress                             0x080103dd   Thumb Code     0  __dczerorl2.o(.text)
    __decompress1                            0x080103dd   Thumb Code    86  __dczerorl2.o(.text)
    __0sprintf                               0x08010435   Thumb Code    34  printfa.o(i.__0sprintf)
    __1sprintf                               0x08010435   Thumb Code     0  printfa.o(i.__0sprintf)
    __2sprintf                               0x08010435   Thumb Code     0  printfa.o(i.__0sprintf)
    __c89sprintf                             0x08010435   Thumb Code     0  printfa.o(i.__0sprintf)
    sprintf                                  0x08010435   Thumb Code     0  printfa.o(i.__0sprintf)
    __scatterload_copy                       0x0801045d   Thumb Code    14  handlers.o(i.__scatterload_copy)
    __scatterload_null                       0x0801046b   Thumb Code     2  handlers.o(i.__scatterload_null)
    __scatterload_zeroinit                   0x0801046d   Thumb Code    14  handlers.o(i.__scatterload_zeroinit)
    Arial12x12                               0x08010d10   Data        2400  lcd.o(.constdata)
    irqRtxLib                                0x08011670   Data           1  irq_armv7m.o(.constdata)
    irqRtxLibRef                             0x080116d4   Data           4  rtx_lib.o(.constdata)
    osRtxUserSVC                             0x080116d8   Data           4  rtx_lib.o(.constdata)
    Driver_ETH_MAC0                          0x0801172c   Data          68  emac_stm32f4xx.o(.constdata)
    Driver_SPI1                              0x080117c4   Data          44  spi_stm32f4xx.o(.constdata)
    EventRecorderInfo                        0x080117f0   Data          24  eventrecorder.o(.constdata)
    AHBPrescTable                            0x08011810   Data          16  system_stm32f4xx.o(.constdata)
    APBPrescTable                            0x08011820   Data           8  system_stm32f4xx.o(.constdata)
    osRtxConfig                              0x08011834   Data         112  rtx_lib.o(.rodata)
    os_cb_sections                           0x080118a4   Data          56  rtx_lib.o(.rodata)
    Region$$Table$$Base                      0x080118dc   Number         0  anon$$obj.o(Region$$Table)
    Region$$Table$$Limit                     0x0801190c   Number         0  anon$$obj.o(Region$$Table)
    .bss.os.msgqueue.cb$$Base                0x20008044   Number         0  rtx_lib.o(.bss.os.msgqueue.cb)
    .bss.os.msgqueue.cb$$Limit               0x20008078   Number         0  rtx_lib.o(.bss.os.msgqueue.cb)
    .bss.os.thread.cb$$Base                  0x200080c8   Number         0  rtx_lib.o(.bss.os.thread.cb)
    .bss.os.thread.cb$$Limit                 0x20008150   Number         0  rtx_lib.o(.bss.os.thread.cb)
    SPIdrv                                   0x20008554   Data           4  lcd.o(.data)
    positionL1                               0x20008558   Data           2  lcd.o(.data)
    positionL2                               0x2000855a   Data           2  lcd.o(.data)
    tid_ThRTC                                0x2000855c   Data           4  rtc.o(.data)
    sdatestructureget                        0x20008560   Data           4  rtc.o(.data)
    alarma_activada                          0x20008564   Data           1  rtc.o(.data)
    uwTick                                   0x20008568   Data           4  stm32f4xx_hal.o(.data)
    uwTickPrio                               0x2000856c   Data           4  stm32f4xx_hal.o(.data)
    uwTickFreq                               0x20008570   Data           1  stm32f4xx_hal.o(.data)
    SystemCoreClock                          0x20008574   Data           4  system_stm32f4xx.o(.data)
    osRtxInfo                                0x20008578   Data         164  rtx_kernel.o(.data.os)
    GPIO_InitStruct                          0x2000865c   Data          20  lcd.o(.bss)
    buffer                                   0x20008670   Data         512  lcd.o(.bss)
    RtcHandle                                0x20008870   Data          32  rtc.o(.bss)
    aShowTime                                0x20008890   Data          50  rtc.o(.bss)
    aShowDate                                0x200088c2   Data          50  rtc.o(.bss)
    stimestructureget                        0x200088f4   Data          20  rtc.o(.bss)
    Alarma                                   0x20008908   Data          40  rtc.o(.bss)
    __initial_sp                             0x2000b228   Data           0  startup_stm32f429xx.o(STACK)



==============================================================================

Memory Map of the image

  Image Entry point : 0x080001ad

  Load Region LR_IROM1 (Base: 0x08000000, Size: 0x00019f28, Max: 0x00200000, ABSOLUTE, COMPRESSED[0x00011a34])

    Execution Region ER_IROM1 (Exec base: 0x08000000, Load base: 0x08000000, Size: 0x0001190c, Max: 0x00200000, ABSOLUTE)

    Exec Addr    Load Addr    Size         Type   Attr      Idx    E Section Name        Object

    0x08000000   0x08000000   0x000001ac   Data   RO         1542    RESET               startup_stm32f429xx.o
    0x080001ac   0x080001ac   0x00000000   Code   RO         2578  * .ARM.Collect$$$$00000000  mc_w.l(entry.o)
    0x080001ac   0x080001ac   0x00000004   Code   RO         2868    .ARM.Collect$$$$00000001  mc_w.l(entry2.o)
    0x080001b0   0x080001b0   0x00000004   Code   RO         2871    .ARM.Collect$$$$00000004  mc_w.l(entry5.o)
    0x080001b4   0x080001b4   0x00000000   Code   RO         2873    .ARM.Collect$$$$00000008  mc_w.l(entry7b.o)
    0x080001b4   0x080001b4   0x00000000   Code   RO         2875    .ARM.Collect$$$$0000000A  mc_w.l(entry8b.o)
    0x080001b4   0x080001b4   0x00000008   Code   RO         2876    .ARM.Collect$$$$0000000B  mc_w.l(entry9a.o)
    0x080001bc   0x080001bc   0x00000004   Code   RO         2883    .ARM.Collect$$$$0000000E  mc_w.l(entry12b.o)
    0x080001c0   0x080001c0   0x00000000   Code   RO         2878    .ARM.Collect$$$$0000000F  mc_w.l(entry10a.o)
    0x080001c0   0x080001c0   0x00000000   Code   RO         2880    .ARM.Collect$$$$00000011  mc_w.l(entry11a.o)
    0x080001c0   0x080001c0   0x00000004   Code   RO         2869    .ARM.Collect$$$$00002712  mc_w.l(entry2.o)
    0x080001c4   0x080001c4   0x00000148   Code   RO          691    .emb_text           rtx_mempool.o
    0x0800030c   0x0800030c   0x00000148   Code   RO          722    .emb_text           rtx_msgqueue.o
    0x08000454   0x08000454   0x00000148   Code   RO          818    .emb_text           rtx_system.o
    0x0800059c   0x0800059c   0x00000148   Code   RO          852    .emb_text           rtx_thread.o
    0x080006e4   0x080006e4   0x00000084   Code   RO         1064    .emb_text           eventrecorder.o
    0x08000768   0x08000768   0x00000128   Code   RO            4    .text               main.o
    0x08000890   0x08000890   0x000001dc   Code   RO          265    .text               leds.o
    0x08000a6c   0x08000a6c   0x00000548   Code   RO          289    .text               lcd.o
    0x08000fb4   0x08000fb4   0x00000240   Code   RO          356    .text               rtc.o
    0x080011f4   0x080011f4   0x00000084   Code   RO          391    .text               stm32f4xx_hal_msp.o
    0x08001278   0x08001278   0x00000094   Code   RO          439    .text               irq_armv7m.o
    0x0800130c   0x0800130c   0x00000dd8   Code   RO          545    .text               rtx_evr.o
    0x080020e4   0x080020e4   0x000008b0   Code   RO          570    .text               rtx_kernel.o
    0x08002994   0x08002994   0x00000018   Code   RO          618    .text               rtx_lib.o
    0x080029ac   0x080029ac   0x000001de   Code   RO          661    .text               rtx_memory.o
    0x08002b8a   0x08002b8a   0x00000002   PAD
    0x08002b8c   0x08002b8c   0x000007a4   Code   RO          692    .text               rtx_mempool.o
    0x08003330   0x08003330   0x00000b88   Code   RO          723    .text               rtx_msgqueue.o
    0x08003eb8   0x08003eb8   0x00000644   Code   RO          757    .text               rtx_mutex.o
    0x080044fc   0x080044fc   0x000001bc   Code   RO          819    .text               rtx_system.o
    0x080046b8   0x080046b8   0x0000156c   Code   RO          853    .text               rtx_thread.o
    0x08005c24   0x08005c24   0x00000538   Code   RO          887    .text               rtx_timer.o
    0x0800615c   0x0800615c   0x000000dc   Code   RO          917    .text               os_systick.o
    0x08006238   0x08006238   0x00000024   Code   RO          943    .text               rtx_config.o
    0x0800625c   0x0800625c   0x00000d0c   Code   RO          991    .text               emac_stm32f4xx.o
    0x08006f68   0x08006f68   0x00001014   Code   RO         1029    .text               spi_stm32f4xx.o
    0x08007f7c   0x08007f7c   0x00000618   Code   RO         1065    .text               eventrecorder.o
    0x08008594   0x08008594   0x00000210   Code   RO         1100    .text               stm32f4xx_hal.o
    0x080087a4   0x080087a4   0x00000384   Code   RO         1178    .text               stm32f4xx_hal_cortex.o
    0x08008b28   0x08008b28   0x000008b0   Code   RO         1206    .text               stm32f4xx_hal_dma.o
    0x080093d8   0x080093d8   0x000003e4   Code   RO         1255    .text               stm32f4xx_hal_gpio.o
    0x080097bc   0x080097bc   0x000001dc   Code   RO         1279    .text               stm32f4xx_hal_pwr.o
    0x08009998   0x08009998   0x00000934   Code   RO         1327    .text               stm32f4xx_hal_rcc.o
    0x0800a2cc   0x0800a2cc   0x00000734   Code   RO         1351    .text               stm32f4xx_hal_rcc_ex.o
    0x0800aa00   0x0800aa00   0x00000b78   Code   RO         1375    .text               stm32f4xx_hal_rtc.o
    0x0800b578   0x0800b578   0x00000de6   Code   RO         1399    .text               stm32f4xx_hal_rtc_ex.o
    0x0800c35e   0x0800c35e   0x00000002   PAD
    0x0800c360   0x0800c360   0x00002b72   Code   RO         1471    .text               stm32f4xx_hal_tim.o
    0x0800eed2   0x0800eed2   0x00000002   PAD
    0x0800eed4   0x0800eed4   0x00000e84   Code   RO         1495    .text               stm32f4xx_hal_tim_ex.o
    0x0800fd58   0x0800fd58   0x00000024   Code   RO         1543    .text               startup_stm32f429xx.o
    0x0800fd7c   0x0800fd7c   0x000000cc   Code   RO         1550    .text               system_stm32f4xx.o
    0x0800fe48   0x0800fe48   0x00000062   Code   RO         2581    .text               mc_w.l(uldiv.o)
    0x0800feaa   0x0800feaa   0x00000024   Code   RO         2583    .text               mc_w.l(memcpya.o)
    0x0800fece   0x0800fece   0x00000024   Code   RO         2585    .text               mc_w.l(memseta.o)
    0x0800fef2   0x0800fef2   0x0000000e   Code   RO         2587    .text               mc_w.l(strlen.o)
    0x0800ff00   0x0800ff00   0x000000de   Code   RO         2862    .text               mf_w.l(ddiv.o)
    0x0800ffde   0x0800ffde   0x0000002c   Code   RO         2887    .text               mc_w.l(uidiv.o)
    0x0801000a   0x0801000a   0x0000001e   Code   RO         2889    .text               mc_w.l(llshl.o)
    0x08010028   0x08010028   0x00000020   Code   RO         2891    .text               mc_w.l(llushr.o)
    0x08010048   0x08010048   0x00000000   Code   RO         2893    .text               mc_w.l(iusefp.o)
    0x08010048   0x08010048   0x000000ba   Code   RO         2896    .text               mf_w.l(depilogue.o)
    0x08010102   0x08010102   0x0000014e   Code   RO         2898    .text               mf_w.l(dadd.o)
    0x08010250   0x08010250   0x000000e4   Code   RO         2900    .text               mf_w.l(dmul.o)
    0x08010334   0x08010334   0x00000030   Code   RO         2902    .text               mf_w.l(dfixul.o)
    0x08010364   0x08010364   0x00000030   Code   RO         2904    .text               mf_w.l(cdrcmple.o)
    0x08010394   0x08010394   0x00000024   Code   RO         2906    .text               mc_w.l(init.o)
    0x080103b8   0x080103b8   0x00000024   Code   RO         2909    .text               mc_w.l(llsshr.o)
    0x080103dc   0x080103dc   0x00000056   Code   RO         2919    .text               mc_w.l(__dczerorl2.o)
    0x08010432   0x08010432   0x00000002   PAD
    0x08010434   0x08010434   0x00000028   Code   RO         2834    i.__0sprintf        mc_w.l(printfa.o)
    0x0801045c   0x0801045c   0x0000000e   Code   RO         2913    i.__scatterload_copy  mc_w.l(handlers.o)
    0x0801046a   0x0801046a   0x00000002   Code   RO         2914    i.__scatterload_null  mc_w.l(handlers.o)
    0x0801046c   0x0801046c   0x0000000e   Code   RO         2915    i.__scatterload_zeroinit  mc_w.l(handlers.o)
    0x0801047a   0x0801047a   0x00000002   PAD
    0x0801047c   0x0801047c   0x00000184   Code   RO         2839    i._fp_digits        mc_w.l(printfa.o)
    0x08010600   0x08010600   0x000006b4   Code   RO         2840    i._printf_core      mc_w.l(printfa.o)
    0x08010cb4   0x08010cb4   0x00000024   Code   RO         2841    i._printf_post_padding  mc_w.l(printfa.o)
    0x08010cd8   0x08010cd8   0x0000002e   Code   RO         2842    i._printf_pre_padding  mc_w.l(printfa.o)
    0x08010d06   0x08010d06   0x0000000a   Code   RO         2844    i._sputc            mc_w.l(printfa.o)
    0x08010d10   0x08010d10   0x00000960   Data   RO          291    .constdata          lcd.o
    0x08011670   0x08011670   0x00000001   Data   RO          438    .constdata          irq_armv7m.o
    0x08011671   0x08011671   0x00000003   PAD
    0x08011674   0x08011674   0x00000068   Data   RO          625    .constdata          rtx_lib.o
    0x080116dc   0x080116dc   0x00000094   Data   RO          993    .constdata          emac_stm32f4xx.o
    0x08011770   0x08011770   0x00000080   Data   RO         1031    .constdata          spi_stm32f4xx.o
    0x080117f0   0x080117f0   0x00000018   Data   RO         1067    .constdata          eventrecorder.o
    0x08011808   0x08011808   0x00000008   Data   RO         1207    .constdata          stm32f4xx_hal_dma.o
    0x08011810   0x08011810   0x00000018   Data   RO         1551    .constdata          system_stm32f4xx.o
    0x08011828   0x08011828   0x0000000b   Data   RO          571    .conststrlit        rtx_kernel.o
    0x08011833   0x08011833   0x00000001   PAD
    0x08011834   0x08011834   0x000000a8   Data   RO          626    .rodata             rtx_lib.o
    0x080118dc   0x080118dc   0x00000030   Data   RO         2912    Region$$Table       anon$$obj.o


    Execution Region RW_IRAM2 (Exec base: 0x10000000, Load base: 0x08011a34, Size: 0x000004a4, Max: 0x00010000, ABSOLUTE)

    Exec Addr    Load Addr    Size         Type   Attr      Idx    E Section Name        Object

    0x10000000        -       0x000004a4   Zero   RW         1066    .bss.noinit         eventrecorder.o


    Execution Region RW_IRAM1 (Exec base: 0x20000000, Load base: 0x0801190c, Size: 0x0000b228, Max: 0x00030000, ABSOLUTE, COMPRESSED[0x00000128])

    Exec Addr    Load Addr    Size         Type   Attr      Idx    E Section Name        Object

    0x20000000   COMPRESSED   0x00008040   Data   RW          619    .bss.os             rtx_lib.o
    0x20008040   COMPRESSED   0x00000001   Data   RW          918    .bss.os             os_systick.o
    0x20008041   COMPRESSED   0x00000003   PAD
    0x20008044   COMPRESSED   0x00000034   Data   RW          620    .bss.os.msgqueue.cb  rtx_lib.o
    0x20008078   COMPRESSED   0x00000050   Data   RW          621    .bss.os.msgqueue.mem  rtx_lib.o
    0x200080c8   COMPRESSED   0x00000088   Data   RW          622    .bss.os.thread.cb   rtx_lib.o
    0x20008150   COMPRESSED   0x00000200   Data   RW          623    .bss.os.thread.idle.stack  rtx_lib.o
    0x20008350   COMPRESSED   0x00000200   Data   RW          624    .bss.os.thread.timer.stack  rtx_lib.o
    0x20008550   COMPRESSED   0x00000004   Data   RW            5    .data               main.o
    0x20008554   COMPRESSED   0x00000008   Data   RW          292    .data               lcd.o
    0x2000855c   COMPRESSED   0x00000009   Data   RW          358    .data               rtc.o
    0x20008565   COMPRESSED   0x00000001   Data   RW         1068    .data               eventrecorder.o
    0x20008566   COMPRESSED   0x00000002   PAD
    0x20008568   COMPRESSED   0x00000009   Data   RW         1101    .data               stm32f4xx_hal.o
    0x20008571   COMPRESSED   0x00000003   PAD
    0x20008574   COMPRESSED   0x00000004   Data   RW         1552    .data               system_stm32f4xx.o
    0x20008578   COMPRESSED   0x000000a4   Data   RW          572    .data.os            rtx_kernel.o
    0x2000861c        -       0x00000254   Zero   RW          290    .bss                lcd.o
    0x20008870        -       0x000000c0   Zero   RW          357    .bss                rtc.o
    0x20008930        -       0x000024cc   Zero   RW          992    .bss                emac_stm32f4xx.o
    0x2000adfc        -       0x0000002c   Zero   RW         1030    .bss                spi_stm32f4xx.o
    0x2000ae28        -       0x00000400   Zero   RW         1540    STACK               startup_stm32f429xx.o


==============================================================================

Image component sizes


      Code (inc. data)   RO Data    RW Data    ZI Data      Debug   Object Name

      3340        204        148          0       9420      47094   emac_stm32f4xx.o
      1692         44         24          1       1188      17068   eventrecorder.o
         0          0          0          0          0       4580   http_server.o
         0          0          0          0          0       3716   http_server_cgi.o
       148          8          1          0          0        620   irq_armv7m.o
      1352         66       2400          8        596       4857   lcd.o
       476         26          0          0          0       2124   leds.o
       296         20          0          4          0     777739   main.o
       220         14          0          1          0       1948   os_systick.o
         0          0          0          0          0        840   phy_lan8742a.o
       576         68          0          9        192       3129   rtc.o
        36          6          0          0          0        647   rtx_config.o
         0          0          0          0          0      15311   rtx_delay.o
      3544        106          0          0          0      52793   rtx_evr.o
      2224        100         11        164          0      27456   rtx_kernel.o
        24          0        272      34124          0       9867   rtx_lib.o
       478          0          0          0          0       3003   rtx_memory.o
      2284         46          0          0          0      15164   rtx_mempool.o
      3280         60          0          0          0      23524   rtx_msgqueue.o
      1604         30          0          0          0       9902   rtx_mutex.o
       772         20          0          0          0       8321   rtx_system.o
      5812        150          0          0          0      32057   rtx_thread.o
      1336         36          0          0          0      10161   rtx_timer.o
      4116        112        128          0         44      43779   spi_stm32f4xx.o
        36          8        428          0       1024        812   startup_stm32f429xx.o
       528         46          0          9          0      11407   stm32f4xx_hal.o
       900         20          0          0          0      36086   stm32f4xx_hal_cortex.o
      2224         28          8          0          0       7125   stm32f4xx_hal_dma.o
       996         52          0          0          0       3691   stm32f4xx_hal_gpio.o
       132          8          0          0          0       1108   stm32f4xx_hal_msp.o
       476         22          0          0          0       3579   stm32f4xx_hal_pwr.o
      2356         70          0          0          0       5427   stm32f4xx_hal_rcc.o
      1844         66          0          0          0       4113   stm32f4xx_hal_rcc_ex.o
      2936         26          0          0          0       8257   stm32f4xx_hal_rtc.o
      3558         22          0          0          0      12961   stm32f4xx_hal_rtc_ex.o
     11122        182          0          0          0      34980   stm32f4xx_hal_tim.o
      3716         68          0          0          0      13272   stm32f4xx_hal_tim_ex.o
       204         24         24          4          0       1625   system_stm32f4xx.o

    ----------------------------------------------------------------------
     64644       1758       3496      34332      12464    1260143   Object Totals
         0          0         48          0          0          0   (incl. Generated)
         6          0          4          8          0          0   (incl. Padding)

    ----------------------------------------------------------------------

      Code (inc. data)   RO Data    RW Data    ZI Data      Debug   Library Member Name

        86          0          0          0          0          0   __dczerorl2.o
         0          0          0          0          0          0   entry.o
         0          0          0          0          0          0   entry10a.o
         0          0          0          0          0          0   entry11a.o
         4          0          0          0          0          0   entry12b.o
         8          4          0          0          0          0   entry2.o
         4          0          0          0          0          0   entry5.o
         0          0          0          0          0          0   entry7b.o
         0          0          0          0          0          0   entry8b.o
         8          4          0          0          0          0   entry9a.o
        30          0          0          0          0          0   handlers.o
        36          8          0          0          0         68   init.o
         0          0          0          0          0          0   iusefp.o
        30          0          0          0          0         68   llshl.o
        36          0          0          0          0         68   llsshr.o
        32          0          0          0          0         68   llushr.o
        36          0          0          0          0         68   memcpya.o
        36          0          0          0          0        108   memseta.o
      2236         86          0          0          0        532   printfa.o
        14          0          0          0          0         68   strlen.o
        44          0          0          0          0         80   uidiv.o
        98          0          0          0          0         92   uldiv.o
        48          0          0          0          0         68   cdrcmple.o
       334          0          0          0          0        148   dadd.o
       222          0          0          0          0        100   ddiv.o
       186          0          0          0          0        176   depilogue.o
        48          0          0          0          0         68   dfixul.o
       228          0          0          0          0         96   dmul.o

    ----------------------------------------------------------------------
      3808        102          0          0          0       1876   Library Totals
         4          0          0          0          0          0   (incl. Padding)

    ----------------------------------------------------------------------

      Code (inc. data)   RO Data    RW Data    ZI Data      Debug   Library Name

      2738        102          0          0          0       1220   mc_w.l
      1066          0          0          0          0        656   mf_w.l

    ----------------------------------------------------------------------
      3808        102          0          0          0       1876   Library Totals

    ----------------------------------------------------------------------

==============================================================================


      Code (inc. data)   RO Data    RW Data    ZI Data      Debug   

     68452       1860       3496      34332      12464    1258247   Grand Totals
     68452       1860       3496        296      12464    1258247   ELF Image Totals (compressed)
     68452       1860       3496        296          0          0   ROM Totals

==============================================================================

    Total RO  Size (Code + RO Data)                71948 (  70.26kB)
    Total RW  Size (RW Data + ZI Data)             46796 (  45.70kB)
    Total ROM Size (Code + RO Data + RW Data)      72244 (  70.55kB)

==============================================================================

