Component: ARM Compiler 5.06 update 7 (build 960) Tool: armlink [4d3601]

==============================================================================

Section Cross References

    main.o(.text) refers to rtx_kernel.o(.text) for osKernelGetState
    main.o(.text) refers to stm32f4xx_hal_rcc.o(.text) for HAL_RCC_OscConfig
    main.o(.text) refers to stm32f4xx_hal.o(.text) for HAL_GetREVID
    main.o(.text) refers to system_stm32f4xx.o(.text) for SystemCoreClockUpdate
    main.o(.text) refers to rtx_thread.o(.text) for osThreadNew
    main.o(.text) refers to system_stm32f4xx.o(.data) for SystemCoreClock
    main.o(.text) refers to main.o(.data) for ticks
    main.o(.text) refers to http_server.o(.constdata) for app_main_attr
    main.o(.text) refers to http_server.o(.text) for app_main
    http_server.o(.text) refers to adc.o(.text) for ADC_Init_Single_Conversion
    http_server.o(.text) refers to buttons_nucleo_f429zi.o(.text) for Buttons_GetState
    http_server.o(.text) refers to rtx_thread.o(.text) for osThreadFlagsSet
    http_server.o(.text) refers to rtc.o(.text) for RTC_AlarmConfig
    http_server.o(.text) refers to leds.o(.text) for Parpadeo_5s
    http_server.o(.text) refers to stm32f4xx_hal.o(.text) for HAL_Delay
    http_server.o(.text) refers to lcd.o(.text) for startLCD
    http_server.o(.text) refers to rtx_delay.o(.text) for osDelay
    http_server.o(.text) refers to net_sys.o(i.netInitialize) for netInitialize
    http_server.o(.text) refers to http_server.o(.bss) for adchandle
    http_server.o(.text) refers to http_server.o(.data) for TID_Display
    http_server.o(.text) refers to rtc.o(.data) for alarma_activada
    http_server.o(.constdata) refers to http_server.o(.bss) for app_main_stk
    http_server_cgi.o(.text) refers to net_http_server.o(i.netCGI_GetEnvVar) for netCGI_GetEnvVar
    http_server_cgi.o(.text) refers to net_addr.o(i.netIP_aton) for netIP_aton
    http_server_cgi.o(.text) refers to net_sys.o(i.netIF_SetOption) for netIF_SetOption
    http_server_cgi.o(.text) refers to leds.o(.text) for LED_SetOut
    http_server_cgi.o(.text) refers to strcmp.o(.text) for strcmp
    http_server_cgi.o(.text) refers to strncmp.o(.text) for strncmp
    http_server_cgi.o(.text) refers to net_http_server.o(i.netHTTPs_LoginActive) for netHTTPs_LoginActive
    http_server_cgi.o(.text) refers to strcpy.o(.text) for strcpy
    http_server_cgi.o(.text) refers to net_http_server.o(i.netHTTPs_SetPassword) for netHTTPs_SetPassword
    http_server_cgi.o(.text) refers to rtx_thread.o(.text) for osThreadFlagsSet
    http_server_cgi.o(.text) refers to net_sys.o(i.netIF_GetOption) for netIF_GetOption
    http_server_cgi.o(.text) refers to net_addr.o(i.netIP_ntoa) for netIP_ntoa
    http_server_cgi.o(.text) refers to printfa.o(i.__0sprintf) for __2sprintf
    http_server_cgi.o(.text) refers to net_tcp.o(i.netTCP_GetState) for netTCP_GetState
    http_server_cgi.o(.text) refers to net_tcp.o(i.netTCP_GetLocalPort) for netTCP_GetLocalPort
    http_server_cgi.o(.text) refers to net_tcp.o(i.netTCP_GetPeer) for netTCP_GetPeer
    http_server_cgi.o(.text) refers to net_tcp.o(i.netTCP_GetTimer) for netTCP_GetTimer
    http_server_cgi.o(.text) refers to http_server_cgi.o(.bss) for ip_addr
    http_server_cgi.o(.text) refers to http_server_cgi.o(.data) for P2
    http_server_cgi.o(.text) refers to http_server.o(.data) for LEDrun
    http_server_cgi.o(.text) refers to http_server_cgi.o(.conststring) for .conststring
    http_server_cgi.o(.text) refers to net_http_server.o(i.netHTTPs_GetPassword) for netHTTPs_GetPassword
    http_server_cgi.o(.text) refers to net_http_server.o(i.netHTTPs_GetLanguage) for netHTTPs_GetLanguage
    http_server_cgi.o(.text) refers to http_server.o(.text) for AD_in
    http_server_cgi.o(.text) refers to ffltui.o(.text) for __aeabi_ui2f
    http_server_cgi.o(.text) refers to fmul.o(.text) for __aeabi_fmul
    http_server_cgi.o(.text) refers to f2d.o(.text) for __aeabi_f2d
    http_server_cgi.o(.text) refers to ddiv.o(.text) for __aeabi_ddiv
    http_server_cgi.o(.text) refers to rtc.o(.bss) for stimestructureget
    http_server_cgi.o(.text) refers to rtc.o(.data) for sdatestructureget
    web.o(.text) refers to web.o(.constdata) for imageFileTable
    leds.o(.text) refers to stm32f4xx_hal_gpio.o(.text) for HAL_GPIO_Init
    leds.o(.text) refers to stm32f4xx_hal.o(.text) for HAL_Delay
    lcd.o(.text) refers to stm32f4xx_hal_gpio.o(.text) for HAL_GPIO_WritePin
    lcd.o(.text) refers to stm32f4xx_hal_tim.o(.text) for HAL_TIM_Base_Init
    lcd.o(.text) refers to lcd.o(.bss) for buffer
    lcd.o(.text) refers to lcd.o(.data) for positionL1
    lcd.o(.text) refers to lcd.o(.constdata) for Arial12x12
    lcd.o(.text) refers to strlen.o(.text) for strlen
    lcd.o(.data) refers to spi_stm32f4xx.o(.constdata) for Driver_SPI1
    adc.o(.text) refers to memseta.o(.text) for __aeabi_memclr4
    adc.o(.text) refers to stm32f4xx_hal_gpio.o(.text) for HAL_GPIO_Init
[...]
    netHTTPs_fopen                           0x08012bb9   Thumb Code     4  net_config.o(.text)
    netHTTPs_fclose                          0x08012bbd   Thumb Code     2  net_config.o(.text)
    netHTTPs_fread                           0x08012bbf   Thumb Code     4  net_config.o(.text)
    netHTTPs_fgets                           0x08012bc3   Thumb Code     4  net_config.o(.text)
    netHTTPs_fstat                           0x08012bc7   Thumb Code     2  net_config.o(.text)
    net_sys_error                            0x08012bc9   Thumb Code     2  net_config.o(.text)
    net_evr_init                             0x08012be5   Thumb Code   334  net_debug.o(.text)
    net_debug_init                           0x08012d33   Thumb Code     2  net_debug.o(.text)
    __aeabi_uldivmod                         0x08012d35   Thumb Code    98  uldiv.o(.text)
    __aeabi_memcpy                           0x08012d97   Thumb Code    36  memcpya.o(.text)
    __aeabi_memcpy4                          0x08012d97   Thumb Code     0  memcpya.o(.text)
    __aeabi_memcpy8                          0x08012d97   Thumb Code     0  memcpya.o(.text)
    __aeabi_memset                           0x08012dbb   Thumb Code    14  memseta.o(.text)
    __aeabi_memset4                          0x08012dbb   Thumb Code     0  memseta.o(.text)
    __aeabi_memset8                          0x08012dbb   Thumb Code     0  memseta.o(.text)
    __aeabi_memclr                           0x08012dc9   Thumb Code     4  memseta.o(.text)
    __aeabi_memclr4                          0x08012dc9   Thumb Code     0  memseta.o(.text)
    __aeabi_memclr8                          0x08012dc9   Thumb Code     0  memseta.o(.text)
    _memset$wrapper                          0x08012dcd   Thumb Code    18  memseta.o(.text)
    strlen                                   0x08012ddf   Thumb Code    14  strlen.o(.text)
    strcmp                                   0x08012ded   Thumb Code    28  strcmp.o(.text)
    memcmp                                   0x08012e09   Thumb Code    26  memcmp.o(.text)
    strcpy                                   0x08012e23   Thumb Code    18  strcpy.o(.text)
    strncmp                                  0x08012e35   Thumb Code    30  strncmp.o(.text)
    __aeabi_fmul                             0x08012e53   Thumb Code   100  fmul.o(.text)
    __aeabi_ddiv                             0x08012eb7   Thumb Code   222  ddiv.o(.text)
    __aeabi_ui2f                             0x08012f95   Thumb Code    10  ffltui.o(.text)
    __aeabi_f2d                              0x08012f9f   Thumb Code    38  f2d.o(.text)
    __aeabi_uidiv                            0x08012fc5   Thumb Code     0  uidiv.o(.text)
    __aeabi_uidivmod                         0x08012fc5   Thumb Code    44  uidiv.o(.text)
    __aeabi_llsl                             0x08012ff1   Thumb Code    30  llshl.o(.text)
    _ll_shift_l                              0x08012ff1   Thumb Code     0  llshl.o(.text)
    __aeabi_llsr                             0x0801300f   Thumb Code    32  llushr.o(.text)
    _ll_ushift_r                             0x0801300f   Thumb Code     0  llushr.o(.text)
    __I$use$fp                               0x0801302f   Thumb Code     0  iusefp.o(.text)
    _float_round                             0x0801302f   Thumb Code    18  fepilogue.o(.text)
    _float_epilogue                          0x08013041   Thumb Code    92  fepilogue.o(.text)
    _double_round                            0x0801309d   Thumb Code    30  depilogue.o(.text)
    _double_epilogue                         0x080130bb   Thumb Code   156  depilogue.o(.text)
    __aeabi_dadd                             0x08013157   Thumb Code   322  dadd.o(.text)
    __aeabi_dsub                             0x08013299   Thumb Code     6  dadd.o(.text)
    __aeabi_drsub                            0x0801329f   Thumb Code     6  dadd.o(.text)
    __aeabi_dmul                             0x080132a5   Thumb Code   228  dmul.o(.text)
    __aeabi_d2ulz                            0x08013389   Thumb Code    48  dfixul.o(.text)
    __aeabi_cdrcmple                         0x080133b9   Thumb Code    48  cdrcmple.o(.text)
    __scatterload                            0x080133e9   Thumb Code    28  init.o(.text)
    __scatterload_rt2                        0x080133e9   Thumb Code     0  init.o(.text)
    __aeabi_lasr                             0x0801340d   Thumb Code    36  llsshr.o(.text)
    _ll_sshift_r                             0x0801340d   Thumb Code     0  llsshr.o(.text)
    __decompress                             0x08013431   Thumb Code     0  __dczerorl2.o(.text)
    __decompress1                            0x08013431   Thumb Code    86  __dczerorl2.o(.text)
    __0sprintf                               0x08013489   Thumb Code    34  printfa.o(i.__0sprintf)
    __1sprintf                               0x08013489   Thumb Code     0  printfa.o(i.__0sprintf)
    __2sprintf                               0x08013489   Thumb Code     0  printfa.o(i.__0sprintf)
    __c89sprintf                             0x08013489   Thumb Code     0  printfa.o(i.__0sprintf)
    sprintf                                  0x08013489   Thumb Code     0  printfa.o(i.__0sprintf)
    __scatterload_copy                       0x080134b1   Thumb Code    14  handlers.o(i.__scatterload_copy)
    __scatterload_null                       0x080134bf   Thumb Code     2  handlers.o(i.__scatterload_null)
    __scatterload_zeroinit                   0x080134c1   Thumb Code    14  handlers.o(i.__scatterload_zeroinit)
    netCGI_Charset                           0x08016b71   Thumb Code     4  net_http_server.o(i.netCGI_Charset)
    netCGI_ContentType                       0x08016b75   Thumb Code     4  net_http_server.o(i.netCGI_ContentType)
    netCGI_CustomHeader                      0x08016b79   Thumb Code     4  net_http_server.o(i.netCGI_CustomHeader)
    netCGI_GetEnvVar                         0x08016b7d   Thumb Code   104  net_http_server.o(i.netCGI_GetEnvVar)
    netCGI_Redirect                          0x08016be9   Thumb Code     4  net_http_server.o(i.netCGI_Redirect)
    netCGX_ContentType                       0x08016bed   Thumb Code     4  net_http_server.o(i.netCGX_ContentType)
    netCore_Thread                           0x08016bf1   Thumb Code    90  net_sys.o(i.netCore_Thread)
    netETH_Notify                            0x08016c55   Thumb Code     2  net_eth.o(i.netETH_Notify)
    netETH_ReceiveRaw                        0x08016c57   Thumb Code     2  net_eth.o(i.netETH_ReceiveRaw)
    netETH_Thread                            0x08016c59   Thumb Code   114  net_eth.o(i.netETH_Thread)
    netHTTPs_AcceptClient                    0x08016ccb   Thumb Code     4  net_http_server.o(i.netHTTPs_AcceptClient)
    netHTTPs_FileAccess                      0x08016ccf   Thumb Code     4  net_http_server.o(i.netHTTPs_FileAccess)
    netHTTPs_GetLanguage                     0x08016cd5   Thumb Code    24  net_http_server.o(i.netHTTPs_GetLanguage)
    netHTTPs_GetPassword                     0x08016cf5   Thumb Code     6  net_http_server.o(i.netHTTPs_GetPassword)
    netHTTPs_LoginActive                     0x08016d01   Thumb Code     6  net_http_server.o(i.netHTTPs_LoginActive)
    netHTTPs_SetPassword                     0x08016d0d   Thumb Code    78  net_http_server.o(i.netHTTPs_SetPassword)
    netIF_GetOption                          0x08016d65   Thumb Code   128  net_sys.o(i.netIF_GetOption)
    netIF_SetOption                          0x08016ded   Thumb Code   124  net_sys.o(i.netIF_SetOption)
    netIP_aton                               0x08016e71   Thumb Code    26  net_addr.o(i.netIP_aton)
    netIP_ntoa                               0x08016e8b   Thumb Code    50  net_addr.o(i.netIP_ntoa)
    netInitialize                            0x08016ebd   Thumb Code   156  net_sys.o(i.netInitialize)
    netMAC_aton                              0x08016f69   Thumb Code   140  net_addr.o(i.netMAC_aton)
    netTCP_GetLocalPort                      0x08016ff5   Thumb Code     4  net_tcp.o(i.netTCP_GetLocalPort)
    netTCP_GetPeer                           0x08016ff9   Thumb Code    32  net_tcp.o(i.netTCP_GetPeer)
    netTCP_GetState                          0x08017019   Thumb Code     4  net_tcp.o(i.netTCP_GetState)
    netTCP_GetTimer                          0x0801701d   Thumb Code     4  net_tcp.o(i.netTCP_GetTimer)
    net_addr4_aton                           0x08017021   Thumb Code   124  net_addr.o(i.net_addr4_aton)
    net_addr4_to_mac                         0x0801709d   Thumb Code    30  net_addr.o(i.net_addr4_to_mac)
    net_addr6_aton                           0x080170bd   Thumb Code   230  net_addr.o(i.net_addr6_aton)
    net_addr6_comp                           0x080171a3   Thumb Code    40  net_addr.o(i.net_addr6_comp)
    net_addr6_copy                           0x080171cb   Thumb Code    18  net_addr.o(i.net_addr6_copy)
    net_addr6_create                         0x080171dd   Thumb Code    70  net_addr.o(i.net_addr6_create)
    net_addr6_get_solicited                  0x08017229   Thumb Code    34  net_addr.o(i.net_addr6_get_solicited)
    net_addr6_is_linklocal                   0x08017251   Thumb Code    24  net_addr.o(i.net_addr6_is_linklocal)
    net_addr6_is_onlink                      0x08017269   Thumb Code   110  net_addr.o(i.net_addr6_is_onlink)
    net_addr6_is_solicited                   0x080172d7   Thumb Code    72  net_addr.o(i.net_addr6_is_solicited)
    net_addr6_is_unspec                      0x0801731f   Thumb Code    24  net_addr.o(i.net_addr6_is_unspec)
    net_addr6_to_mac                         0x08017337   Thumb Code    14  net_addr.o(i.net_addr6_to_mac)
    net_addr_copy                            0x08017345   Thumb Code    38  net_addr.o(i.net_addr_copy)
    net_addr_find_route                      0x0801736b   Thumb Code    26  net_addr.o(i.net_addr_find_route)
    net_addr_get_local                       0x08017385   Thumb Code    26  net_addr.o(i.net_addr_get_local)
    net_addr_is_unspec                       0x080173a5   Thumb Code    34  net_addr.o(i.net_addr_is_unspec)
    net_arp_cache_add                        0x080173c9   Thumb Code   276  net_arp.o(i.net_arp_cache_add)
    net_arp_cache_early                      0x080174e5   Thumb Code   180  net_arp.o(i.net_arp_cache_early)
    net_arp_cache_find                       0x080175a1   Thumb Code   224  net_arp.o(i.net_arp_cache_find)
    net_arp_cache_init                       0x0801768d   Thumb Code    64  net_arp.o(i.net_arp_cache_init)
    net_arp_cache_run                        0x080176d5   Thumb Code    22  net_arp.o(i.net_arp_cache_run)
    net_arp_cache_uninit                     0x080176f1   Thumb Code    56  net_arp.o(i.net_arp_cache_uninit)
    net_arp_enqueue                          0x08017731   Thumb Code   114  net_arp.o(i.net_arp_enqueue)
    net_arp_notify                           0x080177a9   Thumb Code    32  net_arp.o(i.net_arp_notify)
    net_arp_process                          0x080177c9   Thumb Code   536  net_arp.o(i.net_arp_process)
    net_atoi                                 0x080179ed   Thumb Code    66  net_common.o(i.net_atoi)
    net_chksum_buf                           0x08017a2f   Thumb Code    48  net_common.o(i.net_chksum_buf)
    net_crc_buf                              0x08017a5f   Thumb Code    30  net_common.o(i.net_crc_buf)
    net_eth_callback                         0x08017a7d   Thumb Code    14  net_eth.o(i.net_eth_callback)
    net_eth_config_mcast                     0x08017a8b   Thumb Code   104  net_eth.o(i.net_eth_config_mcast)
    net_eth_get_option                       0x08017af3   Thumb Code   234  net_eth.o(i.net_eth_get_option)
    net_eth_iface_init                       0x08017bdd   Thumb Code    22  net_eth.o(i.net_eth_iface_init)
    net_eth_iface_run                        0x08017bf9   Thumb Code    22  net_eth.o(i.net_eth_iface_run)
    net_eth_iface_uninit                     0x08017c15   Thumb Code    22  net_eth.o(i.net_eth_iface_uninit)
    net_eth_output                           0x08017c31   Thumb Code   164  net_eth.o(i.net_eth_output)
    net_eth_send_frame                       0x08017cd9   Thumb Code   462  net_eth.o(i.net_eth_send_frame)
    net_eth_set_option                       0x08017eb9   Thumb Code   610  net_eth.o(i.net_eth_set_option)
    net_http_server_init                     0x08018129   Thumb Code   212  net_http_server.o(i.net_http_server_init)
    net_http_server_run                      0x08018211   Thumb Code    30  net_http_server.o(i.net_http_server_run)
    net_http_server_uninit                   0x08018239   Thumb Code    98  net_http_server.o(i.net_http_server_uninit)
    net_icmp6_init                           0x080182a9   Thumb Code    20  net_icmp6.o(i.net_icmp6_init)
    net_icmp6_process                        0x080182c1   Thumb Code   542  net_icmp6.o(i.net_icmp6_process)
    net_icmp6_send                           0x080184f9   Thumb Code   122  net_icmp6.o(i.net_icmp6_send)
    net_icmp6_send_echo                      0x0801857d   Thumb Code    78  net_icmp6.o(i.net_icmp6_send_echo)
    net_icmp_init                            0x080185d5   Thumb Code    20  net_icmp.o(i.net_icmp_init)
    net_icmp_process                         0x080185ed   Thumb Code   430  net_icmp.o(i.net_icmp_process)
    net_icmp_send_echo                       0x080187b5   Thumb Code   142  net_icmp.o(i.net_icmp_send_echo)
    net_if_map_all                           0x08018855   Thumb Code     6  net_sys.o(i.net_if_map_all)
    net_igmp_collect_mcast                   0x08018861   Thumb Code   104  net_igmp.o(i.net_igmp_collect_mcast)
    net_igmp_host_init                       0x080188cd   Thumb Code    68  net_igmp.o(i.net_igmp_host_init)
    net_igmp_host_run                        0x08018915   Thumb Code    22  net_igmp.o(i.net_igmp_host_run)
    net_igmp_host_uninit                     0x08018931   Thumb Code    48  net_igmp.o(i.net_igmp_host_uninit)
    net_igmp_is_member                       0x08018969   Thumb Code    28  net_igmp.o(i.net_igmp_is_member)
    net_igmp_process                         0x08018989   Thumb Code   414  net_igmp.o(i.net_igmp_process)
    net_ip4_chk_frame                        0x08018b35   Thumb Code   372  net_ip4.o(i.net_ip4_chk_frame)
    net_ip4_chksum                           0x08018cc1   Thumb Code    44  net_ip4.o(i.net_ip4_chksum)
    net_ip4_chksum_buf                       0x08018ced   Thumb Code     6  net_ip4.o(i.net_ip4_chksum_buf)
    net_ip4_find_route                       0x08018cf5   Thumb Code   104  net_ip4.o(i.net_ip4_find_route)
    net_ip4_frag_add                         0x08018d75   Thumb Code   284  net_ip4_frag.o(i.net_ip4_frag_add)
    net_ip4_frag_get                         0x08018e99   Thumb Code   168  net_ip4_frag.o(i.net_ip4_frag_get)
    net_ip4_frag_init                        0x08018f45   Thumb Code    12  net_ip4_frag.o(i.net_ip4_frag_init)
    net_ip4_frag_run                         0x08018f55   Thumb Code    50  net_ip4_frag.o(i.net_ip4_frag_run)
    net_ip4_frag_uninit                      0x08018f91   Thumb Code    12  net_ip4_frag.o(i.net_ip4_frag_uninit)
    net_ip4_get_local                        0x08018fa1   Thumb Code    40  net_ip4.o(i.net_ip4_get_local)
    net_ip4_init                             0x08018fcd   Thumb Code    22  net_ip4.o(i.net_ip4_init)
    net_ip4_is_onlink                        0x08018ff1   Thumb Code    32  net_ip4.o(i.net_ip4_is_onlink)
    net_ip4_is_subcast                       0x08019011   Thumb Code    38  net_ip4.o(i.net_ip4_is_subcast)
    net_ip4_reass_frame                      0x08019037   Thumb Code    14  net_ip4.o(i.net_ip4_reass_frame)
    net_ip4_send_frame                       0x08019045   Thumb Code   340  net_ip4.o(i.net_ip4_send_frame)
    net_ip4_tx_offl_hl                       0x080191a9   Thumb Code    42  net_ip4.o(i.net_ip4_tx_offl_hl)
    net_ip4_uninit                           0x080191d5   Thumb Code    22  net_ip4.o(i.net_ip4_uninit)
    net_ip6_chk_frame                        0x080191f5   Thumb Code   236  net_ip6.o(i.net_ip6_chk_frame)
    net_ip6_chksum                           0x080192f5   Thumb Code    50  net_ip6.o(i.net_ip6_chksum)
    net_ip6_collect_mcast                    0x08019329   Thumb Code   118  net_ip6.o(i.net_ip6_collect_mcast)
    net_ip6_find_route                       0x080193a5   Thumb Code    56  net_ip6.o(i.net_ip6_find_route)
    net_ip6_get_local                        0x080193ed   Thumb Code    74  net_ip6.o(i.net_ip6_get_local)
    net_ip6_init                             0x08019441   Thumb Code    20  net_ip6.o(i.net_ip6_init)
    net_ip6_send_frame                       0x0801945d   Thumb Code   192  net_ip6.o(i.net_ip6_send_frame)
    net_ip6_tx_offl_hl                       0x08019529   Thumb Code    30  net_ip6.o(i.net_ip6_tx_offl_hl)
    net_ip6_uninit                           0x08019549   Thumb Code    20  net_ip6.o(i.net_ip6_uninit)
    net_itoa                                 0x08019565   Thumb Code     8  net_common.o(i.net_itoa)
    net_itoa_n0                              0x0801956d   Thumb Code     6  net_common.o(i.net_itoa_n0)
    net_loop_iface_init                      0x08019575   Thumb Code    40  net_loopback.o(i.net_loop_iface_init)
    net_loop_iface_run                       0x080195a5   Thumb Code   176  net_loopback.o(i.net_loop_iface_run)
    net_loop_iface_uninit                    0x08019661   Thumb Code    32  net_loopback.o(i.net_loop_iface_uninit)
    net_loop_send_frame                      0x08019689   Thumb Code   104  net_loopback.o(i.net_loop_send_frame)
    net_mem_alloc                            0x080196f9   Thumb Code   178  net_mem.o(i.net_mem_alloc)
    net_mem_avail                            0x080197b9   Thumb Code    22  net_mem.o(i.net_mem_avail)
    net_mem_free                             0x080197d5   Thumb Code   152  net_mem.o(i.net_mem_free)
    net_mem_init                             0x08019879   Thumb Code    98  net_mem.o(i.net_mem_init)
    net_mem_shrink                           0x080198e9   Thumb Code    62  net_mem.o(i.net_mem_shrink)
    net_nbns_client_init                     0x08019931   Thumb Code    82  net_nbns_client.o(i.net_nbns_client_init)
    net_nbns_client_uninit                   0x08019995   Thumb Code    42  net_nbns_client.o(i.net_nbns_client_uninit)
    net_ndp_cache_find                       0x080199cd   Thumb Code   438  net_ndp.o(i.net_ndp_cache_find)
    net_ndp_cache_refresh                    0x08019b91   Thumb Code   112  net_ndp.o(i.net_ndp_cache_refresh)
    net_ndp_enqueue                          0x08019c09   Thumb Code   108  net_ndp.o(i.net_ndp_enqueue)
    net_ndp_process                          0x08019c79   Thumb Code   872  net_ndp.o(i.net_ndp_process)
    net_path                                 0x08019fed   Thumb Code    52  net_sys.o(i.net_path)
    net_ping_client_init                     0x0801a025   Thumb Code    22  net_ping_core.o(i.net_ping_client_init)
    net_ping_client_run                      0x0801a045   Thumb Code   110  net_ping_core.o(i.net_ping_client_run)
    net_ping_client_uninit                   0x0801a0c5   Thumb Code    24  net_ping_core.o(i.net_ping_client_uninit)
    net_rand32                               0x0801a0e5   Thumb Code    18  net_sys.o(i.net_rand32)
    net_strcasecmp                           0x0801a101   Thumb Code    46  net_common.o(i.net_strcasecmp)
    net_strcmp                               0x0801a12f   Thumb Code    26  net_common.o(i.net_strcmp)
    net_strcpy                               0x0801a149   Thumb Code    18  net_common.o(i.net_strcpy)
    net_strnchr                              0x0801a15b   Thumb Code    28  net_common.o(i.net_strnchr)
    net_strncpy                              0x0801a177   Thumb Code    26  net_common.o(i.net_strncpy)
    net_strtoupper                           0x0801a191   Thumb Code    32  net_common.o(i.net_strtoupper)
    net_sys_lock                             0x0801a1b1   Thumb Code     8  net_sys.o(i.net_sys_lock)
    net_sys_resume                           0x0801a1bd   Thumb Code    22  net_sys.o(i.net_sys_resume)
    net_sys_tick                             0x0801a1d5   Thumb Code    16  net_sys.o(i.net_sys_tick)
    net_sys_unlock                           0x0801a1e9   Thumb Code     8  net_sys.o(i.net_sys_unlock)
    net_sys_wakeup                           0x0801a1f5   Thumb Code    26  net_sys.o(i.net_sys_wakeup)
    net_tcp_abort                            0x0801a215   Thumb Code   122  net_tcp.o(i.net_tcp_abort)
    net_tcp_close                            0x0801a299   Thumb Code   218  net_tcp.o(i.net_tcp_close)
    net_tcp_get_buf                          0x0801a37d   Thumb Code    46  net_tcp.o(i.net_tcp_get_buf)
    net_tcp_get_local_port                   0x0801a3ad   Thumb Code    48  net_tcp.o(i.net_tcp_get_local_port)
    net_tcp_get_mss                          0x0801a3e1   Thumb Code    34  net_tcp.o(i.net_tcp_get_mss)
    net_tcp_get_peer                         0x0801a409   Thumb Code    80  net_tcp.o(i.net_tcp_get_peer)
    net_tcp_get_socket                       0x0801a45d   Thumb Code   104  net_tcp.o(i.net_tcp_get_socket)
    net_tcp_get_state                        0x0801a4cd   Thumb Code    40  net_tcp.o(i.net_tcp_get_state)
    net_tcp_get_timer                        0x0801a4f9   Thumb Code    48  net_tcp.o(i.net_tcp_get_timer)
    net_tcp_listen                           0x0801a52d   Thumb Code   168  net_tcp.o(i.net_tcp_listen)
    net_tcp_process                          0x0801a5dd   Thumb Code  1956  net_tcp.o(i.net_tcp_process)
    net_tcp_send                             0x0801ad85   Thumb Code   336  net_tcp.o(i.net_tcp_send)
    net_tcp_set_option                       0x0801aee1   Thumb Code   288  net_tcp.o(i.net_tcp_set_option)
    net_tcp_socket_init                      0x0801b00d   Thumb Code    30  net_tcp.o(i.net_tcp_socket_init)
    net_tcp_socket_run                       0x0801b035   Thumb Code   938  net_tcp.o(i.net_tcp_socket_run)
    net_tcp_socket_uninit                    0x0801b3f5   Thumb Code    30  net_tcp.o(i.net_tcp_socket_uninit)
    net_udp_get_buf                          0x0801b41d   Thumb Code    46  net_udp.o(i.net_udp_get_buf)
    net_udp_get_socket                       0x0801b44d   Thumb Code   102  net_udp.o(i.net_udp_get_socket)
    net_udp_open                             0x0801b4bd   Thumb Code   160  net_udp.o(i.net_udp_open)
    net_udp_process                          0x0801b569   Thumb Code   322  net_udp.o(i.net_udp_process)
    net_udp_send_if                          0x0801b6c1   Thumb Code   540  net_udp.o(i.net_udp_send_if)
    net_udp_socket_init                      0x0801b8ed   Thumb Code    30  net_udp.o(i.net_udp_socket_init)
    net_udp_socket_uninit                    0x0801b911   Thumb Code    28  net_udp.o(i.net_udp_socket_uninit)
    net_ultoa                                0x0801b935   Thumb Code     8  net_common.o(i.net_ultoa)
    net_ultox                                0x0801b93d   Thumb Code    44  net_common.o(i.net_ultox)
    net_xtoul                                0x0801b96d   Thumb Code    76  net_common.o(i.net_xtoul)
    app_main_attr                            0x0801c4c4   Data          36  http_server.o(.constdata)
    imageLastModified                        0x0801c4e8   Data           4  web.o(.constdata)
    Arial12x12                               0x080235ac   Data        2400  lcd.o(.constdata)
    irqRtxLib                                0x08023f14   Data           1  irq_armv7m.o(.constdata)
    irqRtxLibRef                             0x08023f78   Data           4  rtx_lib.o(.constdata)
    osRtxUserSVC                             0x08023f7c   Data           4  rtx_lib.o(.constdata)
    Driver_ETH_PHY0                          0x08023f84   Data          32  phy_lan8742a.o(.constdata)
    Driver_ETH_MAC0                          0x08023ff4   Data          68  emac_stm32f4xx.o(.constdata)
    Driver_SPI1                              0x0802408c   Data          44  spi_stm32f4xx.o(.constdata)
    EventRecorderInfo                        0x080240b8   Data          24  eventrecorder.o(.constdata)
    AHBPrescTable                            0x080240d8   Data          16  system_stm32f4xx.o(.constdata)
    APBPrescTable                            0x080240e8   Data           8  system_stm32f4xx.o(.constdata)
    net_sys_config                           0x08024178   Data          28  net_config.o(.constdata)
    net_eth0_if_config                       0x080241ec   Data          44  net_config.o(.constdata)
    net_eth_list                             0x08024238   Data           8  net_config.o(.constdata)
    net_if_list_lan                          0x08024240   Data           8  net_config.o(.constdata)
    net_if_list_all                          0x08024248   Data           8  net_config.o(.constdata)
    net_if_inet_def                          0x08024250   Data           8  net_config.o(.constdata)
    net_if_link_def                          0x08024258   Data           8  net_config.o(.constdata)
    net_arp_list                             0x08024260   Data           8  net_config.o(.constdata)
    net_icmp_list                            0x08024268   Data           8  net_config.o(.constdata)
    net_igmp_list                            0x08024270   Data           8  net_config.o(.constdata)
    net_ndp_list                             0x08024278   Data           4  net_config.o(.constdata)
    net_icmp6_list                           0x0802427c   Data           4  net_config.o(.constdata)
    net_ip4_frag_config                      0x08024280   Data           8  net_config.o(.constdata)
    net_udp_config                           0x08024288   Data          12  net_config.o(.constdata)
    net_tcp_config                           0x08024294   Data          24  net_config.o(.constdata)
    net_http_config                          0x080242ac   Data          52  net_config.o(.constdata)
    net_sys_fn_uninit                        0x08024330   Data          44  net_config.o(.constdata)
    netif_getopt_func                        0x0802435c   Data          16  net_config.o(.constdata)
    netif_setopt_func                        0x0802436c   Data          16  net_config.o(.constdata)
    net_loop_if_config                       0x08024384   Data          44  net_loopback.o(.constdata)
    net_ping_payload                         0x080244be   Data          18  net_ping_core.o(.constdata)
    net_addr_unspec                          0x080244d0   Data          16  net_addr.o(.constdata)
    net_addr_bcast                           0x080244e0   Data           6  net_addr.o(.constdata)
    net_addr4_loopback                       0x080244e6   Data           4  net_ip4.o(.constdata)
    net_addr6_all_nodes                      0x080244ea   Data          16  net_ip6.o(.constdata)
    net_addr6_loopback                       0x080244fa   Data          16  net_ip6.o(.constdata)
    net_http_error                           0x0802450c   Data          24  net_http_server_err.o(.constdata)
    net_lib_version                          0x08024534   Data           4  net_version.o(.constdata)
    network_ip4ip6_debug_v7.15.0             0x08024534   Data           4  net_version.o(.constdata)
    osRtxConfig                              0x080248ec   Data         112  rtx_lib.o(.rodata)
    os_cb_sections                           0x0802495c   Data          56  rtx_lib.o(.rodata)
    Region$$Table$$Base                      0x08024994   Number         0  anon$$obj.o(Region$$Table)
    Region$$Table$$Limit                     0x080249c4   Number         0  anon$$obj.o(Region$$Table)
    .bss.os.msgqueue.cb$$Base                0x20008044   Number         0  rtx_lib.o(.bss.os.msgqueue.cb)
    .bss.os.msgqueue.cb$$Limit               0x20008078   Number         0  rtx_lib.o(.bss.os.msgqueue.cb)
    .bss.os.mutex.cb$$Base                   0x200080c8   Number         0  net_config.o(.bss.os.mutex.cb)
    .bss.os.mutex.cb$$Limit                  0x20008100   Number         0  net_config.o(.bss.os.mutex.cb)
    .bss.os.semaphore.cb$$Base               0x20008100   Number         0  net_config.o(.bss.os.semaphore.cb)
    .bss.os.semaphore.cb$$Limit              0x20008110   Number         0  net_config.o(.bss.os.semaphore.cb)
    .bss.os.thread.cb$$Base                  0x20008110   Number         0  rtx_lib.o(.bss.os.thread.cb)
    .bss.os.thread.cb$$Limit                 0x20008220   Number         0  net_config.o(.bss.os.thread.cb)
    .bss.os.timer.cb$$Base                   0x20008620   Number         0  net_config.o(.bss.os.timer.cb)
    .bss.os.timer.cb$$Limit                  0x20008640   Number         0  net_config.o(.bss.os.timer.cb)
    LEDrun                                   0x20008644   Data           1  http_server.o(.data)
    lcd_text                                 0x20008645   Data          42  http_server.o(.data)
    TID_Display                              0x20008670   Data           4  http_server.o(.data)
    TID_Led                                  0x20008674   Data           4  http_server.o(.data)
    TID_Alarma                               0x20008678   Data           4  http_server.o(.data)
    SPIdrv                                   0x20008684   Data           4  lcd.o(.data)
    positionL1                               0x20008688   Data           2  lcd.o(.data)
    positionL2                               0x2000868a   Data           2  lcd.o(.data)
    sdatestructureget                        0x2000868c   Data           4  rtc.o(.data)
    alarma_activada                          0x20008690   Data           1  rtc.o(.data)
    uwTick                                   0x20008694   Data           4  stm32f4xx_hal.o(.data)
    uwTickPrio                               0x20008698   Data           4  stm32f4xx_hal.o(.data)
    uwTickFreq                               0x2000869c   Data           1  stm32f4xx_hal.o(.data)
    SystemCoreClock                          0x200086a0   Data           4  system_stm32f4xx.o(.data)
    net_eth0_igmp_control                    0x200086b2   Data           4  net_igmp.o(.data)
    net_eth0_icmp_control                    0x200086c0   Data           1  net_icmp.o(.data)
    osRtxInfo                                0x200086e4   Data         164  rtx_kernel.o(.data.os)
    app_main_stk                             0x20008788   Data        1024  http_server.o(.bss)
    adchandle                                0x20008b88   Data          72  http_server.o(.bss)
    GPIO_InitStruct                          0x20008c48   Data          20  lcd.o(.bss)
    buffer                                   0x20008c5c   Data         512  lcd.o(.bss)
    RtcHandle                                0x20008e5c   Data          32  rtc.o(.bss)
    Hora                                     0x20008e7c   Data          40  rtc.o(.bss)
    Fecha                                    0x20008ea4   Data          40  rtc.o(.bss)
    stimestructureget                        0x20008ecc   Data          20  rtc.o(.bss)
    Alarma                                   0x20008ee0   Data          40  rtc.o(.bss)
    net_eth0_if_control                      0x2000efe8   Data         160  net_eth.o(.bss)
    net_eth0_arp_control                     0x2000f088   Data          24  net_arp.o(.bss)
    net_http_control                         0x2000f140   Data          20  net_http_server.o(.bss)
    net_ping_control                         0x2000f154   Data          44  net_ping_core.o(.bss)
    net_sys_control                          0x2000f190   Data          28  net_sys.o(.bss)
    net_dbg_buf                              0x2000f1b8   Data          36  net_sys.o(.bss)
    __initial_sp                             0x2000f650   Data           0  startup_stm32f429xx.o(STACK)



==============================================================================

Memory Map of the image

  Image Entry point : 0x080001ad

  Load Region LR_IROM1 (Base: 0x08000000, Size: 0x0002d14c, Max: 0x00200000, ABSOLUTE, COMPRESSED[0x00024afc])

    Execution Region ER_IROM1 (Exec base: 0x08000000, Load base: 0x08000000, Size: 0x000249c4, Max: 0x00200000, ABSOLUTE)

    Exec Addr    Load Addr    Size         Type   Attr      Idx    E Section Name        Object

    0x08000000   0x08000000   0x000001ac   Data   RO         1552    RESET               startup_stm32f429xx.o
    0x080001ac   0x080001ac   0x00000000   Code   RO         2588  * .ARM.Collect$$$$00000000  mc_w.l(entry.o)
    0x080001ac   0x080001ac   0x00000004   Code   RO         2878    .ARM.Collect$$$$00000001  mc_w.l(entry2.o)
    0x080001b0   0x080001b0   0x00000004   Code   RO         2881    .ARM.Collect$$$$00000004  mc_w.l(entry5.o)
    0x080001b4   0x080001b4   0x00000000   Code   RO         2883    .ARM.Collect$$$$00000008  mc_w.l(entry7b.o)
    0x080001b4   0x080001b4   0x00000000   Code   RO         2885    .ARM.Collect$$$$0000000A  mc_w.l(entry8b.o)
    0x080001b4   0x080001b4   0x00000008   Code   RO         2886    .ARM.Collect$$$$0000000B  mc_w.l(entry9a.o)
    0x080001bc   0x080001bc   0x00000004   Code   RO         2893    .ARM.Collect$$$$0000000E  mc_w.l(entry12b.o)
    0x080001c0   0x080001c0   0x00000000   Code   RO         2888    .ARM.Collect$$$$0000000F  mc_w.l(entry10a.o)
    0x080001c0   0x080001c0   0x00000000   Code   RO         2890    .ARM.Collect$$$$00000011  mc_w.l(entry11a.o)
    0x080001c0   0x080001c0   0x00000004   Code   RO         2879    .ARM.Collect$$$$00002712  mc_w.l(entry2.o)
    0x080001c4   0x080001c4   0x00000148   Code   RO          701    .emb_text           rtx_mempool.o
    0x0800030c   0x0800030c   0x00000148   Code   RO          732    .emb_text           rtx_msgqueue.o
    0x08000454   0x08000454   0x00000148   Code   RO          797    .emb_text           rtx_semaphore.o
    0x0800059c   0x0800059c   0x00000148   Code   RO          828    .emb_text           rtx_system.o
    0x080006e4   0x080006e4   0x00000148   Code   RO          862    .emb_text           rtx_thread.o
    0x0800082c   0x0800082c   0x00000084   Code   RO         1074    .emb_text           eventrecorder.o
    0x080008b0   0x080008b0   0x00000138   Code   RO            4    .text               main.o
    0x080009e8   0x080009e8   0x00000178   Code   RO          150    .text               http_server.o
    0x08000b60   0x08000b60   0x00000988   Code   RO          228    .text               http_server_cgi.o
    0x080014e8   0x080014e8   0x00000088   Code   RO          264    .text               web.o
    0x08001570   0x08001570   0x000001dc   Code   RO          282    .text               leds.o
    0x0800174c   0x0800174c   0x00000554   Code   RO          306    .text               lcd.o
    0x08001ca0   0x08001ca0   0x00000140   Code   RO          349    .text               adc.o
    0x08001de0   0x08001de0   0x000001dc   Code   RO          373    .text               rtc.o
    0x08001fbc   0x08001fbc   0x00000084   Code   RO          401    .text               stm32f4xx_hal_msp.o
    0x08002040   0x08002040   0x000000bc   Code   RO          425    .text               buttons_nucleo_f429zi.o
    0x080020fc   0x080020fc   0x00000094   Code   RO          449    .text               irq_armv7m.o
    0x08002190   0x08002190   0x0000011c   Code   RO          457    .text               rtx_delay.o
    0x080022ac   0x080022ac   0x00000dd8   Code   RO          555    .text               rtx_evr.o
    0x08003084   0x08003084   0x000008b0   Code   RO          580    .text               rtx_kernel.o
    0x08003934   0x08003934   0x00000018   Code   RO          628    .text               rtx_lib.o
    0x0800394c   0x0800394c   0x000001de   Code   RO          671    .text               rtx_memory.o
    0x08003b2a   0x08003b2a   0x00000002   PAD
    0x08003b2c   0x08003b2c   0x000007a4   Code   RO          702    .text               rtx_mempool.o
    0x080042d0   0x080042d0   0x00000b88   Code   RO          733    .text               rtx_msgqueue.o
    0x08004e58   0x08004e58   0x00000644   Code   RO          767    .text               rtx_mutex.o
    0x0800549c   0x0800549c   0x00000532   Code   RO          798    .text               rtx_semaphore.o
    0x080059ce   0x080059ce   0x00000002   PAD
    0x080059d0   0x080059d0   0x000001bc   Code   RO          829    .text               rtx_system.o
    0x08005b8c   0x08005b8c   0x0000156c   Code   RO          863    .text               rtx_thread.o
    0x080070f8   0x080070f8   0x00000538   Code   RO          897    .text               rtx_timer.o
    0x08007630   0x08007630   0x000000dc   Code   RO          927    .text               os_systick.o
    0x0800770c   0x0800770c   0x00000024   Code   RO          953    .text               rtx_config.o
    0x08007730   0x08007730   0x00000224   Code   RO          974    .text               phy_lan8742a.o
    0x08007954   0x08007954   0x00000d0c   Code   RO         1001    .text               emac_stm32f4xx.o
    0x08008660   0x08008660   0x00001014   Code   RO         1039    .text               spi_stm32f4xx.o
    0x08009674   0x08009674   0x00000618   Code   RO         1075    .text               eventrecorder.o
    0x08009c8c   0x08009c8c   0x00000210   Code   RO         1110    .text               stm32f4xx_hal.o
    0x08009e9c   0x08009e9c   0x00000ca8   Code   RO         1140    .text               stm32f4xx_hal_adc.o
    0x0800ab44   0x0800ab44   0x00000894   Code   RO         1164    .text               stm32f4xx_hal_adc_ex.o
    0x0800b3d8   0x0800b3d8   0x00000384   Code   RO         1188    .text               stm32f4xx_hal_cortex.o
    0x0800b75c   0x0800b75c   0x000008b0   Code   RO         1216    .text               stm32f4xx_hal_dma.o
    0x0800c00c   0x0800c00c   0x000003e4   Code   RO         1265    .text               stm32f4xx_hal_gpio.o
    0x0800c3f0   0x0800c3f0   0x000001dc   Code   RO         1289    .text               stm32f4xx_hal_pwr.o
    0x0800c5cc   0x0800c5cc   0x00000934   Code   RO         1337    .text               stm32f4xx_hal_rcc.o
    0x0800cf00   0x0800cf00   0x00000734   Code   RO         1361    .text               stm32f4xx_hal_rcc_ex.o
    0x0800d634   0x0800d634   0x00000b78   Code   RO         1385    .text               stm32f4xx_hal_rtc.o
    0x0800e1ac   0x0800e1ac   0x00000de6   Code   RO         1409    .text               stm32f4xx_hal_rtc_ex.o
    0x0800ef92   0x0800ef92   0x00000002   PAD
    0x0800ef94   0x0800ef94   0x00002b72   Code   RO         1481    .text               stm32f4xx_hal_tim.o
    0x08011b06   0x08011b06   0x00000002   PAD
    0x08011b08   0x08011b08   0x00000e84   Code   RO         1505    .text               stm32f4xx_hal_tim_ex.o
    0x0801298c   0x0801298c   0x00000024   Code   RO         1553    .text               startup_stm32f429xx.o
    0x080129b0   0x080129b0   0x000000cc   Code   RO         1560    .text               system_stm32f4xx.o
    0x08012a7c   0x08012a7c   0x00000168   Code   RO         1588    .text               net_config.o
    0x08012be4   0x08012be4   0x00000150   Code   RO         1637    .text               net_debug.o
    0x08012d34   0x08012d34   0x00000062   Code   RO         2591    .text               mc_w.l(uldiv.o)
    0x08012d96   0x08012d96   0x00000024   Code   RO         2593    .text               mc_w.l(memcpya.o)
    0x08012dba   0x08012dba   0x00000024   Code   RO         2595    .text               mc_w.l(memseta.o)
    0x08012dde   0x08012dde   0x0000000e   Code   RO         2597    .text               mc_w.l(strlen.o)
    0x08012dec   0x08012dec   0x0000001c   Code   RO         2599    .text               mc_w.l(strcmp.o)
    0x08012e08   0x08012e08   0x0000001a   Code   RO         2601    .text               mc_w.l(memcmp.o)
    0x08012e22   0x08012e22   0x00000012   Code   RO         2603    .text               mc_w.l(strcpy.o)
    0x08012e34   0x08012e34   0x0000001e   Code   RO         2605    .text               mc_w.l(strncmp.o)
    0x08012e52   0x08012e52   0x00000064   Code   RO         2870    .text               mf_w.l(fmul.o)
    0x08012eb6   0x08012eb6   0x000000de   Code   RO         2872    .text               mf_w.l(ddiv.o)
    0x08012f94   0x08012f94   0x0000000a   Code   RO         2874    .text               mf_w.l(ffltui.o)
    0x08012f9e   0x08012f9e   0x00000026   Code   RO         2876    .text               mf_w.l(f2d.o)
    0x08012fc4   0x08012fc4   0x0000002c   Code   RO         2897    .text               mc_w.l(uidiv.o)
    0x08012ff0   0x08012ff0   0x0000001e   Code   RO         2899    .text               mc_w.l(llshl.o)
    0x0801300e   0x0801300e   0x00000020   Code   RO         2901    .text               mc_w.l(llushr.o)
    0x0801302e   0x0801302e   0x00000000   Code   RO         2903    .text               mc_w.l(iusefp.o)
    0x0801302e   0x0801302e   0x0000006e   Code   RO         2904    .text               mf_w.l(fepilogue.o)
    0x0801309c   0x0801309c   0x000000ba   Code   RO         2906    .text               mf_w.l(depilogue.o)
    0x08013156   0x08013156   0x0000014e   Code   RO         2908    .text               mf_w.l(dadd.o)
    0x080132a4   0x080132a4   0x000000e4   Code   RO         2910    .text               mf_w.l(dmul.o)
    0x08013388   0x08013388   0x00000030   Code   RO         2912    .text               mf_w.l(dfixul.o)
    0x080133b8   0x080133b8   0x00000030   Code   RO         2914    .text               mf_w.l(cdrcmple.o)
    0x080133e8   0x080133e8   0x00000024   Code   RO         2916    .text               mc_w.l(init.o)
    0x0801340c   0x0801340c   0x00000024   Code   RO         2919    .text               mc_w.l(llsshr.o)
    0x08013430   0x08013430   0x00000056   Code   RO         2929    .text               mc_w.l(__dczerorl2.o)
    0x08013486   0x08013486   0x00000002   PAD
    0x08013488   0x08013488   0x00000028   Code   RO         2844    i.__0sprintf        mc_w.l(printfa.o)
    0x080134b0   0x080134b0   0x0000000e   Code   RO         2923    i.__scatterload_copy  mc_w.l(handlers.o)
    0x080134be   0x080134be   0x00000002   Code   RO         2924    i.__scatterload_null  mc_w.l(handlers.o)
    0x080134c0   0x080134c0   0x0000000e   Code   RO         2925    i.__scatterload_zeroinit  mc_w.l(handlers.o)
    0x080134ce   0x080134ce   0x00000002   PAD
    0x080134d0   0x080134d0   0x00000184   Code   RO         2849    i._fp_digits        mc_w.l(printfa.o)
    0x08013654   0x08013654   0x000006b4   Code   RO         2850    i._printf_core      mc_w.l(printfa.o)
    0x08013d08   0x08013d08   0x00000024   Code   RO         2851    i._printf_post_padding  mc_w.l(printfa.o)
    0x08013d2c   0x08013d2c   0x0000002e   Code   RO         2852    i._printf_pre_padding  mc_w.l(printfa.o)
    0x08013d5a   0x08013d5a   0x0000000a   Code   RO         2854    i._sputc            mc_w.l(printfa.o)
    0x08013d64   0x08013d64   0x00000054   Code   RO         2076    i.add_server_id     Net_Dbg_CM3_L.lib(net_http_server.o)
    0x08013db8   0x08013db8   0x0000005c   Code   RO         1723    i.arp_cache_alloc   Net_Dbg_CM3_L.lib(net_arp.o)
    0x08013e14   0x08013e14   0x00000170   Code   RO         1724    i.arp_cache_run     Net_Dbg_CM3_L.lib(net_arp.o)
    0x08013f84   0x08013f84   0x00000038   Code   RO         1725    i.arp_is_cacheable  Net_Dbg_CM3_L.lib(net_arp.o)
    0x08013fbc   0x08013fbc   0x00000088   Code   RO         1726    i.arp_probe_run     Net_Dbg_CM3_L.lib(net_arp.o)
    0x08014044   0x08014044   0x000000d8   Code   RO         1728    i.arp_proc_response  Net_Dbg_CM3_L.lib(net_arp.o)
    0x0801411c   0x0801411c   0x0000001a   Code   RO         1729    i.arp_que_free      Net_Dbg_CM3_L.lib(net_arp.o)
    0x08014136   0x08014136   0x00000002   PAD
    0x08014138   0x08014138   0x000000a0   Code   RO         1730    i.arp_send_reply    Net_Dbg_CM3_L.lib(net_arp.o)
    0x080141d8   0x080141d8   0x000000d0   Code   RO         1731    i.arp_send_request  Net_Dbg_CM3_L.lib(net_arp.o)
    0x080142a8   0x080142a8   0x00000068   Code   RO         1732    i.arp_sender_valid  Net_Dbg_CM3_L.lib(net_arp.o)
    0x08014310   0x08014310   0x0000018c   Code   RO         2077    i.chk_post_req      Net_Dbg_CM3_L.lib(net_http_server.o)
    0x0801449c   0x0801449c   0x00000028   Code   RO         2528    i.crc32_8bit        Net_Dbg_CM3_L.lib(net_common.o)
    0x080144c4   0x080144c4   0x0000009a   Code   RO         1667    i.eth_check_link    Net_Dbg_CM3_L.lib(net_eth.o)
    0x0801455e   0x0801455e   0x00000002   PAD
    0x08014560   0x08014560   0x00000020   Code   RO         1668    i.eth_if_map        Net_Dbg_CM3_L.lib(net_eth.o)
    0x08014580   0x08014580   0x00000304   Code   RO         1669    i.eth_iface_init    Net_Dbg_CM3_L.lib(net_eth.o)
    0x08014884   0x08014884   0x00000290   Code   RO         1670    i.eth_iface_run     Net_Dbg_CM3_L.lib(net_eth.o)
    0x08014b14   0x08014b14   0x0000007c   Code   RO         1671    i.eth_iface_uninit  Net_Dbg_CM3_L.lib(net_eth.o)
    0x08014b90   0x08014b90   0x00000008   Code   RO         1672    i.eth_lock          Net_Dbg_CM3_L.lib(net_eth.o)
    0x08014b98   0x08014b98   0x0000001c   Code   RO         1673    i.eth_mtu_limit     Net_Dbg_CM3_L.lib(net_eth.o)
    0x08014bb4   0x08014bb4   0x00000048   Code   RO         1674    i.eth_opt_len       Net_Dbg_CM3_L.lib(net_eth.o)
    0x08014bfc   0x08014bfc   0x00000088   Code   RO         1675    i.eth_receive       Net_Dbg_CM3_L.lib(net_eth.o)
    0x08014c84   0x08014c84   0x00000008   Code   RO         1676    i.eth_unlock        Net_Dbg_CM3_L.lib(net_eth.o)
    0x08014c8c   0x08014c8c   0x0000007c   Code   RO         1840    i.frag_map_session  Net_Dbg_CM3_L.lib(net_ip4_frag.o)
    0x08014d08   0x08014d08   0x00000028   Code   RO         2078    i.get_next_field    Net_Dbg_CM3_L.lib(net_http_server.o)
    0x08014d30   0x08014d30   0x00000032   Code   RO         2079    i.get_next_par      Net_Dbg_CM3_L.lib(net_http_server.o)
    0x08014d62   0x08014d62   0x00000022   Code   RO         2080    i.hex2byte          Net_Dbg_CM3_L.lib(net_http_server.o)
    0x08014d84   0x08014d84   0x0000036c   Code   RO         2081    i.http_add_header   Net_Dbg_CM3_L.lib(net_http_server.o)
    0x080150f0   0x080150f0   0x000001cc   Code   RO         2082    i.http_error_msg    Net_Dbg_CM3_L.lib(net_http_server.o)
    0x080152bc   0x080152bc   0x00000078   Code   RO         2083    i.http_get_ftype    Net_Dbg_CM3_L.lib(net_http_server.o)
    0x08015334   0x08015334   0x0000005e   Code   RO         2084    i.http_kill_session  Net_Dbg_CM3_L.lib(net_http_server.o)
    0x08015392   0x08015392   0x00000002   PAD
    0x08015394   0x08015394   0x000002a8   Code   RO         2085    i.http_listener     Net_Dbg_CM3_L.lib(net_http_server.o)
    0x0801563c   0x0801563c   0x00000184   Code   RO         2086    i.http_open_file    Net_Dbg_CM3_L.lib(net_http_server.o)
    0x080157c0   0x080157c0   0x0000011c   Code   RO         2087    i.http_parse_header  Net_Dbg_CM3_L.lib(net_http_server.o)
    0x080158dc   0x080158dc   0x000001a8   Code   RO         2088    i.http_proc_multipart  Net_Dbg_CM3_L.lib(net_http_server.o)
    0x08015a84   0x08015a84   0x00000138   Code   RO         2089    i.http_proc_post    Net_Dbg_CM3_L.lib(net_http_server.o)
    0x08015bbc   0x08015bbc   0x00000468   Code   RO         2090    i.http_server_run   Net_Dbg_CM3_L.lib(net_http_server.o)
    0x08016024   0x08016024   0x00000060   Code   RO         2091    i.http_server_start  Net_Dbg_CM3_L.lib(net_http_server.o)
    0x08016084   0x08016084   0x00000020   Code   RO         2093    i.http_strcpy       Net_Dbg_CM3_L.lib(net_http_server.o)
    0x080160a4   0x080160a4   0x000000ac   Code   RO         2094    i.http_to_utc       Net_Dbg_CM3_L.lib(net_http_server.o)
    0x08016150   0x08016150   0x0000001a   Code   RO         2529    i.i2str             Net_Dbg_CM3_L.lib(net_common.o)
    0x0801616a   0x0801616a   0x00000002   PAD
    0x0801616c   0x0801616c   0x0000009c   Code   RO         1790    i.igmp_host_run     Net_Dbg_CM3_L.lib(net_igmp.o)
    0x08016208   0x08016208   0x00000024   Code   RO         1791    i.igmp_map_group    Net_Dbg_CM3_L.lib(net_igmp.o)
    0x0801622c   0x0801622c   0x00000070   Code   RO         1792    i.igmp_send_report  Net_Dbg_CM3_L.lib(net_igmp.o)
    0x0801629c   0x0801629c   0x0000000c   Code   RO         2406    i.ip4_get_chksum    Net_Dbg_CM3_L.lib(net_ip4.o)
    0x080162a8   0x080162a8   0x00000028   Code   RO         2407    i.ip4_get_mtu       Net_Dbg_CM3_L.lib(net_ip4.o)
    0x080162d0   0x080162d0   0x00000040   Code   RO         2269    i.ip4_ntoa          Net_Dbg_CM3_L.lib(net_addr.o)
    0x08016310   0x08016310   0x000000ca   Code   RO         2270    i.ip6_ntoa          Net_Dbg_CM3_L.lib(net_addr.o)
    0x080163da   0x080163da   0x00000002   PAD
    0x080163dc   0x080163dc   0x0000000c   Code   RO         2505    i.mem_lock          Net_Dbg_CM3_L.lib(net_mem.o)
    0x080163e8   0x080163e8   0x0000000c   Code   RO         2506    i.mem_unlock        Net_Dbg_CM3_L.lib(net_mem.o)
    0x080163f4   0x080163f4   0x000001a4   Code   RO         2062    i.nbns_listener     Net_Dbg_CM3_L.lib(net_nbns_client.o)
    0x08016598   0x08016598   0x00000120   Code   RO         2336    i.ndp_cache_add     Net_Dbg_CM3_L.lib(net_ndp.o)
    0x080166b8   0x080166b8   0x00000072   Code   RO         2337    i.ndp_cache_alloc   Net_Dbg_CM3_L.lib(net_ndp.o)
    0x0801672a   0x0801672a   0x00000002   PAD
    0x0801672c   0x0801672c   0x00000078   Code   RO         2338    i.ndp_cache_delete  Net_Dbg_CM3_L.lib(net_ndp.o)
    0x080167a4   0x080167a4   0x0000002c   Code   RO         2340    i.ndp_check_frame   Net_Dbg_CM3_L.lib(net_ndp.o)
    0x080167d0   0x080167d0   0x00000012   Code   RO         2341    i.ndp_next_opt      Net_Dbg_CM3_L.lib(net_ndp.o)
    0x080167e2   0x080167e2   0x00000002   PAD
    0x080167e4   0x080167e4   0x000000e4   Code   RO         2342    i.ndp_prefix_add    Net_Dbg_CM3_L.lib(net_ndp.o)
    0x080168c8   0x080168c8   0x000000fc   Code   RO         2345    i.ndp_proc_response  Net_Dbg_CM3_L.lib(net_ndp.o)
    0x080169c4   0x080169c4   0x0000001a   Code   RO         2346    i.ndp_que_free      Net_Dbg_CM3_L.lib(net_ndp.o)
    0x080169de   0x080169de   0x00000002   PAD
    0x080169e0   0x080169e0   0x00000038   Code   RO         2347    i.ndp_router_remove  Net_Dbg_CM3_L.lib(net_ndp.o)
    0x08016a18   0x08016a18   0x0000009c   Code   RO         2348    i.ndp_send_reply    Net_Dbg_CM3_L.lib(net_ndp.o)
    0x08016ab4   0x08016ab4   0x000000bc   Code   RO         2349    i.ndp_send_request  Net_Dbg_CM3_L.lib(net_ndp.o)
    0x08016b70   0x08016b70   0x00000004   Code   RO         2095    i.netCGI_Charset    Net_Dbg_CM3_L.lib(net_http_server.o)
    0x08016b74   0x08016b74   0x00000004   Code   RO         2096    i.netCGI_ContentType  Net_Dbg_CM3_L.lib(net_http_server.o)
    0x08016b78   0x08016b78   0x00000004   Code   RO         2097    i.netCGI_CustomHeader  Net_Dbg_CM3_L.lib(net_http_server.o)
    0x08016b7c   0x08016b7c   0x0000006c   Code   RO         2098    i.netCGI_GetEnvVar  Net_Dbg_CM3_L.lib(net_http_server.o)
    0x08016be8   0x08016be8   0x00000004   Code   RO         2101    i.netCGI_Redirect   Net_Dbg_CM3_L.lib(net_http_server.o)
    0x08016bec   0x08016bec   0x00000004   Code   RO         2103    i.netCGX_ContentType  Net_Dbg_CM3_L.lib(net_http_server.o)
    0x08016bf0   0x08016bf0   0x00000064   Code   RO         2219    i.netCore_Thread    Net_Dbg_CM3_L.lib(net_sys.o)
    0x08016c54   0x08016c54   0x00000002   Code   RO         1677    i.netETH_Notify     Net_Dbg_CM3_L.lib(net_eth.o)
    0x08016c56   0x08016c56   0x00000002   Code   RO         1678    i.netETH_ReceiveRaw  Net_Dbg_CM3_L.lib(net_eth.o)
    0x08016c58   0x08016c58   0x00000072   Code   RO         1680    i.netETH_Thread     Net_Dbg_CM3_L.lib(net_eth.o)
    0x08016cca   0x08016cca   0x00000004   Code   RO         2104    i.netHTTPs_AcceptClient  Net_Dbg_CM3_L.lib(net_http_server.o)
    0x08016cce   0x08016cce   0x00000004   Code   RO         2106    i.netHTTPs_FileAccess  Net_Dbg_CM3_L.lib(net_http_server.o)
    0x08016cd2   0x08016cd2   0x00000002   PAD
    0x08016cd4   0x08016cd4   0x00000020   Code   RO         2109    i.netHTTPs_GetLanguage  Net_Dbg_CM3_L.lib(net_http_server.o)
    0x08016cf4   0x08016cf4   0x0000000c   Code   RO         2110    i.netHTTPs_GetPassword  Net_Dbg_CM3_L.lib(net_http_server.o)
    0x08016d00   0x08016d00   0x0000000c   Code   RO         2116    i.netHTTPs_LoginActive  Net_Dbg_CM3_L.lib(net_http_server.o)
    0x08016d0c   0x08016d0c   0x00000058   Code   RO         2119    i.netHTTPs_SetPassword  Net_Dbg_CM3_L.lib(net_http_server.o)
    0x08016d64   0x08016d64   0x00000088   Code   RO         2220    i.netIF_GetOption   Net_Dbg_CM3_L.lib(net_sys.o)
    0x08016dec   0x08016dec   0x00000084   Code   RO         2222    i.netIF_SetOption   Net_Dbg_CM3_L.lib(net_sys.o)
    0x08016e70   0x08016e70   0x0000001a   Code   RO         2272    i.netIP_aton        Net_Dbg_CM3_L.lib(net_addr.o)
    0x08016e8a   0x08016e8a   0x00000032   Code   RO         2273    i.netIP_ntoa        Net_Dbg_CM3_L.lib(net_addr.o)
    0x08016ebc   0x08016ebc   0x000000ac   Code   RO         2223    i.netInitialize     Net_Dbg_CM3_L.lib(net_sys.o)
    0x08016f68   0x08016f68   0x0000008c   Code   RO         2274    i.netMAC_aton       Net_Dbg_CM3_L.lib(net_addr.o)
    0x08016ff4   0x08016ff4   0x00000004   Code   RO         1943    i.netTCP_GetLocalPort  Net_Dbg_CM3_L.lib(net_tcp.o)
    0x08016ff8   0x08016ff8   0x00000020   Code   RO         1945    i.netTCP_GetPeer    Net_Dbg_CM3_L.lib(net_tcp.o)
    0x08017018   0x08017018   0x00000004   Code   RO         1947    i.netTCP_GetState   Net_Dbg_CM3_L.lib(net_tcp.o)
    0x0801701c   0x0801701c   0x00000004   Code   RO         1948    i.netTCP_GetTimer   Net_Dbg_CM3_L.lib(net_tcp.o)
    0x08017020   0x08017020   0x0000007c   Code   RO         2276    i.net_addr4_aton    Net_Dbg_CM3_L.lib(net_addr.o)
    0x0801709c   0x0801709c   0x0000001e   Code   RO         2278    i.net_addr4_to_mac  Net_Dbg_CM3_L.lib(net_addr.o)
    0x080170ba   0x080170ba   0x00000002   PAD
    0x080170bc   0x080170bc   0x000000e6   Code   RO         2279    i.net_addr6_aton    Net_Dbg_CM3_L.lib(net_addr.o)
    0x080171a2   0x080171a2   0x00000028   Code   RO         2280    i.net_addr6_comp    Net_Dbg_CM3_L.lib(net_addr.o)
    0x080171ca   0x080171ca   0x00000012   Code   RO         2281    i.net_addr6_copy    Net_Dbg_CM3_L.lib(net_addr.o)
    0x080171dc   0x080171dc   0x0000004c   Code   RO         2282    i.net_addr6_create  Net_Dbg_CM3_L.lib(net_addr.o)
    0x08017228   0x08017228   0x00000028   Code   RO         2283    i.net_addr6_get_solicited  Net_Dbg_CM3_L.lib(net_addr.o)
    0x08017250   0x08017250   0x00000018   Code   RO         2284    i.net_addr6_is_linklocal  Net_Dbg_CM3_L.lib(net_addr.o)
    0x08017268   0x08017268   0x0000006e   Code   RO         2285    i.net_addr6_is_onlink  Net_Dbg_CM3_L.lib(net_addr.o)
    0x080172d6   0x080172d6   0x00000048   Code   RO         2286    i.net_addr6_is_solicited  Net_Dbg_CM3_L.lib(net_addr.o)
    0x0801731e   0x0801731e   0x00000018   Code   RO         2287    i.net_addr6_is_unspec  Net_Dbg_CM3_L.lib(net_addr.o)
    0x08017336   0x08017336   0x0000000e   Code   RO         2289    i.net_addr6_to_mac  Net_Dbg_CM3_L.lib(net_addr.o)
    0x08017344   0x08017344   0x00000026   Code   RO         2291    i.net_addr_copy     Net_Dbg_CM3_L.lib(net_addr.o)
    0x0801736a   0x0801736a   0x0000001a   Code   RO         2292    i.net_addr_find_route  Net_Dbg_CM3_L.lib(net_addr.o)
    0x08017384   0x08017384   0x00000020   Code   RO         2294    i.net_addr_get_local  Net_Dbg_CM3_L.lib(net_addr.o)
    0x080173a4   0x080173a4   0x00000022   Code   RO         2295    i.net_addr_is_unspec  Net_Dbg_CM3_L.lib(net_addr.o)
    0x080173c6   0x080173c6   0x00000002   PAD
    0x080173c8   0x080173c8   0x0000011c   Code   RO         1740    i.net_arp_cache_add  Net_Dbg_CM3_L.lib(net_arp.o)
    0x080174e4   0x080174e4   0x000000bc   Code   RO         1741    i.net_arp_cache_early  Net_Dbg_CM3_L.lib(net_arp.o)
    0x080175a0   0x080175a0   0x000000ec   Code   RO         1742    i.net_arp_cache_find  Net_Dbg_CM3_L.lib(net_arp.o)
    0x0801768c   0x0801768c   0x00000048   Code   RO         1743    i.net_arp_cache_init  Net_Dbg_CM3_L.lib(net_arp.o)
    0x080176d4   0x080176d4   0x0000001c   Code   RO         1744    i.net_arp_cache_run  Net_Dbg_CM3_L.lib(net_arp.o)
    0x080176f0   0x080176f0   0x00000040   Code   RO         1745    i.net_arp_cache_uninit  Net_Dbg_CM3_L.lib(net_arp.o)
    0x08017730   0x08017730   0x00000078   Code   RO         1746    i.net_arp_enqueue   Net_Dbg_CM3_L.lib(net_arp.o)
    0x080177a8   0x080177a8   0x00000020   Code   RO         1748    i.net_arp_notify    Net_Dbg_CM3_L.lib(net_arp.o)
    0x080177c8   0x080177c8   0x00000224   Code   RO         1750    i.net_arp_process   Net_Dbg_CM3_L.lib(net_arp.o)
    0x080179ec   0x080179ec   0x00000042   Code   RO         2530    i.net_atoi          Net_Dbg_CM3_L.lib(net_common.o)
    0x08017a2e   0x08017a2e   0x00000030   Code   RO         2532    i.net_chksum_buf    Net_Dbg_CM3_L.lib(net_common.o)
    0x08017a5e   0x08017a5e   0x0000001e   Code   RO         2533    i.net_crc_buf       Net_Dbg_CM3_L.lib(net_common.o)
    0x08017a7c   0x08017a7c   0x0000000e   Code   RO         1681    i.net_eth_callback  Net_Dbg_CM3_L.lib(net_eth.o)
    0x08017a8a   0x08017a8a   0x00000068   Code   RO         1682    i.net_eth_config_mcast  Net_Dbg_CM3_L.lib(net_eth.o)
    0x08017af2   0x08017af2   0x000000ea   Code   RO         1684    i.net_eth_get_option  Net_Dbg_CM3_L.lib(net_eth.o)
    0x08017bdc   0x08017bdc   0x0000001c   Code   RO         1685    i.net_eth_iface_init  Net_Dbg_CM3_L.lib(net_eth.o)
    0x08017bf8   0x08017bf8   0x0000001c   Code   RO         1686    i.net_eth_iface_run  Net_Dbg_CM3_L.lib(net_eth.o)
    0x08017c14   0x08017c14   0x0000001c   Code   RO         1687    i.net_eth_iface_uninit  Net_Dbg_CM3_L.lib(net_eth.o)
    0x08017c30   0x08017c30   0x000000a8   Code   RO         1688    i.net_eth_output    Net_Dbg_CM3_L.lib(net_eth.o)
    0x08017cd8   0x08017cd8   0x000001e0   Code   RO         1689    i.net_eth_send_frame  Net_Dbg_CM3_L.lib(net_eth.o)
    0x08017eb8   0x08017eb8   0x00000270   Code   RO         1690    i.net_eth_set_option  Net_Dbg_CM3_L.lib(net_eth.o)
    0x08018128   0x08018128   0x000000e8   Code   RO         2125    i.net_http_server_init  Net_Dbg_CM3_L.lib(net_http_server.o)
    0x08018210   0x08018210   0x00000028   Code   RO         2126    i.net_http_server_run  Net_Dbg_CM3_L.lib(net_http_server.o)
    0x08018238   0x08018238   0x00000070   Code   RO         2127    i.net_http_server_uninit  Net_Dbg_CM3_L.lib(net_http_server.o)
    0x080182a8   0x080182a8   0x00000018   Code   RO         2478    i.net_icmp6_init    Net_Dbg_CM3_L.lib(net_icmp6.o)
    0x080182c0   0x080182c0   0x00000238   Code   RO         2479    i.net_icmp6_process  Net_Dbg_CM3_L.lib(net_icmp6.o)
    0x080184f8   0x080184f8   0x00000084   Code   RO         2480    i.net_icmp6_send    Net_Dbg_CM3_L.lib(net_icmp6.o)
    0x0801857c   0x0801857c   0x00000058   Code   RO         2481    i.net_icmp6_send_echo  Net_Dbg_CM3_L.lib(net_icmp6.o)
    0x080185d4   0x080185d4   0x00000018   Code   RO         1862    i.net_icmp_init     Net_Dbg_CM3_L.lib(net_icmp.o)
    0x080185ec   0x080185ec   0x000001c8   Code   RO         1863    i.net_icmp_process  Net_Dbg_CM3_L.lib(net_icmp.o)
    0x080187b4   0x080187b4   0x000000a0   Code   RO         1864    i.net_icmp_send_echo  Net_Dbg_CM3_L.lib(net_icmp.o)
    0x08018854   0x08018854   0x0000000c   Code   RO         2227    i.net_if_map_all    Net_Dbg_CM3_L.lib(net_sys.o)
    0x08018860   0x08018860   0x0000006c   Code   RO         1795    i.net_igmp_collect_mcast  Net_Dbg_CM3_L.lib(net_igmp.o)
    0x080188cc   0x080188cc   0x00000048   Code   RO         1796    i.net_igmp_host_init  Net_Dbg_CM3_L.lib(net_igmp.o)
    0x08018914   0x08018914   0x0000001c   Code   RO         1797    i.net_igmp_host_run  Net_Dbg_CM3_L.lib(net_igmp.o)
    0x08018930   0x08018930   0x00000038   Code   RO         1798    i.net_igmp_host_uninit  Net_Dbg_CM3_L.lib(net_igmp.o)
    0x08018968   0x08018968   0x00000020   Code   RO         1799    i.net_igmp_is_member  Net_Dbg_CM3_L.lib(net_igmp.o)
    0x08018988   0x08018988   0x000001ac   Code   RO         1800    i.net_igmp_process  Net_Dbg_CM3_L.lib(net_igmp.o)
    0x08018b34   0x08018b34   0x0000018c   Code   RO         2408    i.net_ip4_chk_frame  Net_Dbg_CM3_L.lib(net_ip4.o)
    0x08018cc0   0x08018cc0   0x0000002c   Code   RO         2409    i.net_ip4_chksum    Net_Dbg_CM3_L.lib(net_ip4.o)
    0x08018cec   0x08018cec   0x00000006   Code   RO         2410    i.net_ip4_chksum_buf  Net_Dbg_CM3_L.lib(net_ip4.o)
    0x08018cf2   0x08018cf2   0x00000002   PAD
    0x08018cf4   0x08018cf4   0x00000080   Code   RO         2412    i.net_ip4_find_route  Net_Dbg_CM3_L.lib(net_ip4.o)
    0x08018d74   0x08018d74   0x00000124   Code   RO         1841    i.net_ip4_frag_add  Net_Dbg_CM3_L.lib(net_ip4_frag.o)
    0x08018e98   0x08018e98   0x000000ac   Code   RO         1842    i.net_ip4_frag_get  Net_Dbg_CM3_L.lib(net_ip4_frag.o)
    0x08018f44   0x08018f44   0x00000010   Code   RO         1843    i.net_ip4_frag_init  Net_Dbg_CM3_L.lib(net_ip4_frag.o)
    0x08018f54   0x08018f54   0x0000003c   Code   RO         1844    i.net_ip4_frag_run  Net_Dbg_CM3_L.lib(net_ip4_frag.o)
    0x08018f90   0x08018f90   0x00000010   Code   RO         1845    i.net_ip4_frag_uninit  Net_Dbg_CM3_L.lib(net_ip4_frag.o)
    0x08018fa0   0x08018fa0   0x0000002c   Code   RO         2413    i.net_ip4_get_local  Net_Dbg_CM3_L.lib(net_ip4.o)
    0x08018fcc   0x08018fcc   0x00000024   Code   RO         2414    i.net_ip4_init      Net_Dbg_CM3_L.lib(net_ip4.o)
    0x08018ff0   0x08018ff0   0x00000020   Code   RO         2415    i.net_ip4_is_onlink  Net_Dbg_CM3_L.lib(net_ip4.o)
    0x08019010   0x08019010   0x00000026   Code   RO         2416    i.net_ip4_is_subcast  Net_Dbg_CM3_L.lib(net_ip4.o)
    0x08019036   0x08019036   0x0000000e   Code   RO         2417    i.net_ip4_reass_frame  Net_Dbg_CM3_L.lib(net_ip4.o)
    0x08019044   0x08019044   0x00000164   Code   RO         2418    i.net_ip4_send_frame  Net_Dbg_CM3_L.lib(net_ip4.o)
    0x080191a8   0x080191a8   0x0000002a   Code   RO         2420    i.net_ip4_tx_offl_hl  Net_Dbg_CM3_L.lib(net_ip4.o)
    0x080191d2   0x080191d2   0x00000002   PAD
    0x080191d4   0x080191d4   0x00000020   Code   RO         2421    i.net_ip4_uninit    Net_Dbg_CM3_L.lib(net_ip4.o)
    0x080191f4   0x080191f4   0x00000100   Code   RO         2446    i.net_ip6_chk_frame  Net_Dbg_CM3_L.lib(net_ip6.o)
    0x080192f4   0x080192f4   0x00000032   Code   RO         2447    i.net_ip6_chksum    Net_Dbg_CM3_L.lib(net_ip6.o)
    0x08019326   0x08019326   0x00000002   PAD
    0x08019328   0x08019328   0x0000007c   Code   RO         2448    i.net_ip6_collect_mcast  Net_Dbg_CM3_L.lib(net_ip6.o)
    0x080193a4   0x080193a4   0x00000048   Code   RO         2450    i.net_ip6_find_route  Net_Dbg_CM3_L.lib(net_ip6.o)
    0x080193ec   0x080193ec   0x00000054   Code   RO         2451    i.net_ip6_get_local  Net_Dbg_CM3_L.lib(net_ip6.o)
    0x08019440   0x08019440   0x0000001c   Code   RO         2452    i.net_ip6_init      Net_Dbg_CM3_L.lib(net_ip6.o)
    0x0801945c   0x0801945c   0x000000cc   Code   RO         2453    i.net_ip6_send_frame  Net_Dbg_CM3_L.lib(net_ip6.o)
    0x08019528   0x08019528   0x0000001e   Code   RO         2455    i.net_ip6_tx_offl_hl  Net_Dbg_CM3_L.lib(net_ip6.o)
    0x08019546   0x08019546   0x00000002   PAD
    0x08019548   0x08019548   0x0000001c   Code   RO         2456    i.net_ip6_uninit    Net_Dbg_CM3_L.lib(net_ip6.o)
    0x08019564   0x08019564   0x00000008   Code   RO         2534    i.net_itoa          Net_Dbg_CM3_L.lib(net_common.o)
    0x0801956c   0x0801956c   0x00000006   Code   RO         2536    i.net_itoa_n0       Net_Dbg_CM3_L.lib(net_common.o)
    0x08019572   0x08019572   0x00000002   PAD
    0x08019574   0x08019574   0x00000030   Code   RO         1823    i.net_loop_iface_init  Net_Dbg_CM3_L.lib(net_loopback.o)
    0x080195a4   0x080195a4   0x000000bc   Code   RO         1824    i.net_loop_iface_run  Net_Dbg_CM3_L.lib(net_loopback.o)
    0x08019660   0x08019660   0x00000028   Code   RO         1825    i.net_loop_iface_uninit  Net_Dbg_CM3_L.lib(net_loopback.o)
    0x08019688   0x08019688   0x00000070   Code   RO         1826    i.net_loop_send_frame  Net_Dbg_CM3_L.lib(net_loopback.o)
    0x080196f8   0x080196f8   0x000000c0   Code   RO         2507    i.net_mem_alloc     Net_Dbg_CM3_L.lib(net_mem.o)
    0x080197b8   0x080197b8   0x0000001c   Code   RO         2508    i.net_mem_avail     Net_Dbg_CM3_L.lib(net_mem.o)
    0x080197d4   0x080197d4   0x000000a4   Code   RO         2509    i.net_mem_free      Net_Dbg_CM3_L.lib(net_mem.o)
    0x08019878   0x08019878   0x00000070   Code   RO         2510    i.net_mem_init      Net_Dbg_CM3_L.lib(net_mem.o)
    0x080198e8   0x080198e8   0x00000048   Code   RO         2511    i.net_mem_shrink    Net_Dbg_CM3_L.lib(net_mem.o)
    0x08019930   0x08019930   0x00000064   Code   RO         2063    i.net_nbns_client_init  Net_Dbg_CM3_L.lib(net_nbns_client.o)
    0x08019994   0x08019994   0x00000038   Code   RO         2064    i.net_nbns_client_uninit  Net_Dbg_CM3_L.lib(net_nbns_client.o)
    0x080199cc   0x080199cc   0x000001c4   Code   RO         2357    i.net_ndp_cache_find  Net_Dbg_CM3_L.lib(net_ndp.o)
    0x08019b90   0x08019b90   0x00000078   Code   RO         2360    i.net_ndp_cache_refresh  Net_Dbg_CM3_L.lib(net_ndp.o)
    0x08019c08   0x08019c08   0x00000070   Code   RO         2363    i.net_ndp_enqueue   Net_Dbg_CM3_L.lib(net_ndp.o)
    0x08019c78   0x08019c78   0x00000374   Code   RO         2365    i.net_ndp_process   Net_Dbg_CM3_L.lib(net_ndp.o)
    0x08019fec   0x08019fec   0x00000038   Code   RO         2229    i.net_path          Net_Dbg_CM3_L.lib(net_sys.o)
    0x0801a024   0x0801a024   0x00000020   Code   RO         2200    i.net_ping_client_init  Net_Dbg_CM3_L.lib(net_ping_core.o)
    0x0801a044   0x0801a044   0x00000080   Code   RO         2201    i.net_ping_client_run  Net_Dbg_CM3_L.lib(net_ping_core.o)
    0x0801a0c4   0x0801a0c4   0x00000020   Code   RO         2203    i.net_ping_client_uninit  Net_Dbg_CM3_L.lib(net_ping_core.o)
    0x0801a0e4   0x0801a0e4   0x0000001c   Code   RO         2230    i.net_rand32        Net_Dbg_CM3_L.lib(net_sys.o)
    0x0801a100   0x0801a100   0x0000002e   Code   RO         2537    i.net_strcasecmp    Net_Dbg_CM3_L.lib(net_common.o)
    0x0801a12e   0x0801a12e   0x0000001a   Code   RO         2539    i.net_strcmp        Net_Dbg_CM3_L.lib(net_common.o)
    0x0801a148   0x0801a148   0x00000012   Code   RO         2540    i.net_strcpy        Net_Dbg_CM3_L.lib(net_common.o)
    0x0801a15a   0x0801a15a   0x0000001c   Code   RO         2542    i.net_strnchr       Net_Dbg_CM3_L.lib(net_common.o)
    0x0801a176   0x0801a176   0x0000001a   Code   RO         2543    i.net_strncpy       Net_Dbg_CM3_L.lib(net_common.o)
    0x0801a190   0x0801a190   0x00000020   Code   RO         2544    i.net_strtoupper    Net_Dbg_CM3_L.lib(net_common.o)
    0x0801a1b0   0x0801a1b0   0x0000000c   Code   RO         2231    i.net_sys_lock      Net_Dbg_CM3_L.lib(net_sys.o)
    0x0801a1bc   0x0801a1bc   0x00000016   Code   RO         2232    i.net_sys_resume    Net_Dbg_CM3_L.lib(net_sys.o)
    0x0801a1d2   0x0801a1d2   0x00000002   PAD
    0x0801a1d4   0x0801a1d4   0x00000014   Code   RO         2234    i.net_sys_tick      Net_Dbg_CM3_L.lib(net_sys.o)
    0x0801a1e8   0x0801a1e8   0x0000000c   Code   RO         2235    i.net_sys_unlock    Net_Dbg_CM3_L.lib(net_sys.o)
    0x0801a1f4   0x0801a1f4   0x00000020   Code   RO         2237    i.net_sys_wakeup    Net_Dbg_CM3_L.lib(net_sys.o)
    0x0801a214   0x0801a214   0x00000084   Code   RO         1955    i.net_tcp_abort     Net_Dbg_CM3_L.lib(net_tcp.o)
    0x0801a298   0x0801a298   0x000000e4   Code   RO         1958    i.net_tcp_close     Net_Dbg_CM3_L.lib(net_tcp.o)
    0x0801a37c   0x0801a37c   0x0000002e   Code   RO         1961    i.net_tcp_get_buf   Net_Dbg_CM3_L.lib(net_tcp.o)
    0x0801a3aa   0x0801a3aa   0x00000002   PAD
    0x0801a3ac   0x0801a3ac   0x00000034   Code   RO         1963    i.net_tcp_get_local_port  Net_Dbg_CM3_L.lib(net_tcp.o)
    0x0801a3e0   0x0801a3e0   0x00000028   Code   RO         1964    i.net_tcp_get_mss   Net_Dbg_CM3_L.lib(net_tcp.o)
    0x0801a408   0x0801a408   0x00000054   Code   RO         1966    i.net_tcp_get_peer  Net_Dbg_CM3_L.lib(net_tcp.o)
    0x0801a45c   0x0801a45c   0x00000070   Code   RO         1968    i.net_tcp_get_socket  Net_Dbg_CM3_L.lib(net_tcp.o)
    0x0801a4cc   0x0801a4cc   0x0000002c   Code   RO         1969    i.net_tcp_get_state  Net_Dbg_CM3_L.lib(net_tcp.o)
    0x0801a4f8   0x0801a4f8   0x00000034   Code   RO         1970    i.net_tcp_get_timer  Net_Dbg_CM3_L.lib(net_tcp.o)
    0x0801a52c   0x0801a52c   0x000000b0   Code   RO         1971    i.net_tcp_listen    Net_Dbg_CM3_L.lib(net_tcp.o)
    0x0801a5dc   0x0801a5dc   0x000007a8   Code   RO         1973    i.net_tcp_process   Net_Dbg_CM3_L.lib(net_tcp.o)
    0x0801ad84   0x0801ad84   0x0000015c   Code   RO         1977    i.net_tcp_send      Net_Dbg_CM3_L.lib(net_tcp.o)
    0x0801aee0   0x0801aee0   0x0000012c   Code   RO         1979    i.net_tcp_set_option  Net_Dbg_CM3_L.lib(net_tcp.o)
    0x0801b00c   0x0801b00c   0x00000028   Code   RO         1980    i.net_tcp_socket_init  Net_Dbg_CM3_L.lib(net_tcp.o)
    0x0801b034   0x0801b034   0x000003c0   Code   RO         1981    i.net_tcp_socket_run  Net_Dbg_CM3_L.lib(net_tcp.o)
    0x0801b3f4   0x0801b3f4   0x00000028   Code   RO         1982    i.net_tcp_socket_uninit  Net_Dbg_CM3_L.lib(net_tcp.o)
    0x0801b41c   0x0801b41c   0x0000002e   Code   RO         1892    i.net_udp_get_buf   Net_Dbg_CM3_L.lib(net_udp.o)
    0x0801b44a   0x0801b44a   0x00000002   PAD
    0x0801b44c   0x0801b44c   0x00000070   Code   RO         1895    i.net_udp_get_socket  Net_Dbg_CM3_L.lib(net_udp.o)
    0x0801b4bc   0x0801b4bc   0x000000ac   Code   RO         1897    i.net_udp_open      Net_Dbg_CM3_L.lib(net_udp.o)
    0x0801b568   0x0801b568   0x00000158   Code   RO         1898    i.net_udp_process   Net_Dbg_CM3_L.lib(net_udp.o)
    0x0801b6c0   0x0801b6c0   0x0000022c   Code   RO         1901    i.net_udp_send_if   Net_Dbg_CM3_L.lib(net_udp.o)
    0x0801b8ec   0x0801b8ec   0x00000024   Code   RO         1903    i.net_udp_socket_init  Net_Dbg_CM3_L.lib(net_udp.o)
    0x0801b910   0x0801b910   0x00000024   Code   RO         1904    i.net_udp_socket_uninit  Net_Dbg_CM3_L.lib(net_udp.o)
    0x0801b934   0x0801b934   0x00000008   Code   RO         2545    i.net_ultoa         Net_Dbg_CM3_L.lib(net_common.o)
    0x0801b93c   0x0801b93c   0x00000030   Code   RO         2548    i.net_ultox         Net_Dbg_CM3_L.lib(net_common.o)
    0x0801b96c   0x0801b96c   0x0000004c   Code   RO         2549    i.net_xtoul         Net_Dbg_CM3_L.lib(net_common.o)
    0x0801b9b8   0x0801b9b8   0x0000001c   Code   RO         2204    i.ping_send_req     Net_Dbg_CM3_L.lib(net_ping_core.o)
    0x0801b9d4   0x0801b9d4   0x00000058   Code   RO         2129    i.proc_req_line     Net_Dbg_CM3_L.lib(net_http_server.o)
    0x0801ba2c   0x0801ba2c   0x0000001a   Code   RO         1846    i.que_free_list     Net_Dbg_CM3_L.lib(net_ip4_frag.o)
    0x0801ba46   0x0801ba46   0x000000a0   Code   RO         2130    i.read_script_line  Net_Dbg_CM3_L.lib(net_http_server.o)
    0x0801bae6   0x0801bae6   0x00000048   Code   RO         2131    i.search_delim      Net_Dbg_CM3_L.lib(net_http_server.o)
    0x0801bb2e   0x0801bb2e   0x00000018   Code   RO         2238    i.sys_map_if        Net_Dbg_CM3_L.lib(net_sys.o)
    0x0801bb46   0x0801bb46   0x00000002   PAD
    0x0801bb48   0x0801bb48   0x0000004c   Code   RO         2239    i.sys_proc_tick     Net_Dbg_CM3_L.lib(net_sys.o)
    0x0801bb94   0x0801bb94   0x00000110   Code   RO         1983    i.tcp_map_socket    Net_Dbg_CM3_L.lib(net_tcp.o)
    0x0801bca4   0x0801bca4   0x00000084   Code   RO         1984    i.tcp_parse_opt     Net_Dbg_CM3_L.lib(net_tcp.o)
    0x0801bd28   0x0801bd28   0x0000011c   Code   RO         1985    i.tcp_proc_acknr    Net_Dbg_CM3_L.lib(net_tcp.o)
    0x0801be44   0x0801be44   0x000000ac   Code   RO         1986    i.tcp_proc_dupack   Net_Dbg_CM3_L.lib(net_tcp.o)
    0x0801bef0   0x0801bef0   0x0000001a   Code   RO         1987    i.tcp_que_free      Net_Dbg_CM3_L.lib(net_tcp.o)
    0x0801bf0a   0x0801bf0a   0x0000001a   Code   RO         1988    i.tcp_que_init      Net_Dbg_CM3_L.lib(net_tcp.o)
    0x0801bf24   0x0801bf24   0x000000ac   Code   RO         1989    i.tcp_que_resend    Net_Dbg_CM3_L.lib(net_tcp.o)
    0x0801bfd0   0x0801bfd0   0x00000090   Code   RO         1990    i.tcp_send_ctrl     Net_Dbg_CM3_L.lib(net_tcp.o)
    0x0801c060   0x0801c060   0x0000007c   Code   RO         1991    i.tcp_send_data     Net_Dbg_CM3_L.lib(net_tcp.o)
    0x0801c0dc   0x0801c0dc   0x00000090   Code   RO         1992    i.tcp_send_reset    Net_Dbg_CM3_L.lib(net_tcp.o)
    0x0801c16c   0x0801c16c   0x00000044   Code   RO         1993    i.tcp_set_cwnd      Net_Dbg_CM3_L.lib(net_tcp.o)
    0x0801c1b0   0x0801c1b0   0x00000074   Code   RO         1994    i.tcp_transit       Net_Dbg_CM3_L.lib(net_tcp.o)
    0x0801c224   0x0801c224   0x0000010c   Code   RO         1995    i.tcp_write         Net_Dbg_CM3_L.lib(net_tcp.o)
    0x0801c330   0x0801c330   0x0000002c   Code   RO         1905    i.udp_port_in_use   Net_Dbg_CM3_L.lib(net_udp.o)
    0x0801c35c   0x0801c35c   0x00000044   Code   RO         2550    i.ul2str            Net_Dbg_CM3_L.lib(net_common.o)
    0x0801c3a0   0x0801c3a0   0x00000124   Code   RO         2132    i.utc_to_http       Net_Dbg_CM3_L.lib(net_http_server.o)
    0x0801c4c4   0x0801c4c4   0x00000024   Data   RO          152    .constdata          http_server.o
    0x0801c4e8   0x0801c4e8   0x000070c4   Data   RO          265    .constdata          web.o
    0x080235ac   0x080235ac   0x00000960   Data   RO          308    .constdata          lcd.o
    0x08023f0c   0x08023f0c   0x00000008   Data   RO          426    .constdata          buttons_nucleo_f429zi.o
    0x08023f14   0x08023f14   0x00000001   Data   RO          448    .constdata          irq_armv7m.o
    0x08023f15   0x08023f15   0x00000003   PAD
    0x08023f18   0x08023f18   0x00000068   Data   RO          635    .constdata          rtx_lib.o
    0x08023f80   0x08023f80   0x00000024   Data   RO          976    .constdata          phy_lan8742a.o
    0x08023fa4   0x08023fa4   0x00000094   Data   RO         1003    .constdata          emac_stm32f4xx.o
    0x08024038   0x08024038   0x00000080   Data   RO         1041    .constdata          spi_stm32f4xx.o
    0x080240b8   0x080240b8   0x00000018   Data   RO         1077    .constdata          eventrecorder.o
    0x080240d0   0x080240d0   0x00000008   Data   RO         1217    .constdata          stm32f4xx_hal_dma.o
    0x080240d8   0x080240d8   0x00000018   Data   RO         1561    .constdata          system_stm32f4xx.o
    0x080240f0   0x080240f0   0x0000028c   Data   RO         1594    .constdata          net_config.o
    0x0802437c   0x0802437c   0x00000008   Data   RO         1801    .constdata          Net_Dbg_CM3_L.lib(net_igmp.o)
    0x08024384   0x08024384   0x0000002c   Data   RO         1827    .constdata          Net_Dbg_CM3_L.lib(net_loopback.o)
    0x080243b0   0x080243b0   0x0000000c   Data   RO         1828    .constdata          Net_Dbg_CM3_L.lib(net_loopback.o)
    0x080243bc   0x080243bc   0x00000008   Data   RO         2065    .constdata          Net_Dbg_CM3_L.lib(net_nbns_client.o)
    0x080243c4   0x080243c4   0x000000fa   Data   RO         2134    .constdata          Net_Dbg_CM3_L.lib(net_http_server.o)
    0x080244be   0x080244be   0x00000012   Data   RO         2206    .constdata          Net_Dbg_CM3_L.lib(net_ping_core.o)
    0x080244d0   0x080244d0   0x00000010   Data   RO         2299    .constdata          Net_Dbg_CM3_L.lib(net_addr.o)
    0x080244e0   0x080244e0   0x00000006   Data   RO         2300    .constdata          Net_Dbg_CM3_L.lib(net_addr.o)
    0x080244e6   0x080244e6   0x00000004   Data   RO         2422    .constdata          Net_Dbg_CM3_L.lib(net_ip4.o)
    0x080244ea   0x080244ea   0x00000020   Data   RO         2457    .constdata          Net_Dbg_CM3_L.lib(net_ip6.o)
    0x0802450a   0x0802450a   0x00000002   PAD
    0x0802450c   0x0802450c   0x00000018   Data   RO         2497    .constdata          Net_Dbg_CM3_L.lib(net_http_server_err.o)
    0x08024524   0x08024524   0x00000010   Data   RO         2551    .constdata          Net_Dbg_CM3_L.lib(net_common.o)
    0x08024534   0x08024534   0x00000004   Data   RO         2581    .constdata          Net_Dbg_CM3_L.lib(net_version.o)
    0x08024538   0x08024538   0x000000da   Data   RO          230    .conststring        http_server_cgi.o
    0x08024612   0x08024612   0x00000002   PAD
    0x08024614   0x08024614   0x000000c5   Data   RO         1595    .conststring        net_config.o
    0x080246d9   0x080246d9   0x00000003   PAD
    0x080246dc   0x080246dc   0x00000203   Data   RO         2498    .conststring        Net_Dbg_CM3_L.lib(net_http_server_err.o)
    0x080248df   0x080248df   0x00000001   PAD
    0x080248e0   0x080248e0   0x0000000b   Data   RO          581    .conststrlit        rtx_kernel.o
    0x080248eb   0x080248eb   0x00000001   PAD
    0x080248ec   0x080248ec   0x000000a8   Data   RO          636    .rodata             rtx_lib.o
    0x08024994   0x08024994   0x00000030   Data   RO         2922    Region$$Table       anon$$obj.o


    Execution Region RW_IRAM2 (Exec base: 0x10000000, Load base: 0x08024afc, Size: 0x000004a4, Max: 0x00010000, ABSOLUTE)

    Exec Addr    Load Addr    Size         Type   Attr      Idx    E Section Name        Object

    0x10000000        -       0x000004a4   Zero   RW         1076    .bss.noinit         eventrecorder.o


    Execution Region RW_IRAM1 (Exec base: 0x20000000, Load base: 0x080249c4, Size: 0x0000f650, Max: 0x00030000, ABSOLUTE, COMPRESSED[0x00000138])

    Exec Addr    Load Addr    Size         Type   Attr      Idx    E Section Name        Object

    0x20000000   COMPRESSED   0x00008040   Data   RW          629    .bss.os             rtx_lib.o
    0x20008040   COMPRESSED   0x00000001   Data   RW          928    .bss.os             os_systick.o
    0x20008041   COMPRESSED   0x00000003   PAD
    0x20008044   COMPRESSED   0x00000034   Data   RW          630    .bss.os.msgqueue.cb  rtx_lib.o
    0x20008078   COMPRESSED   0x00000050   Data   RW          631    .bss.os.msgqueue.mem  rtx_lib.o
    0x200080c8   COMPRESSED   0x00000038   Data   RW         1590    .bss.os.mutex.cb    net_config.o
    0x20008100   COMPRESSED   0x00000010   Data   RW         1591    .bss.os.semaphore.cb  net_config.o
    0x20008110   COMPRESSED   0x00000088   Data   RW          632    .bss.os.thread.cb   rtx_lib.o
    0x20008198   COMPRESSED   0x00000088   Data   RW         1592    .bss.os.thread.cb   net_config.o
    0x20008220   COMPRESSED   0x00000200   Data   RW          633    .bss.os.thread.idle.stack  rtx_lib.o
    0x20008420   COMPRESSED   0x00000200   Data   RW          634    .bss.os.thread.timer.stack  rtx_lib.o
    0x20008620   COMPRESSED   0x00000020   Data   RW         1593    .bss.os.timer.cb    net_config.o
    0x20008640   COMPRESSED   0x00000004   Data   RW            5    .data               main.o
    0x20008644   COMPRESSED   0x00000038   Data   RW          153    .data               http_server.o
    0x2000867c   COMPRESSED   0x00000008   Data   RW          231    .data               http_server_cgi.o
    0x20008684   COMPRESSED   0x00000008   Data   RW          309    .data               lcd.o
    0x2000868c   COMPRESSED   0x00000005   Data   RW          375    .data               rtc.o
    0x20008691   COMPRESSED   0x00000001   Data   RW         1078    .data               eventrecorder.o
    0x20008692   COMPRESSED   0x00000002   PAD
    0x20008694   COMPRESSED   0x00000009   Data   RW         1111    .data               stm32f4xx_hal.o
    0x2000869d   COMPRESSED   0x00000003   PAD
    0x200086a0   COMPRESSED   0x00000004   Data   RW         1562    .data               system_stm32f4xx.o
    0x200086a4   COMPRESSED   0x0000000e   Data   RW         1596    .data               net_config.o
    0x200086b2   COMPRESSED   0x00000004   Data   RW         1802    .data               Net_Dbg_CM3_L.lib(net_igmp.o)
    0x200086b6   COMPRESSED   0x00000002   PAD
    0x200086b8   COMPRESSED   0x00000004   Data   RW         1829    .data               Net_Dbg_CM3_L.lib(net_loopback.o)
    0x200086bc   COMPRESSED   0x00000004   Data   RW         1847    .data               Net_Dbg_CM3_L.lib(net_ip4_frag.o)
    0x200086c0   COMPRESSED   0x00000001   Data   RW         1865    .data               Net_Dbg_CM3_L.lib(net_icmp.o)
    0x200086c1   COMPRESSED   0x00000001   PAD
    0x200086c2   COMPRESSED   0x00000002   Data   RW         1907    .data               Net_Dbg_CM3_L.lib(net_udp.o)
    0x200086c4   COMPRESSED   0x00000004   Data   RW         1998    .data               Net_Dbg_CM3_L.lib(net_tcp.o)
    0x200086c8   COMPRESSED   0x00000001   Data   RW         2066    .data               Net_Dbg_CM3_L.lib(net_nbns_client.o)
    0x200086c9   COMPRESSED   0x00000003   PAD
    0x200086cc   COMPRESSED   0x0000000c   Data   RW         2135    .data               Net_Dbg_CM3_L.lib(net_http_server.o)
    0x200086d8   COMPRESSED   0x00000008   Data   RW         2423    .data               Net_Dbg_CM3_L.lib(net_ip4.o)
    0x200086e0   COMPRESSED   0x00000004   Data   RW         2459    .data               Net_Dbg_CM3_L.lib(net_ip6.o)
    0x200086e4   COMPRESSED   0x000000a4   Data   RW          582    .data.os            rtx_kernel.o
    0x20008788        -       0x00000448   Zero   RW          151    .bss                http_server.o
    0x20008bd0        -       0x00000038   Zero   RW          229    .bss                http_server_cgi.o
    0x20008c08        -       0x00000254   Zero   RW          307    .bss                lcd.o
    0x20008e5c        -       0x000000ac   Zero   RW          374    .bss                rtc.o
    0x20008f08        -       0x0000000c   Zero   RW          975    .bss                phy_lan8742a.o
    0x20008f14        -       0x000024cc   Zero   RW         1002    .bss                emac_stm32f4xx.o
    0x2000b3e0        -       0x0000002c   Zero   RW         1040    .bss                spi_stm32f4xx.o
    0x2000b40c   COMPRESSED   0x00000004   PAD
    0x2000b410        -       0x00003bd8   Zero   RW         1589    .bss                net_config.o
    0x2000efe8        -       0x000000a0   Zero   RW         1691    .bss                Net_Dbg_CM3_L.lib(net_eth.o)
    0x2000f088        -       0x00000018   Zero   RW         1751    .bss                Net_Dbg_CM3_L.lib(net_arp.o)
    0x2000f0a0        -       0x0000001c   Zero   RW         1906    .bss                Net_Dbg_CM3_L.lib(net_udp.o)
    0x2000f0bc        -       0x00000098   Zero   RW         2133    .bss                Net_Dbg_CM3_L.lib(net_http_server.o)
    0x2000f154        -       0x0000002c   Zero   RW         2205    .bss                Net_Dbg_CM3_L.lib(net_ping_core.o)
    0x2000f180        -       0x00000038   Zero   RW         2240    .bss                Net_Dbg_CM3_L.lib(net_sys.o)
    0x2000f1b8        -       0x00000024   Zero   RW         2241    .bss                Net_Dbg_CM3_L.lib(net_sys.o)
    0x2000f1dc        -       0x0000005c   Zero   RW         2298    .bss                Net_Dbg_CM3_L.lib(net_addr.o)
    0x2000f238        -       0x00000014   Zero   RW         2513    .bss                Net_Dbg_CM3_L.lib(net_mem.o)
    0x2000f24c   COMPRESSED   0x00000004   PAD
    0x2000f250        -       0x00000400   Zero   RW         1550    STACK               startup_stm32f429xx.o


==============================================================================

Image component sizes


      Code (inc. data)   RO Data    RW Data    ZI Data      Debug   Object Name

       320         18          0          0          0       1816   adc.o
       188         10          8          0          0       2408   buttons_nucleo_f429zi.o
      3340        204        148          0       9420      47094   emac_stm32f4xx.o
      1692         44         24          1       1188      17068   eventrecorder.o
       376         62         36         56       1096      16043   http_server.o
      2440        456        218          8         56       7576   http_server_cgi.o
       148          8          1          0          0        620   irq_armv7m.o
      1364         66       2400          8        596       4981   lcd.o
       476         26          0          0          0       2128   leds.o
       312         30          0          4          0     798659   main.o
       360         26        849        254      15320      32126   net_config.o
       336          0          0          0          0        814   net_debug.o
       220         14          0          1          0       1948   os_systick.o
       548          8         36          0         12       6826   phy_lan8742a.o
       476         64          0          5        172       2424   rtc.o
        36          6          0          0          0        651   rtx_config.o
       284         12          0          0          0      17890   rtx_delay.o
      3544        106          0          0          0      52793   rtx_evr.o
      2224        100         11        164          0      27456   rtx_kernel.o
        24          0        272      34124          0       9867   rtx_lib.o
       478          0          0          0          0       3003   rtx_memory.o
      2284         46          0          0          0      15168   rtx_mempool.o
      3280         60          0          0          0      23524   rtx_msgqueue.o
      1604         30          0          0          0       9902   rtx_mutex.o
      1658         34          0          0          0      11988   rtx_semaphore.o
       772         20          0          0          0       8321   rtx_system.o
      5812        150          0          0          0      32057   rtx_thread.o
      1336         36          0          0          0      10161   rtx_timer.o
      4116        112        128          0         44      43779   spi_stm32f4xx.o
        36          8        428          0       1024        816   startup_stm32f429xx.o
       528         46          0          9          0      11407   stm32f4xx_hal.o
      3240        100          0          0          0       8647   stm32f4xx_hal_adc.o
      2196         52          0          0          0       6554   stm32f4xx_hal_adc_ex.o
       900         20          0          0          0      36086   stm32f4xx_hal_cortex.o
      2224         28          8          0          0       7125   stm32f4xx_hal_dma.o
       996         52          0          0          0       3691   stm32f4xx_hal_gpio.o
       132          8          0          0          0       1112   stm32f4xx_hal_msp.o
       476         22          0          0          0       3579   stm32f4xx_hal_pwr.o
      2356         70          0          0          0       5427   stm32f4xx_hal_rcc.o
      1844         66          0          0          0       4113   stm32f4xx_hal_rcc_ex.o
      2936         26          0          0          0       8257   stm32f4xx_hal_rtc.o
      3558         22          0          0          0      12961   stm32f4xx_hal_rtc_ex.o
     11122        182          0          0          0      34980   stm32f4xx_hal_tim.o
      3716         68          0          0          0      13272   stm32f4xx_hal_tim_ex.o
       204         24         24          4          0       1633   system_stm32f4xx.o
       136          8      28868          0          0       1624   web.o

    ----------------------------------------------------------------------
     76656       2550      33516      34646      28932    1370375   Object Totals
         0          0         48          0          0          0   (incl. Generated)
         8          0          9          8          4          0   (incl. Padding)

    ----------------------------------------------------------------------

      Code (inc. data)   RO Data    RW Data    ZI Data      Debug   Library Member Name

      1414         18         22          0         92       1556   net_addr.o
      2938        152          0          0         24       1628   net_arp.o
       600         10         16          0          0       1272   net_common.o
      3816        150          0          0        160       1756   net_eth.o
      6946       1282        250         12        152       2940   net_http_server.o
         0          0        539          0          0          0   net_http_server_err.o
       640         48          0          1          0        236   net_icmp.o
       812         60          0          0          0        332   net_icmp6.o
      1028         54          8          4          0        760   net_igmp.o
      1220         92          4          8          0       1032   net_ip4.o
       706         34          0          4          0        544   net_ip4_frag.o
       876         80         32          4          0        720   net_ip6.o
       388         36         56          4          0        336   net_loopback.o
       592         64          0          0         20        564   net_mem.o
       576         58          8          1          0        268   net_nbns_client.o
      3058        106          0          0          0       1404   net_ndp.o
       220         40         18          0         44        300   net_ping_core.o
       834         84          0          0         92       1012   net_sys.o
      6606        292          0          4          0       2808   net_tcp.o
      1346         78          0          2         28        700   net_udp.o
         0          0          4          0          0          0   net_version.o
        86          0          0          0          0          0   __dczerorl2.o
         0          0          0          0          0          0   entry.o
         0          0          0          0          0          0   entry10a.o
         0          0          0          0          0          0   entry11a.o
         4          0          0          0          0          0   entry12b.o
         8          4          0          0          0          0   entry2.o
         4          0          0          0          0          0   entry5.o
         0          0          0          0          0          0   entry7b.o
         0          0          0          0          0          0   entry8b.o
         8          4          0          0          0          0   entry9a.o
        30          0          0          0          0          0   handlers.o
        36          8          0          0          0         68   init.o
         0          0          0          0          0          0   iusefp.o
        30          0          0          0          0         68   llshl.o
        36          0          0          0          0         68   llsshr.o
        32          0          0          0          0         68   llushr.o
        26          0          0          0          0         80   memcmp.o
        36          0          0          0          0         68   memcpya.o
        36          0          0          0          0        108   memseta.o
      2236         86          0          0          0        532   printfa.o
        28          0          0          0          0         76   strcmp.o
        18          0          0          0          0         68   strcpy.o
        14          0          0          0          0         68   strlen.o
        30          0          0          0          0         80   strncmp.o
        44          0          0          0          0         80   uidiv.o
        98          0          0          0          0         92   uldiv.o
        48          0          0          0          0         68   cdrcmple.o
       334          0          0          0          0        148   dadd.o
       222          0          0          0          0        100   ddiv.o
       186          0          0          0          0        176   depilogue.o
        48          0          0          0          0         68   dfixul.o
       228          0          0          0          0         96   dmul.o
        38          0          0          0          0         68   f2d.o
       110          0          0          0          0        168   fepilogue.o
        10          0          0          0          0         68   ffltui.o
       100          0          0          0          0         76   fmul.o

    ----------------------------------------------------------------------
     38824       2840        960         50        616      22728   Library Totals
        44          0          3          6          4          0   (incl. Padding)

    ----------------------------------------------------------------------

      Code (inc. data)   RO Data    RW Data    ZI Data      Debug   Library Name

     34616       2738        957         44        612      20168   Net_Dbg_CM3_L.lib
      2840        102          0          0          0       1524   mc_w.l
      1324          0          0          0          0       1036   mf_w.l

    ----------------------------------------------------------------------
     38824       2840        960         50        616      22728   Library Totals

    ----------------------------------------------------------------------

==============================================================================


      Code (inc. data)   RO Data    RW Data    ZI Data      Debug   

    115480       5390      34476      34696      29548    1374927   Grand Totals
    115480       5390      34476        312      29548    1374927   ELF Image Totals (compressed)
    115480       5390      34476        312          0          0   ROM Totals

==============================================================================

    Total RO  Size (Code + RO Data)               149956 ( 146.44kB)
    Total RW  Size (RW Data + ZI Data)             64244 (  62.74kB)
    Total ROM Size (Code + RO Data + RW Data)     150268 ( 146.75kB)

==============================================================================

